07-04 13:05:17.470   182   182 E keystore2:     2: system/security/keystore2/src/super_key.rs:762: User ECDH key missing.
07-04 13:05:17.470   182   182 E keystore2:     3: Error::Rc(r#SYSTEM_ERROR)
07-04 13:05:17.744  1265  2714 E hmtk    : RuntimeException while executing runnable hmtz{apcr@916f660} with executor MoreExecutors.directExecutor()
07-04 13:05:17.744  1265  2714 E hmtk    : java.lang.NullPointerException: Attempt to get length of null array
07-04 13:05:17.744  1265  2714 E hmtk    : 	at android.util.Base64.encode(Base64.java:496)
07-04 13:05:17.744  1265  2714 E hmtk    : 	at android.util.Base64.encodeToString(Base64.java:458)
07-04 13:05:17.744  1265  2714 E hmtk    : 	at com.google.android.gms.auth.proximity.RemoteDevice.a(:com.google.android.gms@262434032@26.24.34 (190800-938041327):3)
07-04 13:05:17.744  1265  2714 E hmtk    : 	at apcr.b(:com.google.android.gms@262434032@26.24.34 (190800-938041327):3)
07-04 13:05:17.744  1265  2714 E hmtk    : 	at hmtz.run(:com.google.android.gms@262434032@26.24.34 (190800-938041327):38)
07-04 13:05:17.744  1265  2714 E hmtk    : 	at hmtg.execute(:com.google.android.gms@262434032@26.24.34 (190800-938041327):1)
07-04 13:05:17.744  1265  2714 E hmtk    : 	at hmtk.c(:com.google.android.gms@262434032@26.24.34 (190800-938041327):1)
07-04 13:05:17.744  1265  2714 E hmtk    : 	at hmtk.b(:com.google.android.gms@262434032@26.24.34 (190800-938041327):34)
07-04 13:05:17.744  1265  2714 E hmtk    : 	at bkhw.done(:com.google.android.gms@262434032@26.24.34 (190800-938041327):6)
07-04 13:05:17.744  1265  2714 E hmtk    : 	at java.util.concurrent.FutureTask.finishCompletion(FutureTask.java:381)
07-04 13:05:17.744  1265  2714 E hmtk    : 	at java.util.concurrent.FutureTask.set(FutureTask.java:232)
07-04 13:05:17.744  1265  2714 E hmtk    : 	at java.util.concurrent.FutureTask.run(FutureTask.java:272)
07-04 13:05:17.744  1265  2714 E hmtk    : 	at bkhr.c(:com.google.android.gms@262434032@26.24.34 (190800-938041327):50)
07-04 13:05:17.744  1265  2714 E hmtk    : 	at bkhr.run(:com.google.android.gms@262434032@26.24.34 (190800-938041327):66)
07-04 13:05:17.744  1265  2714 E hmtk    : 	at java.util.concurrent.ThreadPoolExecutor.runWorker(ThreadPoolExecutor.java:1145)
07-04 13:05:17.744  1265  2714 E hmtk    : 	at java.util.concurrent.ThreadPoolExecutor$Worker.run(ThreadPoolExecutor.java:644)
07-04 13:05:17.744  1265  2714 E hmtk    : 	at bkni.run(:com.google.android.gms@262434032@26.24.34 (190800-938041327):8)
07-04 13:05:17.744  1265  2714 E hmtk    : 	at java.lang.Thread.run(Thread.java:1012)
07-04 13:05:18.000  1557  4175 E IPCThreadState: Binder transaction failure: 189850/29201/-28
07-04 13:05:18.000  1557  4175 E JavaBinder: !!! FAILED BINDER TRANSACTION !!!  (parcel size = 1056768)
07-04 13:05:18.352  1557  4176 E Dck     : Could not get ProviderInfo when resolving the content provider authority. [CONTEXT service_id=289 ]
07-04 13:05:19.527  1249  3607 E RoleControllerServiceImpl: Default/fallback role holder package doesn't qualify for the role, package: com.google.android.gms.supervision, role: android.app.role.SYSTEM_SUPERVISION
07-04 13:05:19.644  1249  3607 E RoleControllerServiceImpl: Default/fallback role holder package doesn't qualify for the role, package: com.google.android.gms, role: android.app.role.SYSTEM_CALL_STREAMING
07-04 13:05:19.765   545   591 E system_server: No package ID 7f found for resource ID 0x7f08060c.
07-04 13:05:19.765   545   591 E system_server: No package ID 7f found for resource ID 0x7f15043b.
07-04 13:05:20.076  3214  3273 E RkpdServerInterface: Server connection failed for url: https://remoteprovisioning.googleapis.com/v1:signCertificates?challenge=AAABny075cUBILStY2hx0mBBou11De3EHve1ekE=&request_id=8a76003e-ad4f-4b32-a6e0-17ab2e4e1dae, response code: 400
07-04 13:05:20.076  3214  3273 E RkpdServerInterface: Repeated failure count: 1
07-04 13:05:20.077  3214  3273 E RkpdServerInterface: {
07-04 13:05:20.077  3214  3273 E RkpdServerInterface:   "error": {
07-04 13:05:20.077  3214  3273 E RkpdServerInterface:     "code": 400,
07-04 13:05:20.077  3214  3273 E RkpdServerInterface:     "message": "Invalid request payload: vendor_patch_level`0` should be in the format YYYYMMDD or YYYYMM if present.\nRequestId: 8a76003e-ad4f-4b32-a6e0-17ab2e4e1dae",
07-04 13:05:20.077  3214  3273 E RkpdServerInterface:     "status": "INVALID_ARGUMENT"
07-04 13:05:20.077  3214  3273 E RkpdServerInterface:   }
07-04 13:05:20.077  3214  3273 E RkpdServerInterface: }
07-04 13:05:20.078  3214  3273 E RkpdRegistrationBinder: RKPD failed to provision keys
07-04 13:05:20.078  3214  3273 E RkpdRegistrationBinder: com.android.rkpdapp.RkpdException: HTTP error status encountered: 400
07-04 13:05:20.078  3214  3273 E RkpdRegistrationBinder: 	at com.android.rkpdapp.interfaces.ServerInterface.requestData(ServerInterface.java:341)
07-04 13:05:20.078  3214  3273 E RkpdRegistrationBinder: 	at com.android.rkpdapp.interfaces.ServerInterface.connectAndGetData(ServerInterface.java:287)
07-04 13:05:20.078  3214  3273 E RkpdRegistrationBinder: 	at com.android.rkpdapp.interfaces.ServerInterface.requestSignedCertificates(ServerInterface.java:121)
07-04 13:05:20.078  3214  3273 E RkpdRegistrationBinder: 	at com.android.rkpdapp.provisioner.Provisioner.batchProvision(Provisioner.java:157)
07-04 13:05:20.078  3214  3273 E RkpdRegistrationBinder: 	at com.android.rkpdapp.provisioner.Provisioner.fetchCertificates(Provisioner.java:136)
07-04 13:05:20.078  3214  3273 E RkpdRegistrationBinder: 	at com.android.rkpdapp.provisioner.Provisioner.provisionKeys(Provisioner.java:89)
07-04 13:05:20.078  3214  3273 E RkpdRegistrationBinder: 	at com.android.rkpdapp.service.RegistrationBinder.fetchGeekAndProvisionKeys(RegistrationBinder.java:151)
07-04 13:05:20.078  3214  3273 E RkpdRegistrationBinder: 	at com.android.rkpdapp.service.RegistrationBinder.getKeyWorker(RegistrationBinder.java:117)
07-04 13:05:20.078  3214  3273 E RkpdRegistrationBinder: 	at com.android.rkpdapp.service.RegistrationBinder.getKeyThreadWorker(RegistrationBinder.java:235)
07-04 13:05:20.078  3214  3273 E RkpdRegistrationBinder: 	at com.android.rkpdapp.service.RegistrationBinder.lambda$getKey$3(RegistrationBinder.java:223)
07-04 13:05:20.078  3214  3273 E RkpdRegistrationBinder: 	at com.android.rkpdapp.service.RegistrationBinder.$r8$lambda$TliFA5y2_wUzHwCyn77kum7XL5E(RegistrationBinder.java:0)
07-04 13:05:20.078  3214  3273 E RkpdRegistrationBinder: 	at com.android.rkpdapp.service.RegistrationBinder$$ExternalSyntheticLambda9.run(R8$$SyntheticClass:0)
07-04 13:05:20.078  3214  3273 E RkpdRegistrationBinder: 	at java.util.concurrent.Executors$RunnableAdapter.call(Executors.java:487)
07-04 13:05:20.078  3214  3273 E RkpdRegistrationBinder: 	at java.util.concurrent.FutureTask.run(FutureTask.java:264)
07-04 13:05:20.078  3214  3273 E RkpdRegistrationBinder: 	at java.util.concurrent.ThreadPoolExecutor.runWorker(ThreadPoolExecutor.java:1145)
07-04 13:05:20.078  3214  3273 E RkpdRegistrationBinder: 	at java.util.concurrent.ThreadPoolExecutor$Worker.run(ThreadPoolExecutor.java:644)
07-04 13:05:20.078  3214  3273 E RkpdRegistrationBinder: 	at java.lang.Thread.run(Thread.java:1012)
07-04 13:05:20.078   545   545 E RemoteProvisionSysSvc: RKP error fetching key for client 198437404: ERROR_UNKNOWN: HTTP error status encountered: 400
07-04 13:05:20.079   182   191 E keystore2: system/security/keystore2/src/rkpd_client.rs:172 - IGetKeyCallback failed: ERROR_UNKNOWN: HTTP error status encountered: 400
07-04 13:05:20.120  2983  4531 E ActivityThread: Failed to find provider info for androidx.car.app.connection
07-04 13:05:20.139   545   591 E system_server: No package ID 7f found for resource ID 0x7f080107.
07-04 13:05:20.139   545   591 E system_server: No package ID 7f found for resource ID 0x7f150560.
07-04 13:05:20.536  3639  3820 E GoogleApiManager: Failed to get service from broker. 
07-04 13:05:20.536  3639  3820 E GoogleApiManager: java.lang.SecurityException: Unknown calling package name 'com.google.android.gms'.
07-04 13:05:20.536  3639  3820 E GoogleApiManager: 	at android.os.Parcel.createExceptionOrNull(Parcel.java:3057)
07-04 13:05:20.536  3639  3820 E GoogleApiManager: 	at android.os.Parcel.createException(Parcel.java:3041)
07-04 13:05:20.536  3639  3820 E GoogleApiManager: 	at android.os.Parcel.readException(Parcel.java:3024)
07-04 13:05:20.536  3639  3820 E GoogleApiManager: 	at android.os.Parcel.readException(Parcel.java:2966)
07-04 13:05:20.536  3639  3820 E GoogleApiManager: 	at bjno.a(:com.google.android.gms@262434032@26.24.34 (190800-938041327):36)
07-04 13:05:20.536  3639  3820 E GoogleApiManager: 	at bjlk.y(:com.google.android.gms@262434032@26.24.34 (190800-938041327):143)
07-04 13:05:20.536  3639  3820 E GoogleApiManager: 	at birk.run(:com.google.android.gms@262434032@26.24.34 (190800-938041327):42)
07-04 13:05:20.536  3639  3820 E GoogleApiManager: 	at android.os.Handler.handleCallback(Handler.java:958)
07-04 13:05:20.536  3639  3820 E GoogleApiManager: 	at android.os.Handler.dispatchMessage(Handler.java:99)
07-04 13:05:20.536  3639  3820 E GoogleApiManager: 	at daal.mS(:com.google.android.gms@262434032@26.24.34 (190800-938041327):1)
07-04 13:05:20.536  3639  3820 E GoogleApiManager: 	at daal.dispatchMessage(:com.google.android.gms@262434032@26.24.34 (190800-938041327):5)
07-04 13:05:20.536  3639  3820 E GoogleApiManager: 	at android.os.Looper.loopOnce(Looper.java:205)
07-04 13:05:20.536  3639  3820 E GoogleApiManager: 	at android.os.Looper.loop(Looper.java:294)
07-04 13:05:20.536  3639  3820 E GoogleApiManager: 	at android.os.HandlerThread.run(HandlerThread.java:67)
07-04 13:05:20.623  1249  3607 E RoleControllerServiceImpl: Default/fallback role holder package doesn't qualify for the role, package: com.google.android.gms.supervision, role: android.app.role.SYSTEM_SUPERVISION
07-04 13:05:20.625  1249  3607 E RoleControllerServiceImpl: Default/fallback role holder package doesn't qualify for the role, package: com.google.android.gms, role: android.app.role.SYSTEM_CALL_STREAMING
07-04 13:05:22.856  3214  3604 E RkpdServerInterface: Server connection failed for url: https://remoteprovisioning.googleapis.com/v1:signCertificates?challenge=AAABny078J0BILStY_cZxpQXVqoY0ld7NWESdDw=&request_id=f0641585-5f06-45d3-b4fe-383da5fda9d5, response code: 400
07-04 13:05:22.856  3214  3604 E RkpdServerInterface: Repeated failure count: 1
07-04 13:05:22.856  3214  3604 E RkpdServerInterface: {
07-04 13:05:22.856  3214  3604 E RkpdServerInterface:   "error": {
07-04 13:05:22.856  3214  3604 E RkpdServerInterface:     "code": 400,
07-04 13:05:22.856  3214  3604 E RkpdServerInterface:     "message": "Invalid request payload: vendor_patch_level`0` should be in the format YYYYMMDD or YYYYMM if present.\nRequestId: f0641585-5f06-45d3-b4fe-383da5fda9d5",
07-04 13:05:22.856  3214  3604 E RkpdServerInterface:     "status": "INVALID_ARGUMENT"
07-04 13:05:22.856  3214  3604 E RkpdServerInterface:   }
07-04 13:05:22.856  3214  3604 E RkpdServerInterface: }
07-04 13:05:22.859  3214  3604 E RkpdRegistrationBinder: RKPD failed to provision keys
07-04 13:05:22.859  3214  3604 E RkpdRegistrationBinder: com.android.rkpdapp.RkpdException: HTTP error status encountered: 400
07-04 13:05:22.859  3214  3604 E RkpdRegistrationBinder: 	at com.android.rkpdapp.interfaces.ServerInterface.requestData(ServerInterface.java:341)
07-04 13:05:22.859  3214  3604 E RkpdRegistrationBinder: 	at com.android.rkpdapp.interfaces.ServerInterface.connectAndGetData(ServerInterface.java:287)
07-04 13:05:22.859  3214  3604 E RkpdRegistrationBinder: 	at com.android.rkpdapp.interfaces.ServerInterface.requestSignedCertificates(ServerInterface.java:121)
07-04 13:05:22.859  3214  3604 E RkpdRegistrationBinder: 	at com.android.rkpdapp.provisioner.Provisioner.batchProvision(Provisioner.java:157)
07-04 13:05:22.859  3214  3604 E RkpdRegistrationBinder: 	at com.android.rkpdapp.provisioner.Provisioner.fetchCertificates(Provisioner.java:136)
07-04 13:05:22.859  3214  3604 E RkpdRegistrationBinder: 	at com.android.rkpdapp.provisioner.Provisioner.provisionKeys(Provisioner.java:89)
07-04 13:05:22.859  3214  3604 E RkpdRegistrationBinder: 	at com.android.rkpdapp.service.RegistrationBinder.fetchGeekAndProvisionKeys(RegistrationBinder.java:151)
07-04 13:05:22.859  3214  3604 E RkpdRegistrationBinder: 	at com.android.rkpdapp.service.RegistrationBinder.getKeyWorker(RegistrationBinder.java:117)
07-04 13:05:22.859  3214  3604 E RkpdRegistrationBinder: 	at com.android.rkpdapp.service.RegistrationBinder.getKeyThreadWorker(RegistrationBinder.java:235)
07-04 13:05:22.859  3214  3604 E RkpdRegistrationBinder: 	at com.android.rkpdapp.service.RegistrationBinder.lambda$getKey$3(RegistrationBinder.java:223)
07-04 13:05:22.859  3214  3604 E RkpdRegistrationBinder: 	at com.android.rkpdapp.service.RegistrationBinder.$r8$lambda$TliFA5y2_wUzHwCyn77kum7XL5E(RegistrationBinder.java:0)
07-04 13:05:22.859  3214  3604 E RkpdRegistrationBinder: 	at com.android.rkpdapp.service.RegistrationBinder$$ExternalSyntheticLambda9.run(R8$$SyntheticClass:0)
07-04 13:05:22.859  3214  3604 E RkpdRegistrationBinder: 	at java.util.concurrent.Executors$RunnableAdapter.call(Executors.java:487)
07-04 13:05:22.859  3214  3604 E RkpdRegistrationBinder: 	at java.util.concurrent.FutureTask.run(FutureTask.java:264)
07-04 13:05:22.859  3214  3604 E RkpdRegistrationBinder: 	at java.util.concurrent.ThreadPoolExecutor.runWorker(ThreadPoolExecutor.java:1145)
07-04 13:05:22.859  3214  3604 E RkpdRegistrationBinder: 	at java.util.concurrent.ThreadPoolExecutor$Worker.run(ThreadPoolExecutor.java:644)
07-04 13:05:22.859  3214  3604 E RkpdRegistrationBinder: 	at java.lang.Thread.run(Thread.java:1012)
07-04 13:05:22.859   545   545 E RemoteProvisionSysSvc: RKP error fetching key for client 79237509: ERROR_UNKNOWN: HTTP error status encountered: 400
07-04 13:05:22.859   182   196 E keystore2: system/security/keystore2/src/rkpd_client.rs:172 - IGetKeyCallback failed: ERROR_UNKNOWN: HTTP error status encountered: 400
07-04 13:05:23.188  3214  3271 E RkpdServerInterface: Server connection failed for url: https://remoteprovisioning.googleapis.com/v1:signCertificates?challenge=AAABny078gMBILStY3pp6-5KHYye-iIGhtnthr4=&request_id=5dcc71f2-1b54-4775-b6fd-c7e925e6fa8f, response code: 400
07-04 13:05:23.188  3214  3271 E RkpdServerInterface: Repeated failure count: 1
07-04 13:05:23.188  3214  3271 E RkpdServerInterface: {
07-04 13:05:23.188  3214  3271 E RkpdServerInterface:   "error": {
07-04 13:05:23.188  3214  3271 E RkpdServerInterface:     "code": 400,
07-04 13:05:23.188  3214  3271 E RkpdServerInterface:     "message": "Invalid request payload: vendor_patch_level`0` should be in the format YYYYMMDD or YYYYMM if present.\nRequestId: 5dcc71f2-1b54-4775-b6fd-c7e925e6fa8f",
07-04 13:05:23.188  3214  3271 E RkpdServerInterface:     "status": "INVALID_ARGUMENT"
07-04 13:05:23.188  3214  3271 E RkpdServerInterface:   }
07-04 13:05:23.188  3214  3271 E RkpdServerInterface: }
07-04 13:05:23.189  3214  3271 E RkpdRegistrationBinder: RKPD failed to provision keys
07-04 13:05:23.189  3214  3271 E RkpdRegistrationBinder: com.android.rkpdapp.RkpdException: HTTP error status encountered: 400
07-04 13:05:23.189  3214  3271 E RkpdRegistrationBinder: 	at com.android.rkpdapp.interfaces.ServerInterface.requestData(ServerInterface.java:341)
07-04 13:05:23.189  3214  3271 E RkpdRegistrationBinder: 	at com.android.rkpdapp.interfaces.ServerInterface.connectAndGetData(ServerInterface.java:287)
07-04 13:05:23.189  3214  3271 E RkpdRegistrationBinder: 	at com.android.rkpdapp.interfaces.ServerInterface.requestSignedCertificates(ServerInterface.java:121)
07-04 13:05:23.189  3214  3271 E RkpdRegistrationBinder: 	at com.android.rkpdapp.provisioner.Provisioner.batchProvision(Provisioner.java:157)
07-04 13:05:23.189  3214  3271 E RkpdRegistrationBinder: 	at com.android.rkpdapp.provisioner.Provisioner.fetchCertificates(Provisioner.java:136)
07-04 13:05:23.189  3214  3271 E RkpdRegistrationBinder: 	at com.android.rkpdapp.provisioner.Provisioner.provisionKeys(Provisioner.java:89)
07-04 13:05:23.189  3214  3271 E RkpdRegistrationBinder: 	at com.android.rkpdapp.service.RegistrationBinder.fetchGeekAndProvisionKeys(RegistrationBinder.java:151)
07-04 13:05:23.189  3214  3271 E RkpdRegistrationBinder: 	at com.android.rkpdapp.service.RegistrationBinder.getKeyWorker(RegistrationBinder.java:117)
07-04 13:05:23.189  3214  3271 E RkpdRegistrationBinder: 	at com.android.rkpdapp.service.RegistrationBinder.getKeyThreadWorker(RegistrationBinder.java:235)
07-04 13:05:23.189  3214  3271 E RkpdRegistrationBinder: 	at com.android.rkpdapp.service.RegistrationBinder.lambda$getKey$3(RegistrationBinder.java:223)
07-04 13:05:23.189  3214  3271 E RkpdRegistrationBinder: 	at com.android.rkpdapp.service.RegistrationBinder.$r8$lambda$TliFA5y2_wUzHwCyn77kum7XL5E(RegistrationBinder.java:0)
07-04 13:05:23.189  3214  3271 E RkpdRegistrationBinder: 	at com.android.rkpdapp.service.RegistrationBinder$$ExternalSyntheticLambda9.run(R8$$SyntheticClass:0)
07-04 13:05:23.189  3214  3271 E RkpdRegistrationBinder: 	at java.util.concurrent.Executors$RunnableAdapter.call(Executors.java:487)
07-04 13:05:23.189  3214  3271 E RkpdRegistrationBinder: 	at java.util.concurrent.FutureTask.run(FutureTask.java:264)
07-04 13:05:23.189  3214  3271 E RkpdRegistrationBinder: 	at java.util.concurrent.ThreadPoolExecutor.runWorker(ThreadPoolExecutor.java:1145)
07-04 13:05:23.189  3214  3271 E RkpdRegistrationBinder: 	at java.util.concurrent.ThreadPoolExecutor$Worker.run(ThreadPoolExecutor.java:644)
07-04 13:05:23.189  3214  3271 E RkpdRegistrationBinder: 	at java.lang.Thread.run(Thread.java:1012)
07-04 13:05:23.190   545   545 E RemoteProvisionSysSvc: RKP error fetching key for client 192081510: ERROR_UNKNOWN: HTTP error status encountered: 400
07-04 13:05:23.190   182   182 E keystore2: system/security/keystore2/src/rkpd_client.rs:172 - IGetKeyCallback failed: ERROR_UNKNOWN: HTTP error status encountered: 400
07-04 13:05:23.636  3697  4117 E GoogleApiManager: Failed to get service from broker. 
07-04 13:05:23.636  3697  4117 E GoogleApiManager: java.lang.SecurityException: Unknown calling package name 'com.google.android.gms'.
07-04 13:05:23.636  3697  4117 E GoogleApiManager: 	at android.os.Parcel.createExceptionOrNull(Parcel.java:3057)
07-04 13:05:23.636  3697  4117 E GoogleApiManager: 	at android.os.Parcel.createException(Parcel.java:3041)
07-04 13:05:23.636  3697  4117 E GoogleApiManager: 	at android.os.Parcel.readException(Parcel.java:3024)
07-04 13:05:23.636  3697  4117 E GoogleApiManager: 	at android.os.Parcel.readException(Parcel.java:2966)
07-04 13:05:23.636  3697  4117 E GoogleApiManager: 	at bjno.a(:com.google.android.gms@262434032@26.24.34 (190800-938041327):36)
07-04 13:05:23.636  3697  4117 E GoogleApiManager: 	at bjlk.y(:com.google.android.gms@262434032@26.24.34 (190800-938041327):143)
07-04 13:05:23.636  3697  4117 E GoogleApiManager: 	at birk.run(:com.google.android.gms@262434032@26.24.34 (190800-938041327):42)
07-04 13:05:23.636  3697  4117 E GoogleApiManager: 	at android.os.Handler.handleCallback(Handler.java:958)
07-04 13:05:23.636  3697  4117 E GoogleApiManager: 	at android.os.Handler.dispatchMessage(Handler.java:99)
07-04 13:05:23.636  3697  4117 E GoogleApiManager: 	at daal.mS(:com.google.android.gms@262434032@26.24.34 (190800-938041327):1)
07-04 13:05:23.636  3697  4117 E GoogleApiManager: 	at daal.dispatchMessage(:com.google.android.gms@262434032@26.24.34 (190800-938041327):5)
07-04 13:05:23.636  3697  4117 E GoogleApiManager: 	at android.os.Looper.loopOnce(Looper.java:205)
07-04 13:05:23.636  3697  4117 E GoogleApiManager: 	at android.os.Looper.loop(Looper.java:294)
07-04 13:05:23.636  3697  4117 E GoogleApiManager: 	at android.os.HandlerThread.run(HandlerThread.java:67)
07-04 13:05:24.337  3214  3273 E RkpdServerInterface: Server connection failed for url: https://remoteprovisioning.googleapis.com/v1:signCertificates?challenge=AAABny079m8BILStYwkQjmmWk-kJvMIVQ9-DhXE=&request_id=951b694a-f270-4635-a181-3bb58c5e6170, response code: 400
07-04 13:05:24.337  3214  3273 E RkpdServerInterface: Repeated failure count: 1
07-04 13:05:24.338  3214  3273 E RkpdServerInterface: {
07-04 13:05:24.338  3214  3273 E RkpdServerInterface:   "error": {
07-04 13:05:24.338  3214  3273 E RkpdServerInterface:     "code": 400,
07-04 13:05:24.338  3214  3273 E RkpdServerInterface:     "message": "Invalid request payload: vendor_patch_level`0` should be in the format YYYYMMDD or YYYYMM if present.\nRequestId: 951b694a-f270-4635-a181-3bb58c5e6170",
07-04 13:05:24.338  3214  3273 E RkpdServerInterface:     "status": "INVALID_ARGUMENT"
07-04 13:05:24.338  3214  3273 E RkpdServerInterface:   }
07-04 13:05:24.338  3214  3273 E RkpdServerInterface: }
07-04 13:05:24.338  3214  3273 E RkpdRegistrationBinder: RKPD failed to provision keys
07-04 13:05:24.338  3214  3273 E RkpdRegistrationBinder: com.android.rkpdapp.RkpdException: HTTP error status encountered: 400
07-04 13:05:24.338  3214  3273 E RkpdRegistrationBinder: 	at com.android.rkpdapp.interfaces.ServerInterface.requestData(ServerInterface.java:341)
07-04 13:05:24.338  3214  3273 E RkpdRegistrationBinder: 	at com.android.rkpdapp.interfaces.ServerInterface.connectAndGetData(ServerInterface.java:287)
07-04 13:05:24.338  3214  3273 E RkpdRegistrationBinder: 	at com.android.rkpdapp.interfaces.ServerInterface.requestSignedCertificates(ServerInterface.java:121)
07-04 13:05:24.338  3214  3273 E RkpdRegistrationBinder: 	at com.android.rkpdapp.provisioner.Provisioner.batchProvision(Provisioner.java:157)
07-04 13:05:24.338  3214  3273 E RkpdRegistrationBinder: 	at com.android.rkpdapp.provisioner.Provisioner.fetchCertificates(Provisioner.java:136)
07-04 13:05:24.338  3214  3273 E RkpdRegistrationBinder: 	at com.android.rkpdapp.provisioner.Provisioner.provisionKeys(Provisioner.java:89)
07-04 13:05:24.338  3214  3273 E RkpdRegistrationBinder: 	at com.android.rkpdapp.service.RegistrationBinder.fetchGeekAndProvisionKeys(RegistrationBinder.java:151)
07-04 13:05:24.338  3214  3273 E RkpdRegistrationBinder: 	at com.android.rkpdapp.service.RegistrationBinder.getKeyWorker(RegistrationBinder.java:117)
07-04 13:05:24.338  3214  3273 E RkpdRegistrationBinder: 	at com.android.rkpdapp.service.RegistrationBinder.getKeyThreadWorker(RegistrationBinder.java:235)
07-04 13:05:24.338  3214  3273 E RkpdRegistrationBinder: 	at com.android.rkpdapp.service.RegistrationBinder.lambda$getKey$3(RegistrationBinder.java:223)
07-04 13:05:24.338  3214  3273 E RkpdRegistrationBinder: 	at com.android.rkpdapp.service.RegistrationBinder.$r8$lambda$TliFA5y2_wUzHwCyn77kum7XL5E(RegistrationBinder.java:0)
07-04 13:05:24.338  3214  3273 E RkpdRegistrationBinder: 	at com.android.rkpdapp.service.RegistrationBinder$$ExternalSyntheticLambda9.run(R8$$SyntheticClass:0)
07-04 13:05:24.338  3214  3273 E RkpdRegistrationBinder: 	at java.util.concurrent.Executors$RunnableAdapter.call(Executors.java:487)
07-04 13:05:24.338  3214  3273 E RkpdRegistrationBinder: 	at java.util.concurrent.FutureTask.run(FutureTask.java:264)
07-04 13:05:24.338  3214  3273 E RkpdRegistrationBinder: 	at java.util.concurrent.ThreadPoolExecutor.runWorker(ThreadPoolExecutor.java:1145)
07-04 13:05:24.338  3214  3273 E RkpdRegistrationBinder: 	at java.util.concurrent.ThreadPoolExecutor$Worker.run(ThreadPoolExecutor.java:644)
07-04 13:05:24.338  3214  3273 E RkpdRegistrationBinder: 	at java.lang.Thread.run(Thread.java:1012)
07-04 13:05:24.339   545   545 E RemoteProvisionSysSvc: RKP error fetching key for client 92133790: ERROR_UNKNOWN: HTTP error status encountered: 400
07-04 13:05:24.339   182   182 E keystore2: system/security/keystore2/src/rkpd_client.rs:172 - IGetKeyCallback failed: ERROR_UNKNOWN: HTTP error status encountered: 400
07-04 13:05:24.422  1557  3297 E Pay     : NfcAdapter is null while obtaining CardEmulation instance. [CONTEXT service_id=198 ]
07-04 13:05:24.422  1557  3297 E Pay     : CardEmulation is null while checking aid registration. [CONTEXT service_id=198 ]
07-04 13:05:24.846   545   592 E libprocessgroup: No such cgroup attribute: /sys/fs/cgroup/uid_4294877486/cgroup.freeze
07-04 13:05:24.883   545   592 E libprocessgroup: No such cgroup attribute: /sys/fs/cgroup/uid_4294877486/cgroup.freeze
07-04 13:05:25.165   545   696 E AppOps  : attributionTag VCN not declared in manifest of android
07-04 13:05:25.227   545   696 E AppOps  : attributionTag VCN not declared in manifest of android
07-04 13:05:25.286  1249  3607 E RoleControllerServiceImpl: Default/fallback role holder package doesn't qualify for the role, package: com.google.android.gms.supervision, role: android.app.role.SYSTEM_SUPERVISION
07-04 13:05:25.318  1249  3607 E RoleControllerServiceImpl: Default/fallback role holder package doesn't qualify for the role, package: com.google.android.gms, role: android.app.role.SYSTEM_CALL_STREAMING
07-04 13:05:25.336  1403  1419 E native  : E0000 00:00:1783170325.330927    1419 mmap.cc:233] Error during Unmap / munmap: Invalid argument
07-04 13:05:25.426   545   696 E AppOps  : attributionTag VCN not declared in manifest of android
07-04 13:05:30.127  1603  1603 E A       : disposing SearchServiceClient after timeout []
07-04 13:05:30.962  1557  2568 E SharingClientImpl: Unsuspend failed: null
07-04 13:05:34.397   761   904 E OpenGLRenderer: Unable to match the desired swap behavior.
07-04 13:05:34.614  1603  1603 E A       : onError
07-04 13:05:34.614  1603  1603 E A       : com.google.android.apps.gsa.shared.speech.a.m: errorCode: 65561, engine: 2
07-04 13:05:34.614  1603  1603 E A       : 	at com.google.android.apps.gsa.staticplugins.dc.a.e.a(PG:3)
07-04 13:05:34.614  1603  1603 E A       : 	at com.google.android.apps.gsa.s3.n.hh(PG:1)
07-04 13:05:34.614  1603  1603 E A       : 	at com.google.cd.g.a.f.e(PG:2)
07-04 13:05:34.614  1603  1603 E A       : 	at com.google.android.apps.gsa.speech.k.a.g.d(PG:22)
07-04 13:05:34.614  1603  1603 E A       : 	at com.google.android.apps.gsa.speech.k.a.g.ks(PG:6)
07-04 13:05:34.614  1603  1603 E A       : 	at com.google.android.apps.gsa.s3.o.e(PG:14)
07-04 13:05:34.614  1603  1603 E A       : 	at com.google.android.apps.gsa.s3.p.run(PG:1)
07-04 13:05:34.614  1603  1603 E A       : 	at java.util.concurrent.Executors$RunnableAdapter.call(Executors.java:487)
07-04 13:05:34.614  1603  1603 E A       : 	at java.util.concurrent.FutureTask.run(FutureTask.java:264)
07-04 13:05:34.614  1603  1603 E A       : 	at com.google.android.apps.gsa.shared.util.c.a.e.run(PG:2)
07-04 13:05:34.614  1603  1603 E A       : 	at com.google.android.apps.gsa.shared.util.c.a.bi.run(PG:1)
07-04 13:05:34.614  1603  1603 E A       : 	at com.google.android.apps.gsa.shared.util.c.a.bi.run(PG:1)
07-04 13:05:34.614  1603  1603 E A       : 	at java.util.concurrent.ThreadPoolExecutor.runWorker(ThreadPoolExecutor.java:1145)
07-04 13:05:34.614  1603  1603 E A       : 	at java.util.concurrent.ThreadPoolExecutor$Worker.run(ThreadPoolExecutor.java:644)
07-04 13:05:34.614  1603  1603 E A       : 	at java.lang.Thread.run(Thread.java:1012)
07-04 13:05:34.614  1603  1603 E A       : 	at com.google.android.apps.gsa.shared.util.c.a.l.run(PG:5)
07-04 13:05:34.614  1603  1603 E A       : Caused by: com.google.android.apps.gsa.shared.speech.a.o: errorCode: 65586, engine: 2
07-04 13:05:34.614  1603  1603 E A       : 	... 15 more
07-04 13:05:34.614  1603  1603 E A       : Caused by: com.google.android.apps.gsa.shared.speech.a.k: errorCode: 401, engine: 2
07-04 13:05:34.614  1603  1603 E A       : 	at com.google.android.apps.gsa.assistant.shared.n.h.a(PG:5)
07-04 13:05:34.614  1603  1603 E A       : 	at com.google.android.apps.gsa.s3.producers.j.hE(PG:2)
07-04 13:05:34.614  1603  1603 E A       : 	at com.google.android.apps.gsa.speech.k.a.g.d(PG:16)
07-04 13:05:34.614  1603  1603 E A       : 	... 12 more
07-04 13:05:36.551  4672  4693 E OpenGLRenderer: Unable to match the desired swap behavior.
07-04 13:05:37.833   545  1509 E TaskPersister: File error accessing recents directory (directory doesn't exist?).
07-04 13:05:43.067   545   592 E libprocessgroup: No such cgroup attribute: /sys/fs/cgroup/uid_4294877429/cgroup.freeze
07-04 13:05:43.068   545   592 E libprocessgroup: No such cgroup attribute: /sys/fs/cgroup/uid_4294877429/cgroup.freeze
07-04 13:05:43.733   545   615 E libprocessgroup: No such cgroup attribute: /sys/fs/cgroup/uid_10133/cgroup.freeze
07-04 13:05:43.734   545   615 E libprocessgroup: No such cgroup attribute: /sys/fs/cgroup/uid_10133/cgroup.freeze
07-04 13:05:43.752   545   696 E AppOps  : attributionTag VCN not declared in manifest of android
07-04 13:05:43.767   545   696 E AppOps  : attributionTag VCN not declared in manifest of android
07-04 13:05:43.785   545   545 E AppOps  : Bad call made by uid 1000. Package "android" does not belong to uid 1037.
07-04 13:05:43.787   545   696 E AppOps  : attributionTag VCN not declared in manifest of android
07-04 13:05:43.793   545   545 E AppOps  : Cannot checkOperation
07-04 13:05:43.793   545   545 E AppOps  : java.lang.SecurityException: Specified package "android" under uid 1037 but it is not
07-04 13:05:43.793   545   545 E AppOps  : 	at com.android.server.appop.AppOpsService.verifyAndGetBypass(AppOpsService.java:3886)
07-04 13:05:43.793   545   545 E AppOps  : 	at com.android.server.appop.AppOpsService.verifyAndGetBypass(AppOpsService.java:3746)
07-04 13:05:43.793   545   545 E AppOps  : 	at com.android.server.appop.AppOpsService.verifyAndGetBypass(AppOpsService.java:3738)
07-04 13:05:43.793   545   545 E AppOps  : 	at com.android.server.appop.AppOpsService.checkOperationUnchecked(AppOpsService.java:2417)
07-04 13:05:43.793   545   545 E AppOps  : 	at com.android.server.appop.AppOpsService.checkOperationImpl(AppOpsService.java:2400)
07-04 13:05:43.793   545   545 E AppOps  : 	at com.android.server.appop.AppOpsService.-$$Nest$mcheckOperationImpl(AppOpsService.java:0)
07-04 13:05:43.793   545   545 E AppOps  : 	at com.android.server.appop.AppOpsService$CheckOpsDelegateDispatcher.$r8$lambda$fx57Sum-uA3sXo7NCFwrI3iq4WM(AppOpsService.java:0)
07-04 13:05:43.793   545   545 E AppOps  : 	at com.android.server.appop.AppOpsService$CheckOpsDelegateDispatcher$$ExternalSyntheticLambda9.apply(R8$$SyntheticClass:0)
07-04 13:05:43.793   545   545 E AppOps  : 	at com.android.server.policy.AppOpsPolicy.checkOperation(AppOpsPolicy.java:221)
07-04 13:05:43.793   545   545 E AppOps  : 	at com.android.server.appop.AppOpsService$CheckOpsDelegateDispatcher.checkOperation(AppOpsService.java:6389)
07-04 13:05:43.793   545   545 E AppOps  : 	at com.android.server.appop.AppOpsService.checkOperation(AppOpsService.java:2385)
07-04 13:05:43.793   545   545 E AppOps  : 	at com.android.server.StorageManagerService$StorageManagerInternalImpl.hasExternalStorageAccess(StorageManagerService.java:4717)
07-04 13:05:43.793   545   545 E AppOps  : 	at com.android.server.am.ProcessList.startProcessLocked(ProcessList.java:1778)
07-04 13:05:43.793   545   545 E AppOps  : 	at com.android.server.am.ProcessList.startProcessLocked(ProcessList.java:2483)
07-04 13:05:43.793   545   545 E AppOps  : 	at com.android.server.am.ProcessList.startProcessLocked(ProcessList.java:2628)
07-04 13:05:43.793   545   545 E AppOps  : 	at com.android.server.am.ActivityManagerService.startIsolatedProcess(ActivityManagerService.java:2894)
07-04 13:05:43.793   545   545 E AppOps  : 	at com.android.server.am.ActivityManagerService$LocalService.startIsolatedProcess(ActivityManagerService.java:17372)
07-04 13:05:43.793   545   545 E AppOps  : 	at android.webkit.WebViewLibraryLoader.createRelroFile(WebViewLibraryLoader.java:126)
07-04 13:05:43.793   545   545 E AppOps  : 	at android.webkit.WebViewLibraryLoader.createRelros(WebViewLibraryLoader.java:170)
07-04 13:05:43.793   545   545 E AppOps  : 	at android.webkit.WebViewLibraryLoader.prepareNativeLibraries(WebViewLibraryLoader.java:152)
07-04 13:05:43.793   545   545 E AppOps  : 	at android.webkit.WebViewFactory.onWebViewProviderChanged(WebViewFactory.java:555)
07-04 13:05:43.793   545   545 E AppOps  : 	at com.android.server.webkit.SystemImpl.onWebViewProviderChanged(SystemImpl.java:174)
07-04 13:05:43.793   545   545 E AppOps  : 	at com.android.server.webkit.WebViewUpdateServiceImpl.onWebViewProviderChanged(WebViewUpdateServiceImpl.java:351)
07-04 13:05:43.793   545   545 E AppOps  : 	at com.android.server.webkit.WebViewUpdateServiceImpl.packageStateChanged(WebViewUpdateServiceImpl.java:145)
07-04 13:05:43.793   545   545 E AppOps  : 	at com.android.server.webkit.WebViewUpdateService$1.onReceive(WebViewUpdateService.java:93)
07-04 13:05:43.793   545   545 E AppOps  : 	at android.app.LoadedApk$ReceiverDispatcher$Args.lambda$getRunnable$0(LoadedApk.java:1802)
07-04 13:05:43.793   545   545 E AppOps  : 	at android.app.LoadedApk$ReceiverDispatcher$Args.$r8$lambda$gDuJqgxY6Zb-ifyeubKeivTLAwk(Unknown Source:0)
07-04 13:05:43.793   545   545 E AppOps  : 	at android.app.LoadedApk$ReceiverDispatcher$Args$$ExternalSyntheticLambda0.run(Unknown Source:2)
07-04 13:05:43.793   545   545 E AppOps  : 	at android.os.Handler.handleCallback(Handler.java:958)
07-04 13:05:43.793   545   545 E AppOps  : 	at android.os.Handler.dispatchMessage(Handler.java:99)
07-04 13:05:43.793   545   545 E AppOps  : 	at android.os.Looper.loopOnce(Looper.java:205)
07-04 13:05:43.793   545   545 E AppOps  : 	at android.os.Looper.loop(Looper.java:294)
07-04 13:05:43.793   545   545 E AppOps  : 	at com.android.server.SystemServer.run(SystemServer.java:970)
07-04 13:05:43.793   545   545 E AppOps  : 	at com.android.server.SystemServer.main(SystemServer.java:664)
07-04 13:05:43.793   545   545 E AppOps  : 	at java.lang.reflect.Method.invoke(Native Method)
07-04 13:05:43.793   545   545 E AppOps  : 	at com.android.internal.os.RuntimeInit$MethodAndArgsCaller.run(RuntimeInit.java:552)
07-04 13:05:43.793   545   545 E AppOps  : 	at com.android.internal.os.ZygoteInit.main(ZygoteInit.java:949)
07-04 13:05:43.812  4739  4739 E WebViewLoader-x: Not starting debugger since process cannot load the jdwp agent.
07-04 13:05:43.842  1249  4750 E RoleControllerServiceImpl: Default/fallback role holder package doesn't qualify for the role, package: com.google.android.gms.supervision, role: android.app.role.SYSTEM_SUPERVISION
07-04 13:05:43.845  1249  4750 E RoleControllerServiceImpl: Default/fallback role holder package doesn't qualify for the role, package: com.google.android.gms, role: android.app.role.SYSTEM_CALL_STREAMING
07-04 13:05:44.378  2983  3137 E Finsky:background: [64] RM: no data for ID, not removing
07-04 13:05:44.378  2983  3134 E Finsky:background: [61] RM: no data for ID, not removing
07-04 13:06:09.039  2080  2458 E AbstractLogEventBuilder: The provided ProductIdOrigin 3 is not one of the process-level expected values: 1 or 2
07-04 13:06:21.657  1580  2057 E WM-WorkerWrapper: Work [ id=0350e7ed-dff5-425b-bf5c-fd376972a7d6, class=com.google.android.libraries.youtube.common.backgroundtask.workmanager.BackgroundTaskWorker, tags={ com.google.android.libraries.youtube.common.backgroundtask.workmanager.BackgroundTaskWorker,delayed_event_dispatch_dispatch_to_empty_tier_one_off_task } ] failed because it threw an exception/error
07-04 13:06:21.657  1580  2057 E WM-WorkerWrapper: java.lang.IllegalStateException
07-04 13:06:21.657  1580  2057 E WM-WorkerWrapper: 	at com.android.internal.util.Preconditions.checkState(Preconditions.java:215)
07-04 13:06:21.657  1580  2057 E WM-WorkerWrapper: 	at com.android.internal.util.Preconditions.checkState(Preconditions.java:200)
07-04 13:06:21.657  1580  2057 E WM-WorkerWrapper: 	at android.os.BaseBundle.unparcel(BaseBundle.java:319)
07-04 13:06:21.657  1580  2057 E WM-WorkerWrapper: 	at android.os.BaseBundle.unparcel(BaseBundle.java:311)
07-04 13:06:21.657  1580  2057 E WM-WorkerWrapper: 	at android.os.BaseBundle.remove(BaseBundle.java:750)
07-04 13:06:21.657  1580  2057 E WM-WorkerWrapper: 	at android.os.Bundle.remove(Bundle.java:290)
07-04 13:06:21.657  1580  2057 E WM-WorkerWrapper: 	at ajbt.call(PG:108)
07-04 13:06:21.657  1580  2057 E WM-WorkerWrapper: 	at bizb.call(PG:17)
07-04 13:06:21.657  1580  2057 E WM-WorkerWrapper: 	at bkyy.a(PG:3)
07-04 13:06:21.657  1580  2057 E WM-WorkerWrapper: 	at bkyb.run(PG:19)
07-04 13:06:21.657  1580  2057 E WM-WorkerWrapper: 	at bkyz.run(PG:5)
07-04 13:06:21.657  1580  2057 E WM-WorkerWrapper: 	at bkns.run(PG:44)
07-04 13:06:21.657  1580  2057 E WM-WorkerWrapper: 	at wjt.run(PG:91)
07-04 13:06:21.657  1580  2057 E WM-WorkerWrapper: 	at java.lang.Thread.run(Thread.java:1012)
07-04 13:06:21.657  1580  2057 E WM-WorkerWrapper: 	at wmc.run(PG:61)
07-04 13:06:21.672  1580  2122 E WM-WorkerWrapper: Work [ id=226ce5df-fc26-4bca-9382-b355e5fd4b16, class=com.google.android.libraries.youtube.common.backgroundtask.workmanager.BackgroundTaskWorker, tags={ com.google.android.libraries.youtube.common.backgroundtask.workmanager.BackgroundTaskWorker,delayed_event_dispatch_default_tier_one_off_task } ] failed because it threw an exception/error
07-04 13:06:21.672  1580  2122 E WM-WorkerWrapper: java.lang.IllegalStateException
07-04 13:06:21.672  1580  2122 E WM-WorkerWrapper: 	at com.android.internal.util.Preconditions.checkState(Preconditions.java:215)
07-04 13:06:21.672  1580  2122 E WM-WorkerWrapper: 	at com.android.internal.util.Preconditions.checkState(Preconditions.java:200)
07-04 13:06:21.672  1580  2122 E WM-WorkerWrapper: 	at android.os.BaseBundle.unparcel(BaseBundle.java:319)
07-04 13:06:21.672  1580  2122 E WM-WorkerWrapper: 	at android.os.BaseBundle.unparcel(BaseBundle.java:311)
07-04 13:06:21.672  1580  2122 E WM-WorkerWrapper: 	at android.os.BaseBundle.remove(BaseBundle.java:750)
07-04 13:06:21.672  1580  2122 E WM-WorkerWrapper: 	at android.os.Bundle.remove(Bundle.java:290)
07-04 13:06:21.672  1580  2122 E WM-WorkerWrapper: 	at ajbt.call(PG:108)
07-04 13:06:21.672  1580  2122 E WM-WorkerWrapper: 	at bizb.call(PG:17)
07-04 13:06:21.672  1580  2122 E WM-WorkerWrapper: 	at bkyy.a(PG:3)
07-04 13:06:21.672  1580  2122 E WM-WorkerWrapper: 	at bkyb.run(PG:19)
07-04 13:06:21.672  1580  2122 E WM-WorkerWrapper: 	at bkyz.run(PG:5)
07-04 13:06:21.672  1580  2122 E WM-WorkerWrapper: 	at bkns.run(PG:44)
07-04 13:06:21.672  1580  2122 E WM-WorkerWrapper: 	at wjt.run(PG:91)
07-04 13:06:21.672  1580  2122 E WM-WorkerWrapper: 	at java.lang.Thread.run(Thread.java:1012)
07-04 13:06:21.672  1580  2122 E WM-WorkerWrapper: 	at wmc.run(PG:61)
07-04 13:06:21.687  1603  1942 E cr_CronetUrlRequestContext: Exception in upload method
07-04 13:06:21.687  1603  1942 E cr_CronetUrlRequestContext: com.google.android.apps.gsa.shared.r.d: Error code: 262182
07-04 13:06:21.687  1603  1942 E cr_CronetUrlRequestContext: 	at com.google.android.apps.gsa.shared.ab.bk.d(PG:5)
07-04 13:06:21.687  1603  1942 E cr_CronetUrlRequestContext: 	at com.google.android.libraries.gsa.c.a.ar.d(PG:1)
07-04 13:06:21.687  1603  1942 E cr_CronetUrlRequestContext: 	at com.google.android.libraries.gsa.c.a.bo.b(PG:5)
07-04 13:06:21.687  1603  1942 E cr_CronetUrlRequestContext: 	at com.google.android.libraries.gsa.c.a.e.a(PG:2)
07-04 13:06:21.687  1603  1942 E cr_CronetUrlRequestContext: 	at com.google.android.libraries.gsa.c.a.a.run(PG:2)
07-04 13:06:21.687  1603  1942 E cr_CronetUrlRequestContext: 	at com.google.common.util.concurrent.bf.execute(PG:1)
07-04 13:06:21.687  1603  1942 E cr_CronetUrlRequestContext: 	at com.google.common.util.concurrent.d.i(PG:1)
07-04 13:06:21.687  1603  1942 E cr_CronetUrlRequestContext: 	at com.google.common.util.concurrent.d.l(PG:12)
07-04 13:06:21.687  1603  1942 E cr_CronetUrlRequestContext: 	at com.google.common.util.concurrent.d.cancel(PG:8)
07-04 13:06:21.687  1603  1942 E cr_CronetUrlRequestContext: 	at com.google.common.util.concurrent.d.m(PG:2)
07-04 13:06:21.687  1603  1942 E cr_CronetUrlRequestContext: 	at com.google.common.util.concurrent.j.a(PG:1)
07-04 13:06:21.687  1603  1942 E cr_CronetUrlRequestContext: 	at com.google.common.util.concurrent.d.l(PG:3)
07-04 13:06:21.687  1603  1942 E cr_CronetUrlRequestContext: 	at com.google.common.util.concurrent.d.cancel(PG:8)
07-04 13:06:21.687  1603  1942 E cr_CronetUrlRequestContext: 	at com.google.common.util.concurrent.d.m(PG:2)
07-04 13:06:21.687  1603  1942 E cr_CronetUrlRequestContext: 	at com.google.common.util.concurrent.j.a(PG:1)
07-04 13:06:21.687  1603  1942 E cr_CronetUrlRequestContext: 	at com.google.common.util.concurrent.d.l(PG:3)
07-04 13:06:21.687  1603  1942 E cr_CronetUrlRequestContext: 	at com.google.common.util.concurrent.d.cancel(PG:8)
07-04 13:06:21.687  1603  1942 E cr_CronetUrlRequestContext: 	at com.google.common.util.concurrent.d.m(PG:2)
07-04 13:06:21.687  1603  1942 E cr_CronetUrlRequestContext: 	at com.google.common.util.concurrent.j.a(PG:1)
07-04 13:06:21.687  1603  1942 E cr_CronetUrlRequestContext: 	at com.google.common.util.concurrent.d.l(PG:3)
07-04 13:06:21.687  1603  1942 E cr_CronetUrlRequestContext: 	at com.google.common.util.concurrent.d.cancel(PG:8)
07-04 13:06:21.687  1603  1942 E cr_CronetUrlRequestContext: 	at com.google.common.util.concurrent.d.m(PG:2)
07-04 13:06:21.687  1603  1942 E cr_CronetUrlRequestContext: 	at com.google.common.util.concurrent.j.a(PG:1)
07-04 13:06:21.687  1603  1942 E cr_CronetUrlRequestContext: 	at com.google.common.util.concurrent.d.l(PG:3)
07-04 13:06:21.687  1603  1942 E cr_CronetUrlRequestContext: 	at com.google.common.util.concurrent.d.cancel(PG:8)
07-04 13:06:21.687  1603  1942 E cr_CronetUrlRequestContext: 	at com.google.common.util.concurrent.d.m(PG:2)
07-04 13:06:21.687  1603  1942 E cr_CronetUrlRequestContext: 	at com.google.common.util.concurrent.c.a(PG:1)
07-04 13:06:21.687  1603  1942 E cr_CronetUrlRequestContext: 	at com.google.common.util.concurrent.d.l(PG:3)
07-04 13:06:21.687  1603  1942 E cr_CronetUrlRequestContext: 	at com.google.common.util.concurrent.d.cancel(PG:8)
07-04 13:06:21.687  1603  1942 E cr_CronetUrlRequestContext: 	at com.google.common.util.concurrent.bu.cancel(PG:1)
07-04 13:06:21.687  1603  1942 E cr_CronetUrlRequestContext: 	at com.google.common.util.concurrent.d.cancel(PG:17)
07-04 13:06:21.687  1603  1942 E cr_CronetUrlRequestContext: 	at com.google.android.apps.gsa.staticplugins.bk.b.h.run(PG:2)
07-04 13:06:21.687  1603  1942 E cr_CronetUrlRequestContext: 	at com.google.common.util.concurrent.bf.execute(PG:1)
07-04 13:06:21.687  1603  1942 E cr_CronetUrlRequestContext: 	at com.google.common.util.concurrent.d.i(PG:1)
07-04 13:06:21.687  1603  1942 E cr_CronetUrlRequestContext: 	at com.google.common.util.concurrent.d.l(PG:12)
07-04 13:06:21.687  1603  1942 E cr_CronetUrlRequestContext: 	at com.google.common.util.concurrent.d.cancel(PG:8)
07-04 13:06:21.687  1603  1942 E cr_CronetUrlRequestContext: 	at com.google.common.util.concurrent.d.m(PG:2)
07-04 13:06:21.687  1603  1942 E cr_CronetUrlRequestContext: 	at com.google.common.util.concurrent.j.a(PG:1)
07-04 13:06:21.687  1603  1942 E cr_CronetUrlRequestContext: 	at com.google.common.util.concurrent.d.l(PG:3)
07-04 13:06:21.687  1603  1942 E cr_CronetUrlRequestContext: 	at com.google.common.util.concurrent.d.cancel(PG:8)
07-04 13:06:21.687  1603  1942 E cr_CronetUrlRequestContext: 	at com.google.android.apps.gsa.shared.util.c.aj.a(PG:2)
07-04 13:06:21.687  1603  1942 E cr_CronetUrlRequestContext: 	at com.google.common.util.concurrent.d.l(PG:3)
07-04 13:06:21.687  1603  1942 E cr_CronetUrlRequestContext: 	at com.google.common.util.concurrent.d.cancel(PG:8)
07-04 13:06:21.687  1603  1942 E cr_CronetUrlRequestContext: 	at com.google.common.util.concurrent.d.m(PG:2)
07-04 13:06:21.687  1603  1942 E cr_CronetUrlRequestContext: 	at com.google.common.util.concurrent.c.a(PG:1)
07-04 13:06:21.687  1603  1942 E cr_CronetUrlRequestContext: 	at com.google.common.util.concurrent.d.l(PG:3)
07-04 13:06:21.687  1603  1942 E cr_CronetUrlRequestContext: 	at com.google.common.util.concurrent.d.cancel(PG:8)
07-04 13:06:21.687  1603  1942 E cr_CronetUrlRequestContext: 	at com.google.android.apps.gsa.s3.o.c(PG:2)
07-04 13:06:21.687  1603  1942 E cr_CronetUrlRequestContext: 	at com.google.android.apps.gsa.s3.r.a(PG:1)
07-04 13:06:21.687  1603  1942 E cr_CronetUrlRequestContext: 	at com.google.android.apps.gsa.staticplugins.dc.a.c.e(PG:2)
07-04 13:06:21.687  1603  1942 E cr_CronetUrlRequestContext: 	at com.google.android.apps.gsa.staticplugins.dc.a.c.c(PG:3)
07-04 13:06:21.687  1603  1942 E cr_CronetUrlRequestContext: 	at com.google.android.apps.gsa.staticplugins.dc.a.e.a(PG:5)
07-04 13:06:21.687  1603  1942 E cr_CronetUrlRequestContext: 	at com.google.android.apps.gsa.s3.n.hh(PG:1)
07-04 13:06:21.687  1603  1942 E cr_CronetUrlRequestContext: 	at com.google.cd.g.a.f.e(PG:2)
07-04 13:06:21.687  1603  1942 E cr_CronetUrlRequestContext: 	at com.google.android.apps.gsa.speech.k.a.g.d(PG:22)
07-04 13:06:21.687  1603  1942 E cr_CronetUrlRequestContext: 	at com.google.android.apps.gsa.speech.k.a.g.ks(PG:6)
07-04 13:06:21.687  1603  1942 E cr_CronetUrlRequestContext: 	at com.google.android.apps.gsa.s3.o.e(PG:14)
07-04 13:06:21.687  1603  1942 E cr_CronetUrlRequestContext: 	at com.google.android.apps.gsa.s3.p.run(PG:1)
07-04 13:06:21.687  1603  1942 E cr_CronetUrlRequestContext: 	at java.util.concurrent.Executors$RunnableAdapter.call(Executors.java:487)
07-04 13:06:21.687  1603  1942 E cr_CronetUrlRequestContext: 	at java.util.concurrent.FutureTask.run(FutureTask.java:264)
07-04 13:06:21.687  1603  1942 E cr_CronetUrlRequestContext: 	at com.google.android.apps.gsa.shared.util.c.a.e.run(PG:2)
07-04 13:06:21.687  1603  1942 E cr_CronetUrlRequestContext: 	at com.google.android.apps.gsa.shared.util.c.a.bi.run(PG:1)
07-04 13:06:21.687  1603  1942 E cr_CronetUrlRequestContext: 	at com.google.android.apps.gsa.shared.util.c.a.bi.run(PG:1)
07-04 13:06:21.687  1603  1942 E cr_CronetUrlRequestContext: 	at java.util.concurrent.ThreadPoolExecutor.runWorker(ThreadPoolExecutor.java:1145)
07-04 13:06:21.687  1603  1942 E cr_CronetUrlRequestContext: 	at java.util.concurrent.ThreadPoolExecutor$Worker.run(ThreadPoolExecutor.java:644)
07-04 13:06:21.687  1603  1942 E cr_CronetUrlRequestContext: 	at java.lang.Thread.run(Thread.java:1012)
07-04 13:06:21.687  1603  1942 E cr_CronetUrlRequestContext: 	at com.google.android.apps.gsa.shared.util.c.a.l.run(PG:5)
07-04 13:06:21.693  1617  2231 E WM-WorkerWrapper: Work [ id=78bb3ba6-20f8-4bf0-bfed-a650c872181b, class=com.google.android.libraries.youtube.common.backgroundtask.workmanager.BackgroundTaskWorker, tags={ com.google.android.libraries.youtube.common.backgroundtask.workmanager.BackgroundTaskWorker,delayed_event_dispatch_default_tier_one_off_task } ] failed because it threw an exception/error
07-04 13:06:21.693  1617  2231 E WM-WorkerWrapper: java.lang.IllegalStateException
07-04 13:06:21.693  1617  2231 E WM-WorkerWrapper: 	at com.android.internal.util.Preconditions.checkState(Preconditions.java:215)
07-04 13:06:21.693  1617  2231 E WM-WorkerWrapper: 	at com.android.internal.util.Preconditions.checkState(Preconditions.java:200)
07-04 13:06:21.693  1617  2231 E WM-WorkerWrapper: 	at android.os.BaseBundle.unparcel(BaseBundle.java:319)
07-04 13:06:21.693  1617  2231 E WM-WorkerWrapper: 	at android.os.BaseBundle.unparcel(BaseBundle.java:311)
07-04 13:06:21.693  1617  2231 E WM-WorkerWrapper: 	at android.os.BaseBundle.remove(BaseBundle.java:750)
07-04 13:06:21.693  1617  2231 E WM-WorkerWrapper: 	at android.os.Bundle.remove(Bundle.java:290)
07-04 13:06:21.693  1617  2231 E WM-WorkerWrapper: 	at aauk.call(PG:139)
07-04 13:06:21.693  1617  2231 E WM-WorkerWrapper: 	at axam.call(PG:21)
07-04 13:06:21.693  1617  2231 E WM-WorkerWrapper: 	at axde.a(PG:3)
07-04 13:06:21.693  1617  2231 E WM-WorkerWrapper: 	at axci.run(PG:19)
07-04 13:06:21.693  1617  2231 E WM-WorkerWrapper: 	at axdf.run(PG:5)
07-04 13:06:21.693  1617  2231 E WM-WorkerWrapper: 	at awve.run(PG:44)
07-04 13:06:21.693  1617  2231 E WM-WorkerWrapper: 	at fts.run(PG:1115)
07-04 13:06:21.693  1617  2231 E WM-WorkerWrapper: 	at java.lang.Thread.run(Thread.java:1012)
07-04 13:06:21.693  1617  2231 E WM-WorkerWrapper: 	at uhf.run(PG:61)
07-04 13:06:21.723  1603  1603 E A       : onError
07-04 13:06:21.723  1603  1603 E A       : com.google.android.apps.gsa.shared.speech.a.m: errorCode: 65561, engine: 2
07-04 13:06:21.723  1603  1603 E A       : 	at com.google.android.apps.gsa.staticplugins.dc.a.e.a(PG:3)
07-04 13:06:21.723  1603  1603 E A       : 	at com.google.android.apps.gsa.s3.n.hh(PG:1)
07-04 13:06:21.723  1603  1603 E A       : 	at com.google.cd.g.a.f.e(PG:2)
07-04 13:06:21.723  1603  1603 E A       : 	at com.google.android.apps.gsa.speech.k.a.g.d(PG:22)
07-04 13:06:21.723  1603  1603 E A       : 	at com.google.android.apps.gsa.speech.k.a.g.ks(PG:6)
07-04 13:06:21.723  1603  1603 E A       : 	at com.google.android.apps.gsa.s3.o.e(PG:14)
07-04 13:06:21.723  1603  1603 E A       : 	at com.google.android.apps.gsa.s3.p.run(PG:1)
07-04 13:06:21.723  1603  1603 E A       : 	at java.util.concurrent.Executors$RunnableAdapter.call(Executors.java:487)
07-04 13:06:21.723  1603  1603 E A       : 	at java.util.concurrent.FutureTask.run(FutureTask.java:264)
07-04 13:06:21.723  1603  1603 E A       : 	at com.google.android.apps.gsa.shared.util.c.a.e.run(PG:2)
07-04 13:06:21.723  1603  1603 E A       : 	at com.google.android.apps.gsa.shared.util.c.a.bi.run(PG:1)
07-04 13:06:21.723  1603  1603 E A       : 	at com.google.android.apps.gsa.shared.util.c.a.bi.run(PG:1)
07-04 13:06:21.723  1603  1603 E A       : 	at java.util.concurrent.ThreadPoolExecutor.runWorker(ThreadPoolExecutor.java:1145)
07-04 13:06:21.723  1603  1603 E A       : 	at java.util.concurrent.ThreadPoolExecutor$Worker.run(ThreadPoolExecutor.java:644)
07-04 13:06:21.723  1603  1603 E A       : 	at java.lang.Thread.run(Thread.java:1012)
07-04 13:06:21.723  1603  1603 E A       : 	at com.google.android.apps.gsa.shared.util.c.a.l.run(PG:5)
