07-04 13:06:21.723  1603  1603 E A       : Caused by: com.google.android.apps.gsa.shared.speech.a.o: errorCode: 65586, engine: 2
07-04 13:06:21.723  1603  1603 E A       : 	... 15 more
07-04 13:06:21.723  1603  1603 E A       : Caused by: com.google.android.apps.gsa.shared.speech.a.k: errorCode: 401, engine: 2
07-04 13:06:21.723  1603  1603 E A       : 	at com.google.android.apps.gsa.assistant.shared.n.h.a(PG:5)
07-04 13:06:21.723  1603  1603 E A       : 	at com.google.android.apps.gsa.s3.producers.j.hE(PG:2)
07-04 13:06:21.723  1603  1603 E A       : 	at com.google.android.apps.gsa.speech.k.a.g.d(PG:16)
07-04 13:06:21.723  1603  1603 E A       : 	... 12 more
07-04 13:06:21.788  2080  2484 E Finsky  : [60] [Counters] attempted to use a non-positive increment for: 4752
07-04 13:06:21.846  2080  2484 E Finsky  : [60] [Counters] attempted to use a non-positive increment for: 4753
07-04 13:06:21.959   545   578 E WifiService: Attempt to retrieve passpoint with invalid scanResult List
07-04 13:06:21.978   927  4855 E WifiScanner: listener does not exist
07-04 13:06:22.109  2080  2080 E Finsky  : [2] bryu failed GRPC call!
07-04 13:06:22.109  2080  2080 E Finsky  : java.lang.UnsupportedOperationException: Unauth not supported in gRPC BrowseService.
07-04 13:06:22.109  2080  2080 E Finsky  : 	at abhv.c(PG:177)
07-04 13:06:22.109  2080  2080 E Finsky  : 	at abht.b(PG:313)
07-04 13:06:22.109  2080  2080 E Finsky  : 	at abht.a(PG:54)
07-04 13:06:22.109  2080  2080 E Finsky  : 	at org.chromium.net.AndroidNetworkLibrary.v(PG:14)
07-04 13:06:22.109  2080  2080 E Finsky  : 	at internal.org.jni_zero.JniZero.i(PG:29)
07-04 13:06:22.109  2080  2080 E Finsky  : 	at internal.org.jni_zero.JniZero.j(PG:12)
07-04 13:06:22.109  2080  2080 E Finsky  : 	at abhu.b(PG:37)
07-04 13:06:22.109  2080  2080 E Finsky  : 	at abhu.mh(PG:23)
07-04 13:06:22.109  2080  2080 E Finsky  : 	at sno.b(PG:25)
07-04 13:06:22.109  2080  2080 E Finsky  : 	at cdwj.qN(PG:5)
07-04 13:06:22.109  2080  2080 E Finsky  : 	at ceds.run(PG:109)
07-04 13:06:22.109  2080  2080 E Finsky  : 	at java.util.concurrent.ThreadPoolExecutor.runWorker(ThreadPoolExecutor.java:1145)
07-04 13:06:22.109  2080  2080 E Finsky  : 	at java.util.concurrent.ThreadPoolExecutor$Worker.run(ThreadPoolExecutor.java:644)
07-04 13:06:22.109  2080  2080 E Finsky  : 	at whd.run(PG:616)
07-04 13:06:22.109  2080  2080 E Finsky  : 	at java.lang.Thread.run(Thread.java:1012)
07-04 13:06:22.120  2080  2467 E Finsky  : [57] ItemStore: getItems RPC failed for item com.android.inputdevices
07-04 13:06:22.120  2080  2458 E Finsky  : [56] ItemStore: getItems RPC failed for item com.android.egg
07-04 13:06:22.120  2080  2475 E Finsky  : [59] ItemStore: getItems RPC failed for item com.android.internal.systemui.navbar.gestural
07-04 13:06:22.121  2080  2458 E Finsky  : [56] ItemStore: getItems RPC failed for item com.android.virt
07-04 13:06:22.121  2080  2458 E Finsky  : [56] ItemStore: getItems RPC failed for item com.google.android.networkstack.tethering
07-04 13:06:22.121  2080  2467 E Finsky  : [57] ItemStore: getItems RPC failed for item com.android.settings.auto_generated_rro_product__
07-04 13:06:22.121  2080  2458 E Finsky  : [56] ItemStore: getItems RPC failed for item com.google.android.soundpicker
07-04 13:06:22.121  2080  2467 E Finsky  : [57] ItemStore: getItems RPC failed for item com.google.android.overlay.largescreensettingsprovider
07-04 13:06:22.121  2080  2458 E Finsky  : [56] ItemStore: getItems RPC failed for item com.google.android.overlay.googleconfig
07-04 13:06:22.122  2080  2467 E Finsky  : [57] ItemStore: getItems RPC failed for item com.android.apex.cts.shim
07-04 13:06:22.122  2080  2475 E Finsky  : [59] ItemStore: getItems RPC failed for item com.android.ons
07-04 13:06:22.122  2080  2467 E Finsky  : [57] ItemStore: getItems RPC failed for item com.android.pacprocessor
07-04 13:06:22.122  2080  2475 E Finsky  : [59] ItemStore: getItems RPC failed for item com.google.android.sdksandbox
07-04 13:06:22.122  2080  2467 E Finsky  : [57] ItemStore: getItems RPC failed for item com.google.android.overlay.largescreenconfig
07-04 13:06:22.122  2080  2475 E Finsky  : [59] ItemStore: getItems RPC failed for item com.android.emulator.multidisplay
07-04 13:06:22.122  2080  2467 E Finsky  : [57] ItemStore: getItems RPC failed for item com.google.android.overlay.pixelconfigcommon
07-04 13:06:22.122  2080  2475 E Finsky  : [59] ItemStore: getItems RPC failed for item com.google.android.markup
07-04 13:06:22.122  2080  2467 E Finsky  : [57] ItemStore: getItems RPC failed for item com.android.imsserviceentitlement
07-04 13:06:22.122  2080  2475 E Finsky  : [59] ItemStore: getItems RPC failed for item com.google.android.adservices.api
07-04 13:06:22.122  2080  2467 E Finsky  : [57] ItemStore: getItems RPC failed for item com.android.wallpapercropper
07-04 13:06:22.122  2080  2475 E Finsky  : [59] ItemStore: getItems RPC failed for item com.android.sharedstoragebackup
07-04 13:06:22.122  2080  2467 E Finsky  : [57] ItemStore: getItems RPC failed for item com.android.providers.media
07-04 13:06:22.122  2080  2475 E Finsky  : [59] ItemStore: getItems RPC failed for item com.google.android.runtime
07-04 13:06:22.122  2080  2467 E Finsky  : [57] ItemStore: getItems RPC failed for item com.android.cellbroadcastreceiver
07-04 13:06:22.122  2080  2475 E Finsky  : [59] ItemStore: getItems RPC failed for item com.google.android.partnersetup
07-04 13:06:22.122  2080  2475 E Finsky  : [59] ItemStore: getItems RPC failed for item com.google.android.apps.restore
07-04 13:06:22.122  2080  2467 E Finsky  : [57] ItemStore: getItems RPC failed for item com.google.android.as.oss
07-04 13:06:22.122  2080  2467 E Finsky  : [57] ItemStore: getItems RPC failed for item com.android.emulator.radio.config
07-04 13:06:22.122  2080  2458 E Finsky  : [56] ItemStore: getItems RPC failed for item com.google.android.apps.customization.pixel
07-04 13:06:22.122  2080  2467 E Finsky  : [57] ItemStore: getItems RPC failed for item com.google.android.webview
07-04 13:06:22.122  2080  2458 E Finsky  : [56] ItemStore: getItems RPC failed for item com.android.internal.emulation.pixel_2_xl
07-04 13:06:22.122  2080  2467 E Finsky  : [57] ItemStore: getItems RPC failed for item com.google.android.gms.supervision
07-04 13:06:22.122  2080  2475 E Finsky  : [59] ItemStore: getItems RPC failed for item com.google.android.apps.maps
07-04 13:06:22.122  2080  2475 E Finsky  : [59] ItemStore: getItems RPC failed for item com.android.internal.emulation.pixel_4a
07-04 13:06:22.122  2080  2467 E Finsky  : [57] ItemStore: getItems RPC failed for item com.android.internal.emulation.pixel_8
07-04 13:06:22.123  2080  2458 E Finsky  : [56] ItemStore: getItems RPC failed for item com.google.android.youtube
07-04 13:06:22.123  2080  2467 E Finsky  : [57] ItemStore: getItems RPC failed for item com.android.internal.display.cutout.emulation.double
07-04 13:06:22.123  2080  2458 E Finsky  : [56] ItemStore: getItems RPC failed for item com.google.android.connectivity.resources
07-04 13:06:22.123  2080  2467 E Finsky  : [57] ItemStore: getItems RPC failed for item com.android.printspooler
07-04 13:06:22.123  2080  2458 E Finsky  : [56] ItemStore: getItems RPC failed for item com.google.android.systemui.gxoverlay
07-04 13:06:22.123  2080  2467 E Finsky  : [57] ItemStore: getItems RPC failed for item com.android.phone
07-04 13:06:22.123  2080  2458 E Finsky  : [56] ItemStore: getItems RPC failed for item com.google.android.hotspot2.osulogin
07-04 13:06:22.123  2080  2467 E Finsky  : [57] ItemStore: getItems RPC failed for item com.google.android.calendar
07-04 13:06:22.123  2080  2458 E Finsky  : [56] ItemStore: getItems RPC failed for item com.android.certinstaller
07-04 13:06:22.123  2080  2467 E Finsky  : [57] ItemStore: getItems RPC failed for item com.android.phone.auto_generated_rro_product__
07-04 13:06:22.123  2080  2458 E Finsky  : [56] ItemStore: getItems RPC failed for item com.android.externalstorage
07-04 13:06:22.123  2080  2458 E Finsky  : [56] ItemStore: getItems RPC failed for item com.android.providers.blockednumber
07-04 13:06:22.123  2080  2458 E Finsky  : [56] ItemStore: getItems RPC failed for item com.android.systemui.plugin.globalactions.wallet
07-04 13:06:22.123  2080  2458 E Finsky  : [56] ItemStore: getItems RPC failed for item com.android.systemui.accessibility.accessibilitymenu.auto_generated_rro_product__
07-04 13:06:22.123  2080  2458 E Finsky  : [56] ItemStore: getItems RPC failed for item com.android.htmlviewer
07-04 13:06:22.123  2080  2458 E Finsky  : [56] ItemStore: getItems RPC failed for item com.android.vpndialogs
07-04 13:06:22.123  2080  2458 E Finsky  : [56] ItemStore: getItems RPC failed for item com.android.providers.downloads.ui
07-04 13:06:22.123  2080  2458 E Finsky  : [56] ItemStore: getItems RPC failed for item com.android.credentialmanager
07-04 13:06:22.123  2080  2458 E Finsky  : [56] ItemStore: getItems RPC failed for item com.android.backupconfirm
07-04 13:06:22.123  2080  2458 E Finsky  : [56] ItemStore: getItems RPC failed for item com.google.android.apps.nexuslauncher
07-04 13:06:22.123  2080  2458 E Finsky  : [56] ItemStore: getItems RPC failed for item com.google.android.settings.intelligence
07-04 13:06:22.123  2080  2458 E Finsky  : [56] ItemStore: getItems RPC failed for item com.google.android.as
07-04 13:06:22.123  2080  2458 E Finsky  : [56] ItemStore: getItems RPC failed for item android.auto_generated_rro_product__
07-04 13:06:22.123  2080  2467 E Finsky  : [57] ItemStore: getItems RPC failed for item com.android.systemui.emulation.pixel_4a
07-04 13:06:22.123  2080  2458 E Finsky  : [56] ItemStore: getItems RPC failed for item com.android.systemui.emulation.pixel_3a_xl
07-04 13:06:22.123  2080  2467 E Finsky  : [57] ItemStore: getItems RPC failed for item com.google.android.tag
07-04 13:06:22.124  2080  2467 E Finsky  : [57] ItemStore: getItems RPC failed for item com.android.internal.emulation.pixel_8_pro
07-04 13:06:22.124  2080  2467 E Finsky  : [57] ItemStore: getItems RPC failed for item com.android.internal.display.cutout.emulation.hole
07-04 13:06:22.124  2080  2467 E Finsky  : [57] ItemStore: getItems RPC failed for item com.google.android.vndk.v34
07-04 13:06:22.124  2080  2458 E Finsky  : [56] ItemStore: getItems RPC failed for item com.android.systemui.emulation.pixel_8_pro
07-04 13:06:22.124  2080  2467 E Finsky  : [57] ItemStore: getItems RPC failed for item com.google.android.gm
07-04 13:06:22.124  2080  2467 E Finsky  : [57] ItemStore: getItems RPC failed for item com.android.systemui.emulation.pixel_7a
07-04 13:06:22.124  2080  2475 E Finsky  : [59] ItemStore: getItems RPC failed for item com.android.systemui.emulation.pixel_8
07-04 13:06:22.124  2080  2467 E Finsky  : [57] ItemStore: getItems RPC failed for item com.android.proxyhandler
07-04 13:06:22.124  2080  2467 E Finsky  : [57] ItemStore: getItems RPC failed for item com.google.android.configupdater
07-04 13:06:22.124  2080  2467 E Finsky  : [57] ItemStore: getItems RPC failed for item com.android.cameraextensions
07-04 13:06:22.124  2080  2484 E Finsky  : [60] ItemStore: getItems RPC failed for item com.android.systemui.auto_generated_rro_vendor__
07-04 13:06:22.124  2080  2467 E Finsky  : [57] ItemStore: getItems RPC failed for item com.google.android.overlay.googlewebview
07-04 13:06:22.124  2080  2484 E Finsky  : [60] ItemStore: getItems RPC failed for item com.android.settings
07-04 13:06:22.124  2080  2467 E Finsky  : [57] ItemStore: getItems RPC failed for item com.android.mtp
07-04 13:06:22.124  2080  2484 E Finsky  : [60] ItemStore: getItems RPC failed for item com.android.nfc
07-04 13:06:22.124  2080  2484 E Finsky  : [60] ItemStore: getItems RPC failed for item com.android.internal.emulation.pixel_7
07-04 13:06:22.124  2080  2467 E Finsky  : [57] ItemStore: getItems RPC failed for item com.google.android.contacts
07-04 13:06:22.124  2080  2484 E Finsky  : [60] ItemStore: getItems RPC failed for item com.android.cts.priv.ctsshim
07-04 13:06:22.124  2080  2467 E Finsky  : [57] ItemStore: getItems RPC failed for item com.android.musicfx
07-04 13:06:22.125  2080  2458 E Finsky  : [56] ItemStore: getItems RPC failed for item com.android.virtualmachine.res
07-04 13:06:22.125  2080  2467 E Finsky  : [57] ItemStore: getItems RPC failed for item com.android.i18n
07-04 13:06:22.125  2080  2467 E Finsky  : [57] ItemStore: getItems RPC failed for item com.android.systemui.emulation.pixel_fold
07-04 13:06:22.125  2080  2467 E Finsky  : [57] ItemStore: getItems RPC failed for item com.android.emergency
07-04 13:06:22.125  2080  2467 E Finsky  : [57] ItemStore: getItems RPC failed for item com.android.internal.emulation.pixel_6_pro
07-04 13:06:22.125  2080  2467 E Finsky  : [57] ItemStore: getItems RPC failed for item com.android.internal.systemui.navbar.twobutton
07-04 13:06:22.125  2080  2467 E Finsky  : [57] ItemStore: getItems RPC failed for item com.android.internal.display.cutout.emulation.corner
07-04 13:06:22.125  2080  2467 E Finsky  : [57] ItemStore: getItems RPC failed for item com.google.android.packageinstaller
07-04 13:06:22.125  2080  2467 E Finsky  : [57] ItemStore: getItems RPC failed for item com.android.carrierconfig.auto_generated_rro_vendor__
07-04 13:06:22.125  2080  2467 E Finsky  : [57] ItemStore: getItems RPC failed for item com.android.internal.emulation.pixel_5
07-04 13:06:22.125  2080  2467 E Finsky  : [57] ItemStore: getItems RPC failed for item com.google.android.rkpdapp
07-04 13:06:22.125  2080  2467 E Finsky  : [57] ItemStore: getItems RPC failed for item com.android.wallpaperbackup
07-04 13:06:22.125  2080  2467 E Finsky  : [57] ItemStore: getItems RPC failed for item com.android.managedprovisioning.auto_generated_rro_product__
07-04 13:06:22.125  2080  2467 E Finsky  : [57] ItemStore: getItems RPC failed for item com.android.managedprovisioning
07-04 13:06:22.125  2080  2467 E Finsky  : [57] ItemStore: getItems RPC failed for item com.android.storagemanager
07-04 13:06:22.125  2080  2484 E Finsky  : [60] ItemStore: getItems RPC failed for item com.android.internal.systemui.navbar.gestural_extra_wide_back
07-04 13:06:22.126  2080  2467 E Finsky  : [57] ItemStore: getItems RPC failed for item com.google.android.networkstack.tethering.emulator
07-04 13:06:22.126  2080  2467 E Finsky  : [57] ItemStore: getItems RPC failed for item com.google.android.printservice.recommendation
07-04 13:06:22.126  2080  2484 E Finsky  : [60] ItemStore: getItems RPC failed for item com.android.camera2
07-04 13:06:22.126  2080  2467 E Finsky  : [57] ItemStore: getItems RPC failed for item com.google.android.ext.shared
07-04 13:06:22.126  2080  2484 E Finsky  : [60] ItemStore: getItems RPC failed for item com.google.android.apps.wallpaper
07-04 13:06:22.126  2080  2467 E Finsky  : [57] ItemStore: getItems RPC failed for item com.android.cts.ctsshim
07-04 13:06:22.126  2080  2484 E Finsky  : [60] ItemStore: getItems RPC failed for item com.android.systemui.auto_generated_rro_product__
07-04 13:06:22.126  2080  2467 E Finsky  : [57] ItemStore: getItems RPC failed for item com.android.phone.auto_generated_rro_vendor__
07-04 13:06:22.127  2080  2484 E Finsky  : [60] ItemStore: getItems RPC failed for item com.google.android.apps.youtube.music
07-04 13:06:22.127  2080  2467 E Finsky  : [57] ItemStore: getItems RPC failed for item com.google.android.feedback
07-04 13:06:22.127  2080  2484 E Finsky  : [60] ItemStore: getItems RPC failed for item com.google.android.devicelock
07-04 13:06:22.127  2080  2467 E Finsky  : [57] ItemStore: getItems RPC failed for item com.android.se
07-04 13:06:22.127  2080  2484 E Finsky  : [60] ItemStore: getItems RPC failed for item com.google.android.devicelockcontroller
07-04 13:06:22.127  2080  2467 E Finsky  : [57] ItemStore: getItems RPC failed for item com.android.dreams.basic
07-04 13:06:22.127  2080  2484 E Finsky  : [60] ItemStore: getItems RPC failed for item com.android.stk
07-04 13:06:22.127  2080  2467 E Finsky  : [57] ItemStore: getItems RPC failed for item com.android.simappdialog
07-04 13:06:22.127  2080  2484 E Finsky  : [60] ItemStore: getItems RPC failed for item com.google.android.ondevicepersonalization.services
07-04 13:06:22.127  2080  2484 E Finsky  : [60] ItemStore: getItems RPC failed for item com.android.companiondevicemanager
07-04 13:06:22.127  2080  2467 E Finsky  : [57] ItemStore: getItems RPC failed for item com.google.android.gms
07-04 13:06:22.127  2080  2458 E Finsky  : [56] ItemStore: getItems RPC failed for item com.android.systemui.emulation.pixel_7_pro
07-04 13:06:22.127  2080  2467 E Finsky  : [57] ItemStore: getItems RPC failed for item com.android.mms.service
07-04 13:06:22.127  2080  2458 E Finsky  : [56] ItemStore: getItems RPC failed for item com.android.systemui.emulation.pixel_6_pro
07-04 13:06:22.127  2080  2458 E Finsky  : [56] ItemStore: getItems RPC failed for item com.android.providers.settings
07-04 13:06:22.127  2080  2467 E Finsky  : [57] ItemStore: getItems RPC failed for item com.android.internal.display.cutout.emulation.tall
07-04 13:06:22.127  2080  2458 E Finsky  : [56] ItemStore: getItems RPC failed for item com.android.internal.emulation.pixel_3
07-04 13:06:22.127  2080  2467 E Finsky  : [57] ItemStore: getItems RPC failed for item com.android.systemui.emulation.pixel_3
07-04 13:06:22.127  2080  2458 E Finsky  : [56] ItemStore: getItems RPC failed for item com.android.soundpicker
07-04 13:06:22.128  2080  2458 E Finsky  : [56] ItemStore: getItems RPC failed for item android.auto_generated_rro_vendor__
07-04 13:06:22.128  2080  2467 E Finsky  : [57] ItemStore: getItems RPC failed for item com.google.android.onetimeinitializer
07-04 13:06:22.128  2080  2458 E Finsky  : [56] ItemStore: getItems RPC failed for item com.android.keychain
07-04 13:06:22.128  2080  2467 E Finsky  : [57] ItemStore: getItems RPC failed for item com.google.android.googlequicksearchbox
07-04 13:06:22.128  2080  2458 E Finsky  : [56] ItemStore: getItems RPC failed for item com.android.providers.partnerbookmarks
07-04 13:06:22.128  2080  2467 E Finsky  : [57] ItemStore: getItems RPC failed for item android
07-04 13:06:22.128  2080  2458 E Finsky  : [56] ItemStore: getItems RPC failed for item com.android.internal.systemui.navbar.gestural_narrow_back
07-04 13:06:22.128  2080  2467 E Finsky  : [57] ItemStore: getItems RPC failed for item com.android.traceur.auto_generated_rro_product__
07-04 13:06:22.128  2080  2458 E Finsky  : [56] ItemStore: getItems RPC failed for item com.google.android.wifi.dialog
07-04 13:06:22.128  2080  2467 E Finsky  : [57] ItemStore: getItems RPC failed for item com.google.android.wifi.resources
07-04 13:06:22.128  2080  2484 E Finsky  : [60] ItemStore: getItems RPC failed for item com.android.systemui.emulation.pixel_6a
07-04 13:06:22.128  2080  2467 E Finsky  : [57] ItemStore: getItems RPC failed for item com.android.providers.settings.auto_generated_rro_vendor__
07-04 13:06:22.128  2080  2484 E Finsky  : [60] ItemStore: getItems RPC failed for item com.android.calllogbackup
07-04 13:06:22.128  2080  2467 E Finsky  : [57] ItemStore: getItems RPC failed for item com.android.intentresolver
07-04 13:06:22.128  2080  2475 E Finsky  : [59] ItemStore: getItems RPC failed for item com.android.systemui.emulation.pixel_4_xl
07-04 13:06:22.128  2080  2467 E Finsky  : [57] ItemStore: getItems RPC failed for item com.android.internal.emulation.pixel_3a_xl
07-04 13:06:22.128  2080  2484 E Finsky  : [60] ItemStore: getItems RPC failed for item com.google.android.nearby.halfsheet
07-04 13:06:22.128  2080  2467 E Finsky  : [57] ItemStore: getItems RPC failed for item com.google.android.apps.messaging
07-04 13:06:22.129  2080  2475 E Finsky  : [59] ItemStore: getItems RPC failed for item com.android.emergency.auto_generated_rro_product__
07-04 13:06:22.129  2080  2458 E Finsky  : [56] ItemStore: getItems RPC failed for item com.android.carrierconfig.auto_generated_rro_product__
07-04 13:06:22.129  2080  2467 E Finsky  : [57] ItemStore: getItems RPC failed for item com.google.android.dialer
07-04 13:06:22.129  2080  2458 E Finsky  : [56] ItemStore: getItems RPC failed for item com.google.android.connectivity.resources.goldfish.overlay
07-04 13:06:22.129  2080  2467 E Finsky  : [57] ItemStore: getItems RPC failed for item com.android.internal.emulation.pixel_6
07-04 13:06:22.129  2080  2458 E Finsky  : [56] ItemStore: getItems RPC failed for item com.android.wallpaper.livepicker
07-04 13:06:22.129  2080  2467 E Finsky  : [57] ItemStore: getItems RPC failed for item com.android.chrome
07-04 13:06:22.129  2080  2458 E Finsky  : [56] ItemStore: getItems RPC failed for item com.stoicus.app
07-04 13:06:22.129  2080  2467 E Finsky  : [57] ItemStore: getItems RPC failed for item com.android.nfc.auto_generated_rro_product__
07-04 13:06:22.129  2080  2458 E Finsky  : [56] ItemStore: getItems RPC failed for item com.android.shell
07-04 13:06:22.129  2080  2458 E Finsky  : [56] ItemStore: getItems RPC failed for item com.android.providers.userdictionary
07-04 13:06:22.129  2080  2467 E Finsky  : [57] ItemStore: getItems RPC failed for item com.google.android.gsf
07-04 13:06:22.129  2080  2458 E Finsky  : [56] ItemStore: getItems RPC failed for item com.google.android.health.connect.backuprestore
07-04 13:06:22.129  2080  2467 E Finsky  : [57] ItemStore: getItems RPC failed for item com.android.internal.emulation.pixel_6a
07-04 13:06:22.129  2080  2475 E Finsky  : [59] ItemStore: getItems RPC failed for item com.android.providers.downloads
07-04 13:06:22.129  2080  2467 E Finsky  : [57] ItemStore: getItems RPC failed for item com.android.carrierdefaultapp
07-04 13:06:22.129  2080  2475 E Finsky  : [59] ItemStore: getItems RPC failed for item com.android.internal.systemui.navbar.threebutton
07-04 13:06:22.129  2080  2475 E Finsky  : [59] ItemStore: getItems RPC failed for item com.google.android.odad
07-04 13:06:22.129  2080  2467 E Finsky  : [57] ItemStore: getItems RPC failed for item com.google.android.inputmethod.latin
07-04 13:06:22.129  2080  2467 E Finsky  : [57] ItemStore: getItems RPC failed for item com.android.internal.emulation.pixel_4
07-04 13:06:22.129  2080  2458 E Finsky  : [56] ItemStore: getItems RPC failed for item com.android.providers.calendar
07-04 13:06:22.129  2080  2458 E Finsky  : [56] ItemStore: getItems RPC failed for item com.android.systemui.emulation.pixel_4
07-04 13:06:22.129  2080  2458 E Finsky  : [56] ItemStore: getItems RPC failed for item com.android.carrierconfig
07-04 13:06:22.129  2080  2467 E Finsky  : [57] ItemStore: getItems RPC failed for item com.android.bluetooth
07-04 13:06:22.129  2080  2458 E Finsky  : [56] ItemStore: getItems RPC failed for item com.android.simappdialog.auto_generated_rro_product__
07-04 13:06:22.129  2080  2484 E Finsky  : [60] ItemStore: getItems RPC failed for item com.google.android.safetycenter.resources
07-04 13:06:22.129  2080  2467 E Finsky  : [57] ItemStore: getItems RPC failed for item com.google.android.providers.media.module
07-04 13:06:22.129  2080  2484 E Finsky  : [60] ItemStore: getItems RPC failed for item com.android.bips.auto_generated_rro_product__
07-04 13:06:22.129  2080  2467 E Finsky  : [57] ItemStore: getItems RPC failed for item com.android.providers.telephony.auto_generated_rro_product__
07-04 13:06:22.129  2080  2484 E Finsky  : [60] ItemStore: getItems RPC failed for item com.android.internal.systemui.navbar.transparent
07-04 13:06:22.130  2080  2467 E Finsky  : [57] ItemStore: getItems RPC failed for item com.google.android.apps.wellbeing
07-04 13:06:22.130  2080  2484 E Finsky  : [60] ItemStore: getItems RPC failed for item com.android.systemui.accessibility.accessibilitymenu
07-04 13:06:22.130  2080  2467 E Finsky  : [57] ItemStore: getItems RPC failed for item com.android.systemui
07-04 13:06:22.130  2080  2484 E Finsky  : [60] ItemStore: getItems RPC failed for item com.google.android.apps.docs
07-04 13:06:22.130  2080  2467 E Finsky  : [57] ItemStore: getItems RPC failed for item com.android.internal.systemui.navbar.gestural_wide_back
07-04 13:06:22.130  2080  2484 E Finsky  : [60] ItemStore: getItems RPC failed for item com.android.internal.emulation.pixel_3a
07-04 13:06:22.130  2080  2467 E Finsky  : [57] ItemStore: getItems RPC failed for item com.android.internal.emulation.pixel_3_xl
07-04 13:06:22.130  2080  2484 E Finsky  : [60] ItemStore: getItems RPC failed for item com.android.internal.display.cutout.emulation.waterfall
07-04 13:06:22.130  2080  2467 E Finsky  : [57] ItemStore: getItems RPC failed for item com.android.localtransport
07-04 13:06:22.130  2080  2475 E Finsky  : [59] ItemStore: getItems RPC failed for item com.android.internal.emulation.pixel_4_xl
07-04 13:06:22.130  2080  2467 E Finsky  : [57] ItemStore: getItems RPC failed for item com.google.android.cellbroadcastservice
07-04 13:06:22.130  2080  2475 E Finsky  : [59] ItemStore: getItems RPC failed for item com.google.android.deskclock
07-04 13:06:22.130  2080  2467 E Finsky  : [57] ItemStore: getItems RPC failed for item com.android.systemui.emulation.pixel_3a
07-04 13:06:22.130  2080  2475 E Finsky  : [59] ItemStore: getItems RPC failed for item com.google.android.apps.wallpaper.nexus
07-04 13:06:22.130  2080  2467 E Finsky  : [57] ItemStore: getItems RPC failed for item com.android.vending
07-04 13:06:22.130  2080  2475 E Finsky  : [59] ItemStore: getItems RPC failed for item com.android.dynsystem
07-04 13:06:22.130  2080  2467 E Finsky  : [57] ItemStore: getItems RPC failed for item com.android.providers.contacts.auto_generated_rro_product__
07-04 13:06:22.130  2080  2475 E Finsky  : [59] ItemStore: getItems RPC failed for item com.google.android.overlay.permissioncontroller
07-04 13:06:22.130  2080  2467 E Finsky  : [57] ItemStore: getItems RPC failed for item com.android.internal.emulation.pixel_fold
07-04 13:06:22.130  2080  2475 E Finsky  : [59] ItemStore: getItems RPC failed for item com.android.providers.settings.auto_generated_rro_product__
07-04 13:06:22.130  2080  2467 E Finsky  : [57] ItemStore: getItems RPC failed for item com.android.systemui.emulation.pixel_7
07-04 13:06:22.130  2080  2484 E Finsky  : [60] ItemStore: getItems RPC failed for item com.android.server.telecom
07-04 13:06:22.130  2080  2467 E Finsky  : [57] ItemStore: getItems RPC failed for item com.google.android.googlesdksetup
07-04 13:06:22.130  2080  2475 E Finsky  : [59] ItemStore: getItems RPC failed for item com.google.android.uwb.resources
07-04 13:06:22.130  2080  2475 E Finsky  : [59] ItemStore: getItems RPC failed for item com.android.internal.display.cutout.emulation.emu01
07-04 13:06:22.130  2080  2467 E Finsky  : [57] ItemStore: getItems RPC failed for item com.google.android.tts
07-04 13:06:22.130  2080  2475 E Finsky  : [59] ItemStore: getItems RPC failed for item com.android.bips
07-04 13:06:22.130  2080  2467 E Finsky  : [57] ItemStore: getItems RPC failed for item com.google.android.bluetooth
07-04 13:06:22.130  2080  2475 E Finsky  : [59] ItemStore: getItems RPC failed for item com.android.systemui.emulation.pixel_6
07-04 13:06:22.130  2080  2467 E Finsky  : [57] ItemStore: getItems RPC failed for item com.android.bookmarkprovider
07-04 13:06:22.130  2080  2475 E Finsky  : [59] ItemStore: getItems RPC failed for item com.android.providers.contacts
07-04 13:06:22.131  2080  2475 E Finsky  : [59] ItemStore: getItems RPC failed for item com.google.android.healthconnect.controller
07-04 13:06:22.131  2080  2467 E Finsky  : [57] ItemStore: getItems RPC failed for item com.android.internal.emulation.pixel_7_pro
07-04 13:06:22.131  2080  2475 E Finsky  : [59] ItemStore: getItems RPC failed for item com.google.android.cellbroadcastreceiver
07-04 13:06:22.131  2080  2458 E Finsky  : [56] ItemStore: getItems RPC failed for item com.google.android.projection.gearhead
07-04 13:06:22.131  2080  2475 E Finsky  : [59] ItemStore: getItems RPC failed for item com.google.android.telephony.satellite
07-04 13:06:22.131  2080  2475 E Finsky  : [59] ItemStore: getItems RPC failed for item com.google.android.federatedcompute
07-04 13:06:22.131  2080  2475 E Finsky  : [59] ItemStore: getItems RPC failed for item com.android.location.fused
07-04 13:06:22.131  2080  2458 E Finsky  : [56] ItemStore: getItems RPC failed for item com.android.bluetoothmidiservice
07-04 13:06:22.131  2080  2458 E Finsky  : [56] ItemStore: getItems RPC failed for item com.android.traceur
07-04 13:06:22.131  2080  2467 E Finsky  : [57] ItemStore: getItems RPC failed for item com.android.theme.font.notoserifsource
07-04 13:06:22.131  2080  2484 E Finsky  : [60] ItemStore: getItems RPC failed for item com.android.role.notes.enabled
07-04 13:06:22.131  2080  2467 E Finsky  : [57] ItemStore: getItems RPC failed for item com.android.systemui.emulation.pixel_3_xl
07-04 13:06:22.131  2080  2475 E Finsky  : [59] ItemStore: getItems RPC failed for item com.android.systemui.emulation.pixel_5
07-04 13:06:22.131  2080  2475 E Finsky  : [59] ItemStore: getItems RPC failed for item com.google.android.widevine.nonupdatable
07-04 13:06:22.131  2080  2467 E Finsky  : [57] ItemStore: getItems RPC failed for item com.android.internal.emulation.pixel_7a
07-04 13:06:22.131  2080  2484 E Finsky  : [60] ItemStore: getItems RPC failed for item com.android.providers.telephony
07-04 13:06:22.131  2080  2475 E Finsky  : [59] ItemStore: getItems RPC failed for item com.google.android.apps.photos
07-04 13:06:22.131  2080  2467 E Finsky  : [57] ItemStore: getItems RPC failed for item com.android.storagemanager.auto_generated_rro_product__
07-04 13:06:22.131  2080  2458 E Finsky  : [56] ItemStore: getItems RPC failed for item com.android.server.telecom.auto_generated_rro_product__
07-04 13:06:58.372   545   583 E BLASTSyncEngine: WM sent Transaction to organized, but never received commit callback. Application ANR likely to follow.
07-04 13:07:24.069  1603  1603 E A       : onError
07-04 13:07:24.069  1603  1603 E A       : com.google.android.apps.gsa.shared.speech.a.m: errorCode: 65561, engine: 2
07-04 13:07:24.069  1603  1603 E A       : 	at com.google.android.apps.gsa.staticplugins.dc.a.e.a(PG:3)
07-04 13:07:24.069  1603  1603 E A       : 	at com.google.android.apps.gsa.s3.n.hh(PG:1)
07-04 13:07:24.069  1603  1603 E A       : 	at com.google.cd.g.a.f.e(PG:2)
07-04 13:07:24.069  1603  1603 E A       : 	at com.google.android.apps.gsa.speech.k.a.g.d(PG:22)
07-04 13:07:24.069  1603  1603 E A       : 	at com.google.android.apps.gsa.speech.k.a.g.ks(PG:6)
07-04 13:07:24.069  1603  1603 E A       : 	at com.google.android.apps.gsa.s3.o.e(PG:14)
07-04 13:07:24.069  1603  1603 E A       : 	at com.google.android.apps.gsa.s3.p.run(PG:1)
07-04 13:07:24.069  1603  1603 E A       : 	at java.util.concurrent.Executors$RunnableAdapter.call(Executors.java:487)
07-04 13:07:24.069  1603  1603 E A       : 	at java.util.concurrent.FutureTask.run(FutureTask.java:264)
07-04 13:07:24.069  1603  1603 E A       : 	at com.google.android.apps.gsa.shared.util.c.a.e.run(PG:2)
07-04 13:07:24.069  1603  1603 E A       : 	at com.google.android.apps.gsa.shared.util.c.a.bi.run(PG:1)
07-04 13:07:24.069  1603  1603 E A       : 	at com.google.android.apps.gsa.shared.util.c.a.bi.run(PG:1)
07-04 13:07:24.069  1603  1603 E A       : 	at java.util.concurrent.ThreadPoolExecutor.runWorker(ThreadPoolExecutor.java:1145)
07-04 13:07:24.069  1603  1603 E A       : 	at java.util.concurrent.ThreadPoolExecutor$Worker.run(ThreadPoolExecutor.java:644)
07-04 13:07:24.069  1603  1603 E A       : 	at java.lang.Thread.run(Thread.java:1012)
07-04 13:07:24.069  1603  1603 E A       : 	at com.google.android.apps.gsa.shared.util.c.a.l.run(PG:5)
07-04 13:07:24.069  1603  1603 E A       : Caused by: com.google.android.apps.gsa.shared.speech.a.o: errorCode: 65586, engine: 2
07-04 13:07:24.069  1603  1603 E A       : 	... 15 more
07-04 13:07:24.069  1603  1603 E A       : Caused by: com.google.android.apps.gsa.shared.speech.a.k: errorCode: 401, engine: 2
07-04 13:07:24.069  1603  1603 E A       : 	at com.google.android.apps.gsa.assistant.shared.n.h.a(PG:5)
07-04 13:07:24.069  1603  1603 E A       : 	at com.google.android.apps.gsa.s3.producers.j.hE(PG:2)
07-04 13:07:24.069  1603  1603 E A       : 	at com.google.android.apps.gsa.speech.k.a.g.d(PG:16)
07-04 13:07:24.069  1603  1603 E A       : 	... 12 more
07-04 13:07:24.069  1603  1942 E cr_CronetUrlRequestContext: Exception in upload method
07-04 13:07:24.069  1603  1942 E cr_CronetUrlRequestContext: com.google.android.apps.gsa.shared.r.d: Error code: 262182
07-04 13:07:24.069  1603  1942 E cr_CronetUrlRequestContext: 	at com.google.android.apps.gsa.shared.ab.bk.d(PG:5)
07-04 13:07:24.069  1603  1942 E cr_CronetUrlRequestContext: 	at com.google.android.libraries.gsa.c.a.ar.d(PG:1)
07-04 13:07:24.069  1603  1942 E cr_CronetUrlRequestContext: 	at com.google.android.libraries.gsa.c.a.bo.b(PG:5)
07-04 13:07:24.069  1603  1942 E cr_CronetUrlRequestContext: 	at com.google.android.libraries.gsa.c.a.e.a(PG:2)
07-04 13:07:24.069  1603  1942 E cr_CronetUrlRequestContext: 	at com.google.android.libraries.gsa.c.a.a.run(PG:2)
07-04 13:07:24.069  1603  1942 E cr_CronetUrlRequestContext: 	at com.google.common.util.concurrent.bf.execute(PG:1)
07-04 13:07:24.069  1603  1942 E cr_CronetUrlRequestContext: 	at com.google.common.util.concurrent.d.i(PG:1)
07-04 13:07:24.069  1603  1942 E cr_CronetUrlRequestContext: 	at com.google.common.util.concurrent.d.l(PG:12)
07-04 13:07:24.069  1603  1942 E cr_CronetUrlRequestContext: 	at com.google.common.util.concurrent.d.cancel(PG:8)
07-04 13:07:24.069  1603  1942 E cr_CronetUrlRequestContext: 	at com.google.common.util.concurrent.d.m(PG:2)
07-04 13:07:24.069  1603  1942 E cr_CronetUrlRequestContext: 	at com.google.common.util.concurrent.j.a(PG:1)
07-04 13:07:24.069  1603  1942 E cr_CronetUrlRequestContext: 	at com.google.common.util.concurrent.d.l(PG:3)
07-04 13:07:24.069  1603  1942 E cr_CronetUrlRequestContext: 	at com.google.common.util.concurrent.d.cancel(PG:8)
07-04 13:07:24.069  1603  1942 E cr_CronetUrlRequestContext: 	at com.google.common.util.concurrent.d.m(PG:2)
07-04 13:07:24.069  1603  1942 E cr_CronetUrlRequestContext: 	at com.google.common.util.concurrent.j.a(PG:1)
07-04 13:07:24.069  1603  1942 E cr_CronetUrlRequestContext: 	at com.google.common.util.concurrent.d.l(PG:3)
07-04 13:07:24.069  1603  1942 E cr_CronetUrlRequestContext: 	at com.google.common.util.concurrent.d.cancel(PG:8)
07-04 13:07:24.069  1603  1942 E cr_CronetUrlRequestContext: 	at com.google.common.util.concurrent.d.m(PG:2)
07-04 13:07:24.069  1603  1942 E cr_CronetUrlRequestContext: 	at com.google.common.util.concurrent.j.a(PG:1)
07-04 13:07:24.069  1603  1942 E cr_CronetUrlRequestContext: 	at com.google.common.util.concurrent.d.l(PG:3)
07-04 13:07:24.069  1603  1942 E cr_CronetUrlRequestContext: 	at com.google.common.util.concurrent.d.cancel(PG:8)
07-04 13:07:24.069  1603  1942 E cr_CronetUrlRequestContext: 	at com.google.common.util.concurrent.d.m(PG:2)
07-04 13:07:24.069  1603  1942 E cr_CronetUrlRequestContext: 	at com.google.common.util.concurrent.j.a(PG:1)
07-04 13:07:24.069  1603  1942 E cr_CronetUrlRequestContext: 	at com.google.common.util.concurrent.d.l(PG:3)
07-04 13:07:24.069  1603  1942 E cr_CronetUrlRequestContext: 	at com.google.common.util.concurrent.d.cancel(PG:8)
07-04 13:07:24.069  1603  1942 E cr_CronetUrlRequestContext: 	at com.google.common.util.concurrent.d.m(PG:2)
07-04 13:07:24.069  1603  1942 E cr_CronetUrlRequestContext: 	at com.google.common.util.concurrent.c.a(PG:1)
07-04 13:07:24.069  1603  1942 E cr_CronetUrlRequestContext: 	at com.google.common.util.concurrent.d.l(PG:3)
07-04 13:07:24.069  1603  1942 E cr_CronetUrlRequestContext: 	at com.google.common.util.concurrent.d.cancel(PG:8)
07-04 13:07:24.069  1603  1942 E cr_CronetUrlRequestContext: 	at com.google.common.util.concurrent.bu.cancel(PG:1)
07-04 13:07:24.069  1603  1942 E cr_CronetUrlRequestContext: 	at com.google.common.util.concurrent.d.cancel(PG:17)
07-04 13:07:24.069  1603  1942 E cr_CronetUrlRequestContext: 	at com.google.android.apps.gsa.staticplugins.bk.b.h.run(PG:2)
07-04 13:07:24.069  1603  1942 E cr_CronetUrlRequestContext: 	at com.google.common.util.concurrent.bf.execute(PG:1)
07-04 13:07:24.069  1603  1942 E cr_CronetUrlRequestContext: 	at com.google.common.util.concurrent.d.i(PG:1)
07-04 13:07:24.069  1603  1942 E cr_CronetUrlRequestContext: 	at com.google.common.util.concurrent.d.l(PG:12)
07-04 13:07:24.069  1603  1942 E cr_CronetUrlRequestContext: 	at com.google.common.util.concurrent.d.cancel(PG:8)
07-04 13:07:24.069  1603  1942 E cr_CronetUrlRequestContext: 	at com.google.common.util.concurrent.d.m(PG:2)
07-04 13:07:24.069  1603  1942 E cr_CronetUrlRequestContext: 	at com.google.common.util.concurrent.j.a(PG:1)
07-04 13:07:24.069  1603  1942 E cr_CronetUrlRequestContext: 	at com.google.common.util.concurrent.d.l(PG:3)
07-04 13:07:24.069  1603  1942 E cr_CronetUrlRequestContext: 	at com.google.common.util.concurrent.d.cancel(PG:8)
07-04 13:07:24.069  1603  1942 E cr_CronetUrlRequestContext: 	at com.google.android.apps.gsa.shared.util.c.aj.a(PG:2)
07-04 13:07:24.069  1603  1942 E cr_CronetUrlRequestContext: 	at com.google.common.util.concurrent.d.l(PG:3)
07-04 13:07:24.069  1603  1942 E cr_CronetUrlRequestContext: 	at com.google.common.util.concurrent.d.cancel(PG:8)
07-04 13:07:24.069  1603  1942 E cr_CronetUrlRequestContext: 	at com.google.common.util.concurrent.d.m(PG:2)
07-04 13:07:24.069  1603  1942 E cr_CronetUrlRequestContext: 	at com.google.common.util.concurrent.c.a(PG:1)
07-04 13:07:24.069  1603  1942 E cr_CronetUrlRequestContext: 	at com.google.common.util.concurrent.d.l(PG:3)
07-04 13:07:24.069  1603  1942 E cr_CronetUrlRequestContext: 	at com.google.common.util.concurrent.d.cancel(PG:8)
07-04 13:07:24.069  1603  1942 E cr_CronetUrlRequestContext: 	at com.google.android.apps.gsa.s3.o.c(PG:2)
07-04 13:07:24.069  1603  1942 E cr_CronetUrlRequestContext: 	at com.google.android.apps.gsa.s3.r.a(PG:1)
07-04 13:07:24.069  1603  1942 E cr_CronetUrlRequestContext: 	at com.google.android.apps.gsa.staticplugins.dc.a.c.e(PG:2)
07-04 13:07:24.069  1603  1942 E cr_CronetUrlRequestContext: 	at com.google.android.apps.gsa.staticplugins.dc.a.c.c(PG:3)
07-04 13:07:24.069  1603  1942 E cr_CronetUrlRequestContext: 	at com.google.android.apps.gsa.staticplugins.dc.a.e.a(PG:5)
07-04 13:07:24.069  1603  1942 E cr_CronetUrlRequestContext: 	at com.google.android.apps.gsa.s3.n.hh(PG:1)
07-04 13:07:24.069  1603  1942 E cr_CronetUrlRequestContext: 	at com.google.cd.g.a.f.e(PG:2)
07-04 13:07:24.069  1603  1942 E cr_CronetUrlRequestContext: 	at com.google.android.apps.gsa.speech.k.a.g.d(PG:22)
07-04 13:07:24.069  1603  1942 E cr_CronetUrlRequestContext: 	at com.google.android.apps.gsa.speech.k.a.g.ks(PG:6)
07-04 13:07:24.069  1603  1942 E cr_CronetUrlRequestContext: 	at com.google.android.apps.gsa.s3.o.e(PG:14)
07-04 13:07:24.069  1603  1942 E cr_CronetUrlRequestContext: 	at com.google.android.apps.gsa.s3.p.run(PG:1)
07-04 13:07:24.069  1603  1942 E cr_CronetUrlRequestContext: 	at java.util.concurrent.Executors$RunnableAdapter.call(Executors.java:487)
07-04 13:07:24.069  1603  1942 E cr_CronetUrlRequestContext: 	at java.util.concurrent.FutureTask.run(FutureTask.java:264)
07-04 13:07:24.069  1603  1942 E cr_CronetUrlRequestContext: 	at com.google.android.apps.gsa.shared.util.c.a.e.run(PG:2)
07-04 13:07:24.069  1603  1942 E cr_CronetUrlRequestContext: 	at com.google.android.apps.gsa.shared.util.c.a.bi.run(PG:1)
07-04 13:07:24.069  1603  1942 E cr_CronetUrlRequestContext: 	at com.google.android.apps.gsa.shared.util.c.a.bi.run(PG:1)
07-04 13:07:24.069  1603  1942 E cr_CronetUrlRequestContext: 	at java.util.concurrent.ThreadPoolExecutor.runWorker(ThreadPoolExecutor.java:1145)
07-04 13:07:24.069  1603  1942 E cr_CronetUrlRequestContext: 	at java.util.concurrent.ThreadPoolExecutor$Worker.run(ThreadPoolExecutor.java:644)
07-04 13:07:24.069  1603  1942 E cr_CronetUrlRequestContext: 	at java.lang.Thread.run(Thread.java:1012)
07-04 13:07:24.069  1603  1942 E cr_CronetUrlRequestContext: 	at com.google.android.apps.gsa.shared.util.c.a.l.run(PG:5)
07-04 13:07:33.209  3214  3271 E RkpdServerInterface: Server connection failed for url: https://remoteprovisioning.googleapis.com/v1:signCertificates?challenge=AAABny097dwBILStYxty7-4WRQzwlky4ou6OD-c=&request_id=f5517cd0-5575-4936-9785-56c33a621ff3, response code: 400
07-04 13:07:33.209  3214  3271 E RkpdServerInterface: Repeated failure count: 1
07-04 13:07:33.209  3214  3271 E RkpdServerInterface: {
07-04 13:07:33.209  3214  3271 E RkpdServerInterface:   "error": {
07-04 13:07:33.209  3214  3271 E RkpdServerInterface:     "code": 400,
07-04 13:07:33.209  3214  3271 E RkpdServerInterface:     "message": "Invalid request payload: vendor_patch_level`0` should be in the format YYYYMMDD or YYYYMM if present.\nRequestId: f5517cd0-5575-4936-9785-56c33a621ff3",
07-04 13:07:33.209  3214  3271 E RkpdServerInterface:     "status": "INVALID_ARGUMENT"
07-04 13:07:33.209  3214  3271 E RkpdServerInterface:   }
07-04 13:07:33.209  3214  3271 E RkpdServerInterface: }
07-04 13:07:33.210  3214  3271 E RkpdRegistrationBinder: RKPD failed to provision keys
07-04 13:07:33.210  3214  3271 E RkpdRegistrationBinder: com.android.rkpdapp.RkpdException: HTTP error status encountered: 400
07-04 13:07:33.210  3214  3271 E RkpdRegistrationBinder: 	at com.android.rkpdapp.interfaces.ServerInterface.requestData(ServerInterface.java:341)
07-04 13:07:33.210  3214  3271 E RkpdRegistrationBinder: 	at com.android.rkpdapp.interfaces.ServerInterface.connectAndGetData(ServerInterface.java:287)
07-04 13:07:33.210  3214  3271 E RkpdRegistrationBinder: 	at com.android.rkpdapp.interfaces.ServerInterface.requestSignedCertificates(ServerInterface.java:121)
07-04 13:07:33.210  3214  3271 E RkpdRegistrationBinder: 	at com.android.rkpdapp.provisioner.Provisioner.batchProvision(Provisioner.java:157)
07-04 13:07:33.210  3214  3271 E RkpdRegistrationBinder: 	at com.android.rkpdapp.provisioner.Provisioner.fetchCertificates(Provisioner.java:136)
07-04 13:07:33.210  3214  3271 E RkpdRegistrationBinder: 	at com.android.rkpdapp.provisioner.Provisioner.provisionKeys(Provisioner.java:89)
07-04 13:07:33.210  3214  3271 E RkpdRegistrationBinder: 	at com.android.rkpdapp.service.RegistrationBinder.fetchGeekAndProvisionKeys(RegistrationBinder.java:151)
07-04 13:07:33.210  3214  3271 E RkpdRegistrationBinder: 	at com.android.rkpdapp.service.RegistrationBinder.getKeyWorker(RegistrationBinder.java:117)
07-04 13:07:33.210  3214  3271 E RkpdRegistrationBinder: 	at com.android.rkpdapp.service.RegistrationBinder.getKeyThreadWorker(RegistrationBinder.java:235)
07-04 13:07:33.210  3214  3271 E RkpdRegistrationBinder: 	at com.android.rkpdapp.service.RegistrationBinder.lambda$getKey$3(RegistrationBinder.java:223)
07-04 13:07:33.210  3214  3271 E RkpdRegistrationBinder: 	at com.android.rkpdapp.service.RegistrationBinder.$r8$lambda$TliFA5y2_wUzHwCyn77kum7XL5E(RegistrationBinder.java:0)
07-04 13:07:33.210  3214  3271 E RkpdRegistrationBinder: 	at com.android.rkpdapp.service.RegistrationBinder$$ExternalSyntheticLambda9.run(R8$$SyntheticClass:0)
07-04 13:07:33.210  3214  3271 E RkpdRegistrationBinder: 	at java.util.concurrent.Executors$RunnableAdapter.call(Executors.java:487)
07-04 13:07:33.210  3214  3271 E RkpdRegistrationBinder: 	at java.util.concurrent.FutureTask.run(FutureTask.java:264)
07-04 13:07:33.210  3214  3271 E RkpdRegistrationBinder: 	at java.util.concurrent.ThreadPoolExecutor.runWorker(ThreadPoolExecutor.java:1145)
07-04 13:07:33.210  3214  3271 E RkpdRegistrationBinder: 	at java.util.concurrent.ThreadPoolExecutor$Worker.run(ThreadPoolExecutor.java:644)
07-04 13:07:33.210  3214  3271 E RkpdRegistrationBinder: 	at java.lang.Thread.run(Thread.java:1012)
07-04 13:07:33.210   545   545 E RemoteProvisionSysSvc: RKP error fetching key for client 45715269: ERROR_UNKNOWN: HTTP error status encountered: 400
07-04 13:07:33.210   182   182 E keystore2: system/security/keystore2/src/rkpd_client.rs:172 - IGetKeyCallback failed: ERROR_UNKNOWN: HTTP error status encountered: 400
07-04 13:07:34.254  1298  1914 E OpenGLRenderer: Unable to match the desired swap behavior.
07-04 13:07:34.333  1298  2031 E native  : E0000 00:00:1783170454.332876    2031 scoped-file.cc:106] open() failed for /data/user/0/com.google.android.inputmethod.latin/files/personal/adapt_state.en.dat: No such file or directory [2]
07-04 13:07:34.336  1298  2031 E native  : E0000 00:00:1783170454.336081    2031 scoped-file.cc:106] open() failed for /data/user/0/com.google.android.inputmethod.latin/files/personal/blacklist.en_us.list: No such file or directory [2]
07-04 13:07:34.336  1298  2031 E native  : E0000 00:00:1783170454.336331    2031 android-decoder-jni.cc:476] Failed to load dynamic LM from /data/user/0/com.google.android.inputmethod.latin/files/personal/blacklist.en_us.list
07-04 13:07:45.098  1298  1298 E native  : E0000 00:00:1783170465.098688    1298 key-correction-manager.cc:322] User feature cache is not ready for key correction!
07-04 13:09:57.411   545  4985 E GnssPsdsDownloader: No Long-Term PSDS servers were specified in the GnssConfiguration
07-04 13:10:27.305   545   683 E WifiStaIfaceAidlImpl: installApfPacketFilter failed with service-specific exception: android.os.ServiceSpecificException:  (code 4)
07-04 13:10:39.611  1603  1603 E A       : onError
07-04 13:10:39.611  1603  1603 E A       : com.google.android.apps.gsa.shared.speech.a.m: errorCode: 65561, engine: 2
07-04 13:10:39.611  1603  1603 E A       : 	at com.google.android.apps.gsa.staticplugins.dc.a.e.a(PG:3)
07-04 13:10:39.611  1603  1603 E A       : 	at com.google.android.apps.gsa.s3.n.hh(PG:1)
07-04 13:10:39.611  1603  1603 E A       : 	at com.google.cd.g.a.f.e(PG:2)
07-04 13:10:39.611  1603  1603 E A       : 	at com.google.android.apps.gsa.speech.k.a.g.d(PG:22)
07-04 13:10:39.611  1603  1603 E A       : 	at com.google.android.apps.gsa.speech.k.a.g.ks(PG:6)
07-04 13:10:39.611  1603  1603 E A       : 	at com.google.android.apps.gsa.s3.o.e(PG:14)
07-04 13:10:39.611  1603  1603 E A       : 	at com.google.android.apps.gsa.s3.p.run(PG:1)
07-04 13:10:39.611  1603  1603 E A       : 	at java.util.concurrent.Executors$RunnableAdapter.call(Executors.java:487)
07-04 13:10:39.611  1603  1603 E A       : 	at java.util.concurrent.FutureTask.run(FutureTask.java:264)
07-04 13:10:39.611  1603  1603 E A       : 	at com.google.android.apps.gsa.shared.util.c.a.e.run(PG:2)
07-04 13:10:39.611  1603  1603 E A       : 	at com.google.android.apps.gsa.shared.util.c.a.bi.run(PG:1)
07-04 13:10:39.611  1603  1603 E A       : 	at com.google.android.apps.gsa.shared.util.c.a.bi.run(PG:1)
07-04 13:10:39.611  1603  1603 E A       : 	at java.util.concurrent.ThreadPoolExecutor.runWorker(ThreadPoolExecutor.java:1145)
07-04 13:10:39.611  1603  1603 E A       : 	at java.util.concurrent.ThreadPoolExecutor$Worker.run(ThreadPoolExecutor.java:644)
07-04 13:10:39.611  1603  1603 E A       : 	at java.lang.Thread.run(Thread.java:1012)
07-04 13:10:39.611  1603  1603 E A       : 	at com.google.android.apps.gsa.shared.util.c.a.l.run(PG:5)
07-04 13:10:39.611  1603  1603 E A       : Caused by: com.google.android.apps.gsa.shared.speech.a.o: errorCode: 65586, engine: 2
07-04 13:10:39.611  1603  1603 E A       : 	... 15 more
07-04 13:10:39.611  1603  1603 E A       : Caused by: com.google.android.apps.gsa.shared.speech.a.k: errorCode: 401, engine: 2
07-04 13:10:39.611  1603  1603 E A       : 	at com.google.android.apps.gsa.assistant.shared.n.h.a(PG:5)
07-04 13:10:39.611  1603  1603 E A       : 	at com.google.android.apps.gsa.s3.producers.j.hE(PG:2)
07-04 13:10:39.611  1603  1603 E A       : 	at com.google.android.apps.gsa.speech.k.a.g.d(PG:16)
07-04 13:10:39.611  1603  1603 E A       : 	... 12 more
07-04 13:10:39.677   545  1492 E SettingsToPropertiesMapper: key=persist.device_config.storage_native_boot.transcode_compat_manifest value=com.yelp.android,0,com.yy.biu,0,com.groupme.android,0,air.tv.douyu.android,0,com.baidu.mbaby,0,com.vlocker.locker,0,com.znxh.hyhuo,0,com.yixia.xiaokaxiu,0 exceeds system property max length.
