07-04 13:10:40.306   545  5007 E SettingsToPropertiesMapper: key=persist.device_config.configuration.AdbWritableFlags__adb_writable_flags_list value=adservices/disable_sdk_sandbox,adservices/enforce_broadcast_receiver_restrictions,adservices/fledge_ad_selection_enforce_foreground_status_custom_audience,adservices/fledge_custom_audience_max_count,adservices/fledge_custom_audience_max_num_ads,adservices/fledge_custom_audience_max_owner_count,adservices/fledge_custom_audience_per_app_max_count,adservices/fledge_js_isolate_enforce_max_heap_size,adservices/fledge_js_isolate_max_heap_size_bytes,adservices/sdk_request_permits_per_second,adservices/sdksandbox_customized_sdk_context_enabled,configuration/namespace_to_package_mapping,constrain_display_apis/always_constrain_display_apis,constrain_display_apis/never_constrain_display_apis,constrain_display_apis/never_constrain_display_apis_all_packages,device_policy_manager/disable_resources_updatability,flipendo/default_savings_mode_launch,flipendo/essential_apps,flipendo/flipendo_enabled_launch,flipendo/grayscale_enabled_launch,flipendo/lever_ble_scanning_enabled_launch,flipendo/lever_hotspot_enabled_launch,flipendo/lever_work_profile_enabled_launch,flipendo/resuspend_delay_minutes,namespace/key,namespace1/key1,namespace1/key2,namespace2/key1,namespace2/key2,package_manager_service/incfs_default_timeouts,package_manager_service/known_digesters_list,privacy/location_access_check_periodic_interval_millis,rollback/enable_rollback_timeout,rollback/watchdog_explicit_health_check_enabled,rollback/watchdog_request_timeout_millis,rollback/watchdog_trigger_failure_count,rollback/watchdog_trigger_failure_duration_millis,rollback_boot/rollback_lifetime_in_millis,systemui/nas_generate_actions,systemui/nas_generate_replies,systemui/nas_max_messages_to_extract,systemui/nas_max_suggestions,testspace/another,testspace/flagname,textclassifier/config_updater_model_enabled,textclassifier/key,textclassifier/key2,textclassifier/manifest_url_annotator_en,textclassifier/manifest_url_annotator_ru,textclassifier/model_download_backoff_delay_in_millis,textclassifier/model_download_manager_enabled,textclassifier/multi_language_support_enabled,textclassifier/testing_locale_list_override,textclassifier/textclassifier_service_package_override,window_manager/enable_default_rescind_bal_privileges_from_pending_intent_sender,wrong/nas_generate_replies, exceeds system property max length.
07-04 13:10:40.498   545   545 E DeviceConfig: Parsing int failed for location_mode
07-04 13:15:06.916  5077  5077 E .android.chrome: Not starting debugger since process cannot load the jdwp agent.
07-04 13:15:39.912  1603  1603 E A       : onError
07-04 13:15:39.912  1603  1603 E A       : com.google.android.apps.gsa.shared.speech.a.m: errorCode: 65561, engine: 2
07-04 13:15:39.912  1603  1603 E A       : 	at com.google.android.apps.gsa.staticplugins.dc.a.e.a(PG:3)
07-04 13:15:39.912  1603  1603 E A       : 	at com.google.android.apps.gsa.s3.n.hh(PG:1)
07-04 13:15:39.912  1603  1603 E A       : 	at com.google.cd.g.a.f.e(PG:2)
07-04 13:15:39.912  1603  1603 E A       : 	at com.google.android.apps.gsa.speech.k.a.g.d(PG:22)
07-04 13:15:39.912  1603  1603 E A       : 	at com.google.android.apps.gsa.speech.k.a.g.ks(PG:6)
07-04 13:15:39.912  1603  1603 E A       : 	at com.google.android.apps.gsa.s3.o.e(PG:14)
07-04 13:15:39.912  1603  1603 E A       : 	at com.google.android.apps.gsa.s3.p.run(PG:1)
07-04 13:15:39.912  1603  1603 E A       : 	at java.util.concurrent.Executors$RunnableAdapter.call(Executors.java:487)
07-04 13:15:39.912  1603  1603 E A       : 	at java.util.concurrent.FutureTask.run(FutureTask.java:264)
07-04 13:15:39.912  1603  1603 E A       : 	at com.google.android.apps.gsa.shared.util.c.a.e.run(PG:2)
07-04 13:15:39.912  1603  1603 E A       : 	at com.google.android.apps.gsa.shared.util.c.a.bi.run(PG:1)
07-04 13:15:39.912  1603  1603 E A       : 	at com.google.android.apps.gsa.shared.util.c.a.bi.run(PG:1)
07-04 13:15:39.912  1603  1603 E A       : 	at java.util.concurrent.ThreadPoolExecutor.runWorker(ThreadPoolExecutor.java:1145)
07-04 13:15:39.912  1603  1603 E A       : 	at java.util.concurrent.ThreadPoolExecutor$Worker.run(ThreadPoolExecutor.java:644)
07-04 13:15:39.912  1603  1603 E A       : 	at java.lang.Thread.run(Thread.java:1012)
07-04 13:15:39.912  1603  1603 E A       : 	at com.google.android.apps.gsa.shared.util.c.a.l.run(PG:5)
07-04 13:15:39.912  1603  1603 E A       : Caused by: com.google.android.apps.gsa.shared.speech.a.o: errorCode: 65586, engine: 2
07-04 13:15:39.912  1603  1603 E A       : 	... 15 more
07-04 13:15:39.912  1603  1603 E A       : Caused by: com.google.android.apps.gsa.shared.speech.a.k: errorCode: 401, engine: 2
07-04 13:15:39.912  1603  1603 E A       : 	at com.google.android.apps.gsa.assistant.shared.n.h.a(PG:5)
07-04 13:15:39.912  1603  1603 E A       : 	at com.google.android.apps.gsa.s3.producers.j.hE(PG:2)
07-04 13:15:39.912  1603  1603 E A       : 	at com.google.android.apps.gsa.speech.k.a.g.d(PG:16)
07-04 13:15:39.912  1603  1603 E A       : 	... 12 more
07-04 13:19:57.513   545  5146 E GnssPsdsDownloader: No Long-Term PSDS servers were specified in the GnssConfiguration
07-04 13:19:59.407   545   683 E WifiStaIfaceAidlImpl: installApfPacketFilter failed with service-specific exception: android.os.ServiceSpecificException:  (code 4)
07-04 13:20:23.933  5148  5148 E d.configupdater: Not starting debugger since process cannot load the jdwp agent.
07-04 13:24:22.708   545   592 E libprocessgroup: No such cgroup attribute: /sys/fs/cgroup/uid_4294877486/cgroup.freeze
07-04 13:24:22.803   545   592 E libprocessgroup: No such cgroup attribute: /sys/fs/cgroup/uid_4294877486/cgroup.freeze
07-04 13:24:22.829  1603  2373 E OpenGLRenderer: Unable to match the desired swap behavior.
07-04 13:24:22.886  1044  1840 E OneSearchSuggestProvider: Failed to fetch suggestions from AppSearch, fallback to AGA
07-04 13:24:22.886  1044  1840 E OneSearchSuggestProvider: java.util.concurrent.CompletionException: java.util.NoSuchElementException: No value present
07-04 13:24:22.886  1044  1840 E OneSearchSuggestProvider: 	at java.util.concurrent.CompletableFuture.encodeThrowable(CompletableFuture.java:308)
07-04 13:24:22.886  1044  1840 E OneSearchSuggestProvider: 	at java.util.concurrent.CompletableFuture.completeThrowable(CompletableFuture.java:323)
07-04 13:24:22.886  1044  1840 E OneSearchSuggestProvider: 	at java.util.concurrent.CompletableFuture$UniAccept.tryFire(CompletableFuture.java:684)
07-04 13:24:22.886  1044  1840 E OneSearchSuggestProvider: 	at java.util.concurrent.CompletableFuture.postComplete(CompletableFuture.java:486)
07-04 13:24:22.886  1044  1840 E OneSearchSuggestProvider: 	at java.util.concurrent.CompletableFuture.completeExceptionally(CompletableFuture.java:2138)
07-04 13:24:22.886  1044  1840 E OneSearchSuggestProvider: 	at com.google.android.apps.nexuslauncher.allapps.H0.onResult(Unknown Source:59)
07-04 13:24:22.886  1044  1840 E OneSearchSuggestProvider: 	at android.app.appsearch.SearchSessionUtil$1.lambda$onResult$0(SearchSessionUtil.java:129)
07-04 13:24:22.886  1044  1840 E OneSearchSuggestProvider: 	at android.app.appsearch.SearchSessionUtil$1.$r8$lambda$_nlk9WiPjSfaAsqKYmp0aPvSRC0(SearchSessionUtil.java:1)
07-04 13:24:22.886  1044  1840 E OneSearchSuggestProvider: 	at android.app.appsearch.SearchSessionUtil$1$$ExternalSyntheticLambda0.run(R8$$SyntheticClass:13)
07-04 13:24:22.886  1044  1840 E OneSearchSuggestProvider: 	at android.os.Handler.handleCallback(Handler.java:958)
07-04 13:24:22.886  1044  1840 E OneSearchSuggestProvider: 	at android.os.Handler.dispatchMessage(Handler.java:99)
07-04 13:24:22.886  1044  1840 E OneSearchSuggestProvider: 	at android.os.Looper.loopOnce(Looper.java:205)
07-04 13:24:22.886  1044  1840 E OneSearchSuggestProvider: 	at android.os.Looper.loop(Looper.java:294)
07-04 13:24:22.886  1044  1840 E OneSearchSuggestProvider: 	at android.os.HandlerThread.run(HandlerThread.java:67)
07-04 13:24:22.886  1044  1840 E OneSearchSuggestProvider: Caused by: java.util.NoSuchElementException: No value present
07-04 13:24:22.886  1044  1840 E OneSearchSuggestProvider: 	at java.util.Optional.get(Optional.java:144)
07-04 13:24:22.886  1044  1840 E OneSearchSuggestProvider: 	at com.google.android.apps.nexuslauncher.allapps.H0.onResult(Unknown Source:16)
07-04 13:24:22.886  1044  1840 E OneSearchSuggestProvider: 	... 8 more
07-04 13:24:22.886  1044  1609 E OpenGLRenderer: Unable to match the desired swap behavior.
07-04 13:24:23.009   545   696 E AppOps  : attributionTag VCN not declared in manifest of android
07-04 13:24:23.042   545   696 E AppOps  : attributionTag VCN not declared in manifest of android
07-04 13:24:23.080  5205  5205 E ssioncontroller: Not starting debugger since process cannot load the jdwp agent.
07-04 13:24:23.115  5221  5221 E ndroid.keychain: Not starting debugger since process cannot load the jdwp agent.
07-04 13:24:23.157   545   696 E AppOps  : attributionTag VCN not declared in manifest of android
07-04 13:24:23.304   415   415 E BpTransactionCompletedListener: Failed to transact (-32)
07-04 13:24:23.397  1603  1603 E A       : onError
07-04 13:24:23.397  1603  1603 E A       : com.google.android.apps.gsa.shared.speech.a.m: errorCode: 65561, engine: 2
07-04 13:24:23.397  1603  1603 E A       : 	at com.google.android.apps.gsa.staticplugins.dc.a.e.a(PG:3)
07-04 13:24:23.397  1603  1603 E A       : 	at com.google.android.apps.gsa.s3.n.hh(PG:1)
07-04 13:24:23.397  1603  1603 E A       : 	at com.google.cd.g.a.f.e(PG:2)
07-04 13:24:23.397  1603  1603 E A       : 	at com.google.android.apps.gsa.speech.k.a.g.d(PG:22)
07-04 13:24:23.397  1603  1603 E A       : 	at com.google.android.apps.gsa.speech.k.a.g.ks(PG:6)
07-04 13:24:23.397  1603  1603 E A       : 	at com.google.android.apps.gsa.s3.o.e(PG:14)
07-04 13:24:23.397  1603  1603 E A       : 	at com.google.android.apps.gsa.s3.p.run(PG:1)
07-04 13:24:23.397  1603  1603 E A       : 	at java.util.concurrent.Executors$RunnableAdapter.call(Executors.java:487)
07-04 13:24:23.397  1603  1603 E A       : 	at java.util.concurrent.FutureTask.run(FutureTask.java:264)
07-04 13:24:23.397  1603  1603 E A       : 	at com.google.android.apps.gsa.shared.util.c.a.e.run(PG:2)
07-04 13:24:23.397  1603  1603 E A       : 	at com.google.android.apps.gsa.shared.util.c.a.bi.run(PG:1)
07-04 13:24:23.397  1603  1603 E A       : 	at com.google.android.apps.gsa.shared.util.c.a.bi.run(PG:1)
07-04 13:24:23.397  1603  1603 E A       : 	at java.util.concurrent.ThreadPoolExecutor.runWorker(ThreadPoolExecutor.java:1145)
07-04 13:24:23.397  1603  1603 E A       : 	at java.util.concurrent.ThreadPoolExecutor$Worker.run(ThreadPoolExecutor.java:644)
07-04 13:24:23.397  1603  1603 E A       : 	at java.lang.Thread.run(Thread.java:1012)
07-04 13:24:23.397  1603  1603 E A       : 	at com.google.android.apps.gsa.shared.util.c.a.l.run(PG:5)
07-04 13:24:23.397  1603  1603 E A       : Caused by: com.google.android.apps.gsa.shared.speech.a.o: errorCode: 65586, engine: 2
07-04 13:24:23.397  1603  1603 E A       : 	... 15 more
07-04 13:24:23.397  1603  1603 E A       : Caused by: com.google.android.apps.gsa.shared.speech.a.k: errorCode: 401, engine: 2
07-04 13:24:23.397  1603  1603 E A       : 	at com.google.android.apps.gsa.assistant.shared.n.h.a(PG:5)
07-04 13:24:23.397  1603  1603 E A       : 	at com.google.android.apps.gsa.s3.producers.j.hE(PG:2)
07-04 13:24:23.397  1603  1603 E A       : 	at com.google.android.apps.gsa.speech.k.a.g.d(PG:16)
07-04 13:24:23.397  1603  1603 E A       : 	... 12 more
07-04 13:24:23.528  2080  2458 E Finsky  : [56] [Counters] attempted to use a non-positive increment for: 4752
07-04 13:24:23.528  2080  2458 E Finsky  : [56] [Counters] attempted to use a non-positive increment for: 4753
07-04 13:24:23.553  5269  5269 E .apps.wellbeing: Not starting debugger since process cannot load the jdwp agent.
07-04 13:24:23.588  2080  2475 E Finsky  : [59] [Counters] attempted to use a non-positive increment for: 4752
07-04 13:24:23.588  2080  2475 E Finsky  : [59] [Counters] attempted to use a non-positive increment for: 4753
07-04 13:24:23.611  2080  2080 E Finsky  : [2] bryu failed GRPC call!
07-04 13:24:23.611  2080  2080 E Finsky  : java.lang.UnsupportedOperationException: Unauth not supported in gRPC BrowseService.
07-04 13:24:23.611  2080  2080 E Finsky  : 	at abhv.c(PG:177)
07-04 13:24:23.611  2080  2080 E Finsky  : 	at abht.b(PG:313)
07-04 13:24:23.611  2080  2080 E Finsky  : 	at abht.a(PG:54)
07-04 13:24:23.611  2080  2080 E Finsky  : 	at org.chromium.net.AndroidNetworkLibrary.v(PG:14)
07-04 13:24:23.611  2080  2080 E Finsky  : 	at internal.org.jni_zero.JniZero.i(PG:29)
07-04 13:24:23.611  2080  2080 E Finsky  : 	at internal.org.jni_zero.JniZero.j(PG:12)
07-04 13:24:23.611  2080  2080 E Finsky  : 	at abhu.b(PG:37)
07-04 13:24:23.611  2080  2080 E Finsky  : 	at abhu.mh(PG:23)
07-04 13:24:23.611  2080  2080 E Finsky  : 	at sno.b(PG:25)
07-04 13:24:23.611  2080  2080 E Finsky  : 	at cdwj.qN(PG:5)
07-04 13:24:23.611  2080  2080 E Finsky  : 	at ceds.run(PG:109)
07-04 13:24:23.611  2080  2080 E Finsky  : 	at java.util.concurrent.ThreadPoolExecutor.runWorker(ThreadPoolExecutor.java:1145)
07-04 13:24:23.611  2080  2080 E Finsky  : 	at java.util.concurrent.ThreadPoolExecutor$Worker.run(ThreadPoolExecutor.java:644)
07-04 13:24:23.611  2080  2080 E Finsky  : 	at whd.run(PG:616)
07-04 13:24:23.611  2080  2080 E Finsky  : 	at java.lang.Thread.run(Thread.java:1012)
07-04 13:24:23.611  2080  2458 E Finsky  : [56] ItemStore: getItems RPC failed for item com.stoicus.app
07-04 13:24:23.632  2080  2080 E Finsky  : [2] bryu failed GRPC call!
07-04 13:24:23.632  2080  2080 E Finsky  : java.lang.UnsupportedOperationException: Unauth not supported in gRPC BrowseService.
07-04 13:24:23.632  2080  2080 E Finsky  : 	at abhv.c(PG:177)
07-04 13:24:23.632  2080  2080 E Finsky  : 	at abht.b(PG:313)
07-04 13:24:23.632  2080  2080 E Finsky  : 	at abht.a(PG:54)
07-04 13:24:23.632  2080  2080 E Finsky  : 	at org.chromium.net.AndroidNetworkLibrary.v(PG:14)
07-04 13:24:23.632  2080  2080 E Finsky  : 	at internal.org.jni_zero.JniZero.i(PG:29)
07-04 13:24:23.632  2080  2080 E Finsky  : 	at internal.org.jni_zero.JniZero.j(PG:12)
07-04 13:24:23.632  2080  2080 E Finsky  : 	at abhu.b(PG:37)
07-04 13:24:23.632  2080  2080 E Finsky  : 	at abhu.mh(PG:23)
07-04 13:24:23.632  2080  2080 E Finsky  : 	at sno.b(PG:25)
07-04 13:24:23.632  2080  2080 E Finsky  : 	at cdwj.qN(PG:5)
07-04 13:24:23.632  2080  2080 E Finsky  : 	at ceds.run(PG:109)
07-04 13:24:23.632  2080  2080 E Finsky  : 	at java.util.concurrent.ThreadPoolExecutor.runWorker(ThreadPoolExecutor.java:1145)
07-04 13:24:23.632  2080  2080 E Finsky  : 	at java.util.concurrent.ThreadPoolExecutor$Worker.run(ThreadPoolExecutor.java:644)
07-04 13:24:23.632  2080  2080 E Finsky  : 	at whd.run(PG:616)
07-04 13:24:23.632  2080  2080 E Finsky  : 	at java.lang.Thread.run(Thread.java:1012)
07-04 13:24:23.633  2080  2458 E Finsky  : [56] ItemStore: getItems RPC failed for item com.stoicus.app
07-04 13:24:26.290   545  1509 E TaskPersister: File error accessing recents directory (directory doesn't exist?).
07-04 13:24:34.622   761   904 E OpenGLRenderer: Unable to match the desired swap behavior.
07-04 13:24:36.155  5370  5390 E OpenGLRenderer: Unable to match the desired swap behavior.
07-04 13:24:38.588   545  1509 E TaskPersister: File error accessing recents directory (directory doesn't exist?).
07-04 13:25:34.203   545   583 E BLASTSyncEngine: WM sent Transaction to organized, but never received commit callback. Application ANR likely to follow.
07-04 13:25:41.777  5463  5463 E t_app_installer: Not starting debugger since process cannot load the jdwp agent.
07-04 13:26:01.555   545   683 E WifiStaIfaceAidlImpl: installApfPacketFilter failed with service-specific exception: android.os.ServiceSpecificException:  (code 4)
07-04 13:26:15.768   761   904 E OpenGLRenderer: Unable to match the desired swap behavior.
07-04 13:26:15.781   761   904 E OpenGLRenderer: Unable to match the desired swap behavior.
07-04 13:26:15.807  1044  1609 E FrameEvents: updateAcquireFence: Did not find frame.
07-04 13:26:15.817   761   904 E OpenGLRenderer: Unable to match the desired swap behavior.
07-04 13:26:15.833   761   904 E OpenGLRenderer: Unable to match the desired swap behavior.
07-04 13:26:15.837   809   922 E SystemServiceRegistry: No service published for: ethernet
07-04 13:26:15.837   809   922 E SystemServiceRegistry: android.os.ServiceManager$ServiceNotFoundException: No service published for: ethernet
07-04 13:26:15.837   809   922 E SystemServiceRegistry: 	at android.os.ServiceManager.getServiceOrThrow(ServiceManager.java:166)
07-04 13:26:15.837   809   922 E SystemServiceRegistry: 	at android.app.SystemServiceRegistry$139.createService(SystemServiceRegistry.java:1872)
07-04 13:26:15.837   809   922 E SystemServiceRegistry: 	at android.app.SystemServiceRegistry$CachedServiceFetcher.getService(SystemServiceRegistry.java:1971)
07-04 13:26:15.837   809   922 E SystemServiceRegistry: 	at android.app.SystemServiceRegistry.getSystemService(SystemServiceRegistry.java:1645)
07-04 13:26:15.837   809   922 E SystemServiceRegistry: 	at android.app.ContextImpl.getSystemService(ContextImpl.java:2212)
07-04 13:26:15.837   809   922 E SystemServiceRegistry: 	at android.content.ContextWrapper.getSystemService(ContextWrapper.java:934)
07-04 13:26:15.837   809   922 E SystemServiceRegistry: 	at com.android.networkstack.tethering.Tethering.isEthernetSupported(Tethering.java:1582)
07-04 13:26:15.837   809   922 E SystemServiceRegistry: 	at com.android.networkstack.tethering.Tethering.makeSupportedDownstreams(Tethering.java:2550)
07-04 13:26:15.837   809   922 E SystemServiceRegistry: 	at com.android.networkstack.tethering.Tethering.updateSupportedDownstreams(Tethering.java:2524)
07-04 13:26:15.837   809   922 E SystemServiceRegistry: 	at com.android.networkstack.tethering.Tethering.updateConfiguration(Tethering.java:546)
07-04 13:26:15.837   809   922 E SystemServiceRegistry: 	at com.android.networkstack.tethering.Tethering.-$$Nest$mupdateConfiguration(Tethering.java:0)
07-04 13:26:15.837   809   922 E SystemServiceRegistry: 	at com.android.networkstack.tethering.Tethering$StateReceiver.onReceive(Tethering.java:1184)
07-04 13:26:15.837   809   922 E SystemServiceRegistry: 	at android.app.LoadedApk$ReceiverDispatcher$Args.lambda$getRunnable$0(LoadedApk.java:1802)
07-04 13:26:15.837   809   922 E SystemServiceRegistry: 	at android.app.LoadedApk$ReceiverDispatcher$Args.$r8$lambda$gDuJqgxY6Zb-ifyeubKeivTLAwk(Unknown Source:0)
07-04 13:26:15.837   809   922 E SystemServiceRegistry: 	at android.app.LoadedApk$ReceiverDispatcher$Args$$ExternalSyntheticLambda0.run(Unknown Source:2)
07-04 13:26:15.837   809   922 E SystemServiceRegistry: 	at android.os.Handler.handleCallback(Handler.java:958)
07-04 13:26:15.837   809   922 E SystemServiceRegistry: 	at android.os.Handler.dispatchMessage(Handler.java:99)
07-04 13:26:15.837   809   922 E SystemServiceRegistry: 	at android.os.Looper.loopOnce(Looper.java:205)
07-04 13:26:15.837   809   922 E SystemServiceRegistry: 	at android.os.Looper.loop(Looper.java:294)
07-04 13:26:15.837   809   922 E SystemServiceRegistry: 	at android.os.HandlerThread.run(HandlerThread.java:67)
07-04 13:26:15.877  1044  1609 E FrameEvents: updateAcquireFence: Did not find frame.
07-04 13:26:15.898   761   904 E OpenGLRenderer: Unable to match the desired swap behavior.
07-04 13:26:15.922  1044  1840 E OneSearchSuggestProvider: Failed to fetch suggestions from AppSearch, fallback to AGA
07-04 13:26:15.922  1044  1840 E OneSearchSuggestProvider: java.util.concurrent.CompletionException: java.util.NoSuchElementException: No value present
07-04 13:26:15.922  1044  1840 E OneSearchSuggestProvider: 	at java.util.concurrent.CompletableFuture.encodeThrowable(CompletableFuture.java:308)
07-04 13:26:15.922  1044  1840 E OneSearchSuggestProvider: 	at java.util.concurrent.CompletableFuture.completeThrowable(CompletableFuture.java:323)
07-04 13:26:15.922  1044  1840 E OneSearchSuggestProvider: 	at java.util.concurrent.CompletableFuture$UniAccept.tryFire(CompletableFuture.java:684)
07-04 13:26:15.922  1044  1840 E OneSearchSuggestProvider: 	at java.util.concurrent.CompletableFuture.postComplete(CompletableFuture.java:486)
07-04 13:26:15.922  1044  1840 E OneSearchSuggestProvider: 	at java.util.concurrent.CompletableFuture.completeExceptionally(CompletableFuture.java:2138)
07-04 13:26:15.922  1044  1840 E OneSearchSuggestProvider: 	at com.google.android.apps.nexuslauncher.allapps.H0.onResult(Unknown Source:59)
07-04 13:26:15.922  1044  1840 E OneSearchSuggestProvider: 	at android.app.appsearch.SearchSessionUtil$1.lambda$onResult$0(SearchSessionUtil.java:129)
07-04 13:26:15.922  1044  1840 E OneSearchSuggestProvider: 	at android.app.appsearch.SearchSessionUtil$1.$r8$lambda$_nlk9WiPjSfaAsqKYmp0aPvSRC0(SearchSessionUtil.java:1)
07-04 13:26:15.922  1044  1840 E OneSearchSuggestProvider: 	at android.app.appsearch.SearchSessionUtil$1$$ExternalSyntheticLambda0.run(R8$$SyntheticClass:13)
07-04 13:26:15.922  1044  1840 E OneSearchSuggestProvider: 	at android.os.Handler.handleCallback(Handler.java:958)
07-04 13:26:15.922  1044  1840 E OneSearchSuggestProvider: 	at android.os.Handler.dispatchMessage(Handler.java:99)
07-04 13:26:15.922  1044  1840 E OneSearchSuggestProvider: 	at android.os.Looper.loopOnce(Looper.java:205)
07-04 13:26:15.922  1044  1840 E OneSearchSuggestProvider: 	at android.os.Looper.loop(Looper.java:294)
07-04 13:26:15.922  1044  1840 E OneSearchSuggestProvider: 	at android.os.HandlerThread.run(HandlerThread.java:67)
07-04 13:26:15.922  1044  1840 E OneSearchSuggestProvider: Caused by: java.util.NoSuchElementException: No value present
07-04 13:26:15.922  1044  1840 E OneSearchSuggestProvider: 	at java.util.Optional.get(Optional.java:144)
07-04 13:26:15.922  1044  1840 E OneSearchSuggestProvider: 	at com.google.android.apps.nexuslauncher.allapps.H0.onResult(Unknown Source:16)
07-04 13:26:15.922  1044  1840 E OneSearchSuggestProvider: 	... 8 more
07-04 13:26:15.997  5370  5390 E OpenGLRenderer: Unable to match the desired swap behavior.
07-04 13:26:18.363  1603  2373 E OpenGLRenderer: Unable to match the desired swap behavior.
07-04 13:26:18.376  1044  1609 E OpenGLRenderer: Unable to match the desired swap behavior.
07-04 13:26:18.649  1044  1840 E OneSearchSuggestProvider: Failed to fetch suggestions from AppSearch, fallback to AGA
07-04 13:26:18.649  1044  1840 E OneSearchSuggestProvider: java.util.concurrent.CompletionException: java.util.NoSuchElementException: No value present
07-04 13:26:18.649  1044  1840 E OneSearchSuggestProvider: 	at java.util.concurrent.CompletableFuture.encodeThrowable(CompletableFuture.java:308)
07-04 13:26:18.649  1044  1840 E OneSearchSuggestProvider: 	at java.util.concurrent.CompletableFuture.completeThrowable(CompletableFuture.java:323)
07-04 13:26:18.649  1044  1840 E OneSearchSuggestProvider: 	at java.util.concurrent.CompletableFuture$UniAccept.tryFire(CompletableFuture.java:684)
07-04 13:26:18.649  1044  1840 E OneSearchSuggestProvider: 	at java.util.concurrent.CompletableFuture.postComplete(CompletableFuture.java:486)
07-04 13:26:18.649  1044  1840 E OneSearchSuggestProvider: 	at java.util.concurrent.CompletableFuture.completeExceptionally(CompletableFuture.java:2138)
07-04 13:26:18.649  1044  1840 E OneSearchSuggestProvider: 	at com.google.android.apps.nexuslauncher.allapps.H0.onResult(Unknown Source:59)
07-04 13:26:18.649  1044  1840 E OneSearchSuggestProvider: 	at android.app.appsearch.SearchSessionUtil$1.lambda$onResult$0(SearchSessionUtil.java:129)
07-04 13:26:18.649  1044  1840 E OneSearchSuggestProvider: 	at android.app.appsearch.SearchSessionUtil$1.$r8$lambda$_nlk9WiPjSfaAsqKYmp0aPvSRC0(SearchSessionUtil.java:1)
07-04 13:26:18.649  1044  1840 E OneSearchSuggestProvider: 	at android.app.appsearch.SearchSessionUtil$1$$ExternalSyntheticLambda0.run(R8$$SyntheticClass:13)
07-04 13:26:18.649  1044  1840 E OneSearchSuggestProvider: 	at android.os.Handler.handleCallback(Handler.java:958)
07-04 13:26:18.649  1044  1840 E OneSearchSuggestProvider: 	at android.os.Handler.dispatchMessage(Handler.java:99)
07-04 13:26:18.649  1044  1840 E OneSearchSuggestProvider: 	at android.os.Looper.loopOnce(Looper.java:205)
07-04 13:26:18.649  1044  1840 E OneSearchSuggestProvider: 	at android.os.Looper.loop(Looper.java:294)
07-04 13:26:18.649  1044  1840 E OneSearchSuggestProvider: 	at android.os.HandlerThread.run(HandlerThread.java:67)
07-04 13:26:18.649  1044  1840 E OneSearchSuggestProvider: Caused by: java.util.NoSuchElementException: No value present
07-04 13:26:18.649  1044  1840 E OneSearchSuggestProvider: 	at java.util.Optional.get(Optional.java:144)
07-04 13:26:18.649  1044  1840 E OneSearchSuggestProvider: 	at com.google.android.apps.nexuslauncher.allapps.H0.onResult(Unknown Source:16)
07-04 13:26:18.649  1044  1840 E OneSearchSuggestProvider: 	... 8 more
07-04 13:26:21.655   545  1509 E TaskPersister: File error accessing recents directory (directory doesn't exist?).
07-04 13:26:25.645   809   922 E SystemServiceRegistry: No service published for: ethernet
07-04 13:26:25.645   809   922 E SystemServiceRegistry: android.os.ServiceManager$ServiceNotFoundException: No service published for: ethernet
07-04 13:26:25.645   809   922 E SystemServiceRegistry: 	at android.os.ServiceManager.getServiceOrThrow(ServiceManager.java:166)
07-04 13:26:25.645   809   922 E SystemServiceRegistry: 	at android.app.SystemServiceRegistry$139.createService(SystemServiceRegistry.java:1872)
07-04 13:26:25.645   809   922 E SystemServiceRegistry: 	at android.app.SystemServiceRegistry$CachedServiceFetcher.getService(SystemServiceRegistry.java:1971)
07-04 13:26:25.645   809   922 E SystemServiceRegistry: 	at android.app.SystemServiceRegistry.getSystemService(SystemServiceRegistry.java:1645)
07-04 13:26:25.645   809   922 E SystemServiceRegistry: 	at android.app.ContextImpl.getSystemService(ContextImpl.java:2212)
07-04 13:26:25.645   809   922 E SystemServiceRegistry: 	at android.content.ContextWrapper.getSystemService(ContextWrapper.java:934)
07-04 13:26:25.645   809   922 E SystemServiceRegistry: 	at com.android.networkstack.tethering.Tethering.isEthernetSupported(Tethering.java:1582)
07-04 13:26:25.645   809   922 E SystemServiceRegistry: 	at com.android.networkstack.tethering.Tethering.makeSupportedDownstreams(Tethering.java:2550)
07-04 13:26:25.645   809   922 E SystemServiceRegistry: 	at com.android.networkstack.tethering.Tethering.updateSupportedDownstreams(Tethering.java:2524)
07-04 13:26:25.645   809   922 E SystemServiceRegistry: 	at com.android.networkstack.tethering.Tethering.updateConfiguration(Tethering.java:546)
07-04 13:26:25.645   809   922 E SystemServiceRegistry: 	at com.android.networkstack.tethering.Tethering.-$$Nest$mupdateConfiguration(Tethering.java:0)
07-04 13:26:25.645   809   922 E SystemServiceRegistry: 	at com.android.networkstack.tethering.Tethering$StateReceiver.onReceive(Tethering.java:1184)
07-04 13:26:25.645   809   922 E SystemServiceRegistry: 	at android.app.LoadedApk$ReceiverDispatcher$Args.lambda$getRunnable$0(LoadedApk.java:1802)
07-04 13:26:25.645   809   922 E SystemServiceRegistry: 	at android.app.LoadedApk$ReceiverDispatcher$Args.$r8$lambda$gDuJqgxY6Zb-ifyeubKeivTLAwk(Unknown Source:0)
07-04 13:26:25.645   809   922 E SystemServiceRegistry: 	at android.app.LoadedApk$ReceiverDispatcher$Args$$ExternalSyntheticLambda0.run(Unknown Source:2)
07-04 13:26:25.645   809   922 E SystemServiceRegistry: 	at android.os.Handler.handleCallback(Handler.java:958)
07-04 13:26:25.645   809   922 E SystemServiceRegistry: 	at android.os.Handler.dispatchMessage(Handler.java:99)
07-04 13:26:25.645   809   922 E SystemServiceRegistry: 	at android.os.Looper.loopOnce(Looper.java:205)
07-04 13:26:25.645   809   922 E SystemServiceRegistry: 	at android.os.Looper.loop(Looper.java:294)
07-04 13:26:25.645   809   922 E SystemServiceRegistry: 	at android.os.HandlerThread.run(HandlerThread.java:67)
07-04 13:26:25.653   761   904 E OpenGLRenderer: Unable to match the desired swap behavior.
07-04 13:26:25.662   761   904 E OpenGLRenderer: Unable to match the desired swap behavior.
07-04 13:26:25.681   761   904 E OpenGLRenderer: Unable to match the desired swap behavior.
07-04 13:26:25.687   761   904 E OpenGLRenderer: Unable to match the desired swap behavior.
07-04 13:26:25.733   761   904 E OpenGLRenderer: Unable to match the desired swap behavior.
07-04 13:26:25.846  5370  5390 E OpenGLRenderer: Unable to match the desired swap behavior.
07-04 13:38:03.240   545   683 E WifiStaIfaceAidlImpl: installApfPacketFilter failed with service-specific exception: android.os.ServiceSpecificException:  (code 4)
07-04 13:39:57.521   545  5564 E GnssPsdsDownloader: No Long-Term PSDS servers were specified in the GnssConfiguration
07-04 13:40:24.675  1603  1603 E A       : onError
07-04 13:40:24.675  1603  1603 E A       : com.google.android.apps.gsa.shared.speech.a.m: errorCode: 65561, engine: 2
07-04 13:40:24.675  1603  1603 E A       : 	at com.google.android.apps.gsa.staticplugins.dc.a.e.a(PG:3)
07-04 13:40:24.675  1603  1603 E A       : 	at com.google.android.apps.gsa.s3.n.hh(PG:1)
07-04 13:40:24.675  1603  1603 E A       : 	at com.google.cd.g.a.f.e(PG:2)
07-04 13:40:24.675  1603  1603 E A       : 	at com.google.android.apps.gsa.speech.k.a.g.d(PG:22)
07-04 13:40:24.675  1603  1603 E A       : 	at com.google.android.apps.gsa.speech.k.a.g.ks(PG:6)
07-04 13:40:24.675  1603  1603 E A       : 	at com.google.android.apps.gsa.s3.o.e(PG:14)
07-04 13:40:24.675  1603  1603 E A       : 	at com.google.android.apps.gsa.s3.p.run(PG:1)
07-04 13:40:24.675  1603  1603 E A       : 	at java.util.concurrent.Executors$RunnableAdapter.call(Executors.java:487)
07-04 13:40:24.675  1603  1603 E A       : 	at java.util.concurrent.FutureTask.run(FutureTask.java:264)
07-04 13:40:24.675  1603  1603 E A       : 	at com.google.android.apps.gsa.shared.util.c.a.e.run(PG:2)
07-04 13:40:24.675  1603  1603 E A       : 	at com.google.android.apps.gsa.shared.util.c.a.bi.run(PG:1)
07-04 13:40:24.675  1603  1603 E A       : 	at com.google.android.apps.gsa.shared.util.c.a.bi.run(PG:1)
07-04 13:40:24.675  1603  1603 E A       : 	at java.util.concurrent.ThreadPoolExecutor.runWorker(ThreadPoolExecutor.java:1145)
07-04 13:40:24.675  1603  1603 E A       : 	at java.util.concurrent.ThreadPoolExecutor$Worker.run(ThreadPoolExecutor.java:644)
07-04 13:40:24.675  1603  1603 E A       : 	at java.lang.Thread.run(Thread.java:1012)
07-04 13:40:24.675  1603  1603 E A       : 	at com.google.android.apps.gsa.shared.util.c.a.l.run(PG:5)
07-04 13:40:24.675  1603  1603 E A       : Caused by: com.google.android.apps.gsa.shared.speech.a.o: errorCode: 65586, engine: 2
07-04 13:40:24.675  1603  1603 E A       : 	... 15 more
07-04 13:40:24.675  1603  1603 E A       : Caused by: com.google.android.apps.gsa.shared.speech.a.k: errorCode: 401, engine: 2
07-04 13:40:24.675  1603  1603 E A       : 	at com.google.android.apps.gsa.assistant.shared.n.h.a(PG:5)
07-04 13:40:24.675  1603  1603 E A       : 	at com.google.android.apps.gsa.s3.producers.j.hE(PG:2)
07-04 13:40:24.675  1603  1603 E A       : 	at com.google.android.apps.gsa.speech.k.a.g.d(PG:16)
07-04 13:40:24.675  1603  1603 E A       : 	... 12 more
07-04 13:43:27.213   545   592 E libprocessgroup: No such cgroup attribute: /sys/fs/cgroup/uid_4294877486/cgroup.freeze
07-04 13:43:27.326  1044  1840 E OneSearchSuggestProvider: Failed to fetch suggestions from AppSearch, fallback to AGA
07-04 13:43:27.326  1044  1840 E OneSearchSuggestProvider: java.util.concurrent.CompletionException: java.util.NoSuchElementException: No value present
07-04 13:43:27.326  1044  1840 E OneSearchSuggestProvider: 	at java.util.concurrent.CompletableFuture.encodeThrowable(CompletableFuture.java:308)
07-04 13:43:27.326  1044  1840 E OneSearchSuggestProvider: 	at java.util.concurrent.CompletableFuture.completeThrowable(CompletableFuture.java:323)
07-04 13:43:27.326  1044  1840 E OneSearchSuggestProvider: 	at java.util.concurrent.CompletableFuture$UniAccept.tryFire(CompletableFuture.java:684)
07-04 13:43:27.326  1044  1840 E OneSearchSuggestProvider: 	at java.util.concurrent.CompletableFuture.postComplete(CompletableFuture.java:486)
07-04 13:43:27.326  1044  1840 E OneSearchSuggestProvider: 	at java.util.concurrent.CompletableFuture.completeExceptionally(CompletableFuture.java:2138)
07-04 13:43:27.326  1044  1840 E OneSearchSuggestProvider: 	at com.google.android.apps.nexuslauncher.allapps.H0.onResult(Unknown Source:59)
07-04 13:43:27.326  1044  1840 E OneSearchSuggestProvider: 	at android.app.appsearch.SearchSessionUtil$1.lambda$onResult$0(SearchSessionUtil.java:129)
07-04 13:43:27.326  1044  1840 E OneSearchSuggestProvider: 	at android.app.appsearch.SearchSessionUtil$1.$r8$lambda$_nlk9WiPjSfaAsqKYmp0aPvSRC0(SearchSessionUtil.java:1)
07-04 13:43:27.326  1044  1840 E OneSearchSuggestProvider: 	at android.app.appsearch.SearchSessionUtil$1$$ExternalSyntheticLambda0.run(R8$$SyntheticClass:13)
07-04 13:43:27.326  1044  1840 E OneSearchSuggestProvider: 	at android.os.Handler.handleCallback(Handler.java:958)
07-04 13:43:27.326  1044  1840 E OneSearchSuggestProvider: 	at android.os.Handler.dispatchMessage(Handler.java:99)
07-04 13:43:27.326  1044  1840 E OneSearchSuggestProvider: 	at android.os.Looper.loopOnce(Looper.java:205)
07-04 13:43:27.326  1044  1840 E OneSearchSuggestProvider: 	at android.os.Looper.loop(Looper.java:294)
07-04 13:43:27.326  1044  1840 E OneSearchSuggestProvider: 	at android.os.HandlerThread.run(HandlerThread.java:67)
07-04 13:43:27.326  1044  1840 E OneSearchSuggestProvider: Caused by: java.util.NoSuchElementException: No value present
07-04 13:43:27.326  1044  1840 E OneSearchSuggestProvider: 	at java.util.Optional.get(Optional.java:144)
07-04 13:43:27.326  1044  1840 E OneSearchSuggestProvider: 	at com.google.android.apps.nexuslauncher.allapps.H0.onResult(Unknown Source:16)
07-04 13:43:27.326  1044  1840 E OneSearchSuggestProvider: 	... 8 more
07-04 13:43:27.328   545   592 E libprocessgroup: No such cgroup attribute: /sys/fs/cgroup/uid_4294877486/cgroup.freeze
07-04 13:43:27.383  1603  2373 E OpenGLRenderer: Unable to match the desired swap behavior.
07-04 13:43:27.396  1044  1609 E OpenGLRenderer: Unable to match the desired swap behavior.
07-04 13:43:27.442   545   696 E AppOps  : attributionTag VCN not declared in manifest of android
07-04 13:43:27.539   545   696 E AppOps  : attributionTag VCN not declared in manifest of android
07-04 13:43:27.648   545   696 E AppOps  : attributionTag VCN not declared in manifest of android
07-04 13:43:27.771   415   415 E BpTransactionCompletedListener: Failed to transact (-32)
07-04 13:43:27.930  2080  2484 E Finsky  : [60] [Counters] attempted to use a non-positive increment for: 4752
07-04 13:43:27.931  2080  2484 E Finsky  : [60] [Counters] attempted to use a non-positive increment for: 4753
07-04 13:43:27.980  2080  2475 E Finsky  : [59] [Counters] attempted to use a non-positive increment for: 4752
07-04 13:43:27.980  2080  2475 E Finsky  : [59] [Counters] attempted to use a non-positive increment for: 4753
07-04 13:43:27.991  2080  2080 E Finsky  : [2] bryu failed GRPC call!
07-04 13:43:27.991  2080  2080 E Finsky  : java.lang.UnsupportedOperationException: Unauth not supported in gRPC BrowseService.
07-04 13:43:27.991  2080  2080 E Finsky  : 	at abhv.c(PG:177)
07-04 13:43:27.991  2080  2080 E Finsky  : 	at abht.b(PG:313)
07-04 13:43:27.991  2080  2080 E Finsky  : 	at abht.a(PG:54)
07-04 13:43:27.991  2080  2080 E Finsky  : 	at org.chromium.net.AndroidNetworkLibrary.v(PG:14)
07-04 13:43:27.991  2080  2080 E Finsky  : 	at internal.org.jni_zero.JniZero.i(PG:29)
07-04 13:43:27.991  2080  2080 E Finsky  : 	at internal.org.jni_zero.JniZero.j(PG:12)
07-04 13:43:27.991  2080  2080 E Finsky  : 	at abhu.b(PG:37)
07-04 13:43:27.991  2080  2080 E Finsky  : 	at abhu.mh(PG:23)
07-04 13:43:27.991  2080  2080 E Finsky  : 	at sno.b(PG:25)
07-04 13:43:27.991  2080  2080 E Finsky  : 	at cdwj.qN(PG:5)
07-04 13:43:27.991  2080  2080 E Finsky  : 	at ceds.run(PG:109)
07-04 13:43:27.991  2080  2080 E Finsky  : 	at java.util.concurrent.ThreadPoolExecutor.runWorker(ThreadPoolExecutor.java:1145)
07-04 13:43:27.991  2080  2080 E Finsky  : 	at java.util.concurrent.ThreadPoolExecutor$Worker.run(ThreadPoolExecutor.java:644)
07-04 13:43:27.991  2080  2080 E Finsky  : 	at whd.run(PG:616)
07-04 13:43:27.991  2080  2080 E Finsky  : 	at java.lang.Thread.run(Thread.java:1012)
07-04 13:43:27.991  2080  2458 E Finsky  : [56] ItemStore: getItems RPC failed for item com.stoicus.app
07-04 13:43:28.005  2080  2080 E Finsky  : [2] bryu failed GRPC call!
07-04 13:43:28.005  2080  2080 E Finsky  : java.lang.UnsupportedOperationException: Unauth not supported in gRPC BrowseService.
07-04 13:43:28.005  2080  2080 E Finsky  : 	at abhv.c(PG:177)
07-04 13:43:28.005  2080  2080 E Finsky  : 	at abht.b(PG:313)
07-04 13:43:28.005  2080  2080 E Finsky  : 	at abht.a(PG:54)
07-04 13:43:28.005  2080  2080 E Finsky  : 	at org.chromium.net.AndroidNetworkLibrary.v(PG:14)
07-04 13:43:28.005  2080  2080 E Finsky  : 	at internal.org.jni_zero.JniZero.i(PG:29)
07-04 13:43:28.005  2080  2080 E Finsky  : 	at internal.org.jni_zero.JniZero.j(PG:12)
07-04 13:43:28.005  2080  2080 E Finsky  : 	at abhu.b(PG:37)
07-04 13:43:28.005  2080  2080 E Finsky  : 	at abhu.mh(PG:23)
07-04 13:43:28.005  2080  2080 E Finsky  : 	at sno.b(PG:25)
07-04 13:43:28.005  2080  2080 E Finsky  : 	at cdwj.qN(PG:5)
07-04 13:43:28.005  2080  2080 E Finsky  : 	at ceds.run(PG:109)
07-04 13:43:28.005  2080  2080 E Finsky  : 	at java.util.concurrent.ThreadPoolExecutor.runWorker(ThreadPoolExecutor.java:1145)
07-04 13:43:28.005  2080  2080 E Finsky  : 	at java.util.concurrent.ThreadPoolExecutor$Worker.run(ThreadPoolExecutor.java:644)
07-04 13:43:28.005  2080  2080 E Finsky  : 	at whd.run(PG:616)
07-04 13:43:28.005  2080  2080 E Finsky  : 	at java.lang.Thread.run(Thread.java:1012)
07-04 13:43:28.005  2080  2484 E Finsky  : [60] ItemStore: getItems RPC failed for item com.stoicus.app
07-04 13:43:30.748   545  1509 E TaskPersister: File error accessing recents directory (directory doesn't exist?).
07-04 13:43:47.939   761   904 E OpenGLRenderer: Unable to match the desired swap behavior.
07-04 13:43:49.576  5678  5701 E OpenGLRenderer: Unable to match the desired swap behavior.
07-04 13:43:51.392   545  1509 E TaskPersister: File error accessing recents directory (directory doesn't exist?).
