07-04 13:04:44.542   809   922 E SystemServiceRegistry: 	at android.app.SystemServiceRegistry.getSystemService(SystemServiceRegistry.java:1645)
07-04 13:04:44.542   809   922 E SystemServiceRegistry: 	at android.app.ContextImpl.getSystemService(ContextImpl.java:2212)
07-04 13:04:44.542   809   922 E SystemServiceRegistry: 	at android.content.ContextWrapper.getSystemService(ContextWrapper.java:934)
07-04 13:04:44.542   809   922 E SystemServiceRegistry: 	at com.android.networkstack.tethering.Tethering.isEthernetSupported(Tethering.java:1582)
07-04 13:04:44.542   809   922 E SystemServiceRegistry: 	at com.android.networkstack.tethering.Tethering.makeSupportedDownstreams(Tethering.java:2550)
07-04 13:04:44.542   809   922 E SystemServiceRegistry: 	at com.android.networkstack.tethering.Tethering.updateSupportedDownstreams(Tethering.java:2524)
07-04 13:04:44.542   809   922 E SystemServiceRegistry: 	at com.android.networkstack.tethering.Tethering.updateConfiguration(Tethering.java:546)
07-04 13:04:44.542   809   922 E SystemServiceRegistry: 	at com.android.networkstack.tethering.Tethering.-$$Nest$mupdateConfiguration(Tethering.java:0)
07-04 13:04:44.542   809   922 E SystemServiceRegistry: 	at com.android.networkstack.tethering.Tethering$StateReceiver.onReceive(Tethering.java:1184)
07-04 13:04:44.542   809   922 E SystemServiceRegistry: 	at android.app.LoadedApk$ReceiverDispatcher$Args.lambda$getRunnable$0(LoadedApk.java:1802)
07-04 13:04:44.542   809   922 E SystemServiceRegistry: 	at android.app.LoadedApk$ReceiverDispatcher$Args.$r8$lambda$gDuJqgxY6Zb-ifyeubKeivTLAwk(Unknown Source:0)
07-04 13:04:44.542   809   922 E SystemServiceRegistry: 	at android.app.LoadedApk$ReceiverDispatcher$Args$$ExternalSyntheticLambda0.run(Unknown Source:2)
07-04 13:04:44.542   809   922 E SystemServiceRegistry: 	at android.os.Handler.handleCallback(Handler.java:958)
07-04 13:04:44.542   809   922 E SystemServiceRegistry: 	at android.os.Handler.dispatchMessage(Handler.java:99)
07-04 13:04:44.542   809   922 E SystemServiceRegistry: 	at android.os.Looper.loopOnce(Looper.java:205)
07-04 13:04:44.542   809   922 E SystemServiceRegistry: 	at android.os.Looper.loop(Looper.java:294)
07-04 13:04:44.542   809   922 E SystemServiceRegistry: 	at android.os.HandlerThread.run(HandlerThread.java:67)
07-04 13:04:44.577   809   922 E SystemServiceRegistry: No service published for: ethernet
07-04 13:04:44.577   809   922 E SystemServiceRegistry: android.os.ServiceManager$ServiceNotFoundException: No service published for: ethernet
07-04 13:04:44.577   809   922 E SystemServiceRegistry: 	at android.os.ServiceManager.getServiceOrThrow(ServiceManager.java:166)
07-04 13:04:44.577   809   922 E SystemServiceRegistry: 	at android.app.SystemServiceRegistry$139.createService(SystemServiceRegistry.java:1872)
07-04 13:04:44.577   809   922 E SystemServiceRegistry: 	at android.app.SystemServiceRegistry$CachedServiceFetcher.getService(SystemServiceRegistry.java:1971)
07-04 13:04:44.577   809   922 E SystemServiceRegistry: 	at android.app.SystemServiceRegistry.getSystemService(SystemServiceRegistry.java:1645)
07-04 13:04:44.577   809   922 E SystemServiceRegistry: 	at android.app.ContextImpl.getSystemService(ContextImpl.java:2212)
07-04 13:04:44.577   809   922 E SystemServiceRegistry: 	at android.content.ContextWrapper.getSystemService(ContextWrapper.java:934)
07-04 13:04:44.577   809   922 E SystemServiceRegistry: 	at com.android.networkstack.tethering.Tethering.isEthernetSupported(Tethering.java:1582)
07-04 13:04:44.577   809   922 E SystemServiceRegistry: 	at com.android.networkstack.tethering.Tethering.makeSupportedDownstreams(Tethering.java:2550)
07-04 13:04:44.577   809   922 E SystemServiceRegistry: 	at com.android.networkstack.tethering.Tethering.updateSupportedDownstreams(Tethering.java:2524)
07-04 13:04:44.577   809   922 E SystemServiceRegistry: 	at com.android.networkstack.tethering.Tethering.updateConfiguration(Tethering.java:546)
07-04 13:04:44.577   809   922 E SystemServiceRegistry: 	at com.android.networkstack.tethering.Tethering.-$$Nest$mupdateConfiguration(Tethering.java:0)
07-04 13:04:44.577   809   922 E SystemServiceRegistry: 	at com.android.networkstack.tethering.Tethering$StateReceiver.onReceive(Tethering.java:1184)
07-04 13:04:44.577   809   922 E SystemServiceRegistry: 	at android.app.LoadedApk$ReceiverDispatcher$Args.lambda$getRunnable$0(LoadedApk.java:1802)
07-04 13:04:44.577   809   922 E SystemServiceRegistry: 	at android.app.LoadedApk$ReceiverDispatcher$Args.$r8$lambda$gDuJqgxY6Zb-ifyeubKeivTLAwk(Unknown Source:0)
07-04 13:04:44.577   809   922 E SystemServiceRegistry: 	at android.app.LoadedApk$ReceiverDispatcher$Args$$ExternalSyntheticLambda0.run(Unknown Source:2)
07-04 13:04:44.577   809   922 E SystemServiceRegistry: 	at android.os.Handler.handleCallback(Handler.java:958)
07-04 13:04:44.577   809   922 E SystemServiceRegistry: 	at android.os.Handler.dispatchMessage(Handler.java:99)
07-04 13:04:44.577   809   922 E SystemServiceRegistry: 	at android.os.Looper.loopOnce(Looper.java:205)
07-04 13:04:44.577   809   922 E SystemServiceRegistry: 	at android.os.Looper.loop(Looper.java:294)
07-04 13:04:44.577   809   922 E SystemServiceRegistry: 	at android.os.HandlerThread.run(HandlerThread.java:67)
07-04 13:04:44.601   481   481 E RIL     : Error 0 opening logical channel: 0
07-04 13:04:44.607   545   696 E AppOps  : attributionTag VCN not declared in manifest of android
07-04 13:04:44.613   545   696 E AppOps  : attributionTag VCN not declared in manifest of android
07-04 13:04:44.748   545   687 E WifiScanningService: wifi driver loaded received while already loaded
07-04 13:04:44.764   761   823 E SingleInstanceRemoteListener: Failed remote call on null listener
07-04 13:04:44.764   761   823 E SingleInstanceRemoteListener: Failed remote call on null listener
07-04 13:04:44.778   761   761 E BatteryInfoBroadcast: failed to register observver for remaining time
07-04 13:04:44.778   761   761 E BatteryInfoBroadcast: java.lang.SecurityException: Failed to find provider com.google.android.apps.turbo.estimated_time_remaining for user 0; expected to find a valid ContentProvider for this authority
07-04 13:04:44.778   761   761 E BatteryInfoBroadcast: 	at android.os.Parcel.createExceptionOrNull(Parcel.java:3057)
07-04 13:04:44.778   761   761 E BatteryInfoBroadcast: 	at android.os.Parcel.createException(Parcel.java:3041)
07-04 13:04:44.778   761   761 E BatteryInfoBroadcast: 	at android.os.Parcel.readException(Parcel.java:3024)
07-04 13:04:44.778   761   761 E BatteryInfoBroadcast: 	at android.os.Parcel.readException(Parcel.java:2966)
07-04 13:04:44.778   761   761 E BatteryInfoBroadcast: 	at android.content.IContentService$Stub$Proxy.registerContentObserver(IContentService.java:1032)
07-04 13:04:44.778   761   761 E BatteryInfoBroadcast: 	at android.content.ContentResolver.registerContentObserver(ContentResolver.java:2728)
07-04 13:04:44.778   761   761 E BatteryInfoBroadcast: 	at com.google.android.systemui.power.BatteryInfoBroadcast.<init>(go/retraceme a73edba7e9fb2bbd2747c8d4c475588455b7e81b0cea45cc71c2bac0e3d9e61c:124)
07-04 13:04:44.778   761   761 E BatteryInfoBroadcast: 	at com.google.android.systemui.power.PowerNotificationWarningsGoogleImpl$$ExternalSyntheticLambda0.run(go/retraceme a73edba7e9fb2bbd2747c8d4c475588455b7e81b0cea45cc71c2bac0e3d9e61c:15)
07-04 13:04:44.778   761   761 E BatteryInfoBroadcast: 	at android.os.Handler.handleCallback(Handler.java:958)
07-04 13:04:44.778   761   761 E BatteryInfoBroadcast: 	at android.os.Handler.dispatchMessage(Handler.java:99)
07-04 13:04:44.778   761   761 E BatteryInfoBroadcast: 	at android.os.Looper.loopOnce(Looper.java:205)
07-04 13:04:44.778   761   761 E BatteryInfoBroadcast: 	at android.os.Looper.loop(Looper.java:294)
07-04 13:04:44.778   761   761 E BatteryInfoBroadcast: 	at android.app.ActivityThread.main(ActivityThread.java:8177)
07-04 13:04:44.778   761   761 E BatteryInfoBroadcast: 	at java.lang.reflect.Method.invoke(Native Method)
07-04 13:04:44.778   761   761 E BatteryInfoBroadcast: 	at com.android.internal.os.RuntimeInit$MethodAndArgsCaller.run(RuntimeInit.java:552)
07-04 13:04:44.778   761   761 E BatteryInfoBroadcast: 	at com.android.internal.os.ZygoteInit.main(ZygoteInit.java:971)
07-04 13:04:44.778   761   761 E BatteryInfoBroadcast: Caused by: android.os.RemoteException: Remote stack trace:
07-04 13:04:44.778   761   761 E BatteryInfoBroadcast: 	at com.android.server.content.ContentService.registerContentObserver(ContentService.java:379)
07-04 13:04:44.778   761   761 E BatteryInfoBroadcast: 	at android.content.IContentService$Stub.onTransact(IContentService.java:486)
07-04 13:04:44.778   761   761 E BatteryInfoBroadcast: 	at android.os.Binder.execTransactInternal(Binder.java:1344)
07-04 13:04:44.778   761   761 E BatteryInfoBroadcast: 	at android.os.Binder.execTransact(Binder.java:1275)
07-04 13:04:44.778   761   761 E BatteryInfoBroadcast: 
07-04 13:04:44.960   761   904 E OpenGLRenderer: Unable to match the desired swap behavior.
07-04 13:04:45.030   545   696 E AppOps  : attributionTag VCN not declared in manifest of android
07-04 13:04:45.042  1115  1134 E CellBroadcastConfigService: fails to setCellBroadcastRanges, result = 2
07-04 13:04:45.042   481   481 E RIL     : Error 0 opening logical channel: 0
07-04 13:04:45.285   761   904 E OpenGLRenderer: Unable to match the desired swap behavior.
07-04 13:04:45.323  1249  1249 E ssioncontroller: Not starting debugger since process cannot load the jdwp agent.
07-04 13:04:45.327   927  1069 E OpenGLRenderer: Unable to match the desired swap behavior.
07-04 13:04:45.428   761   904 E OpenGLRenderer: Unable to match the desired swap behavior.
07-04 13:04:45.509  1265  1265 E .gms.persistent: Not starting debugger since process cannot load the jdwp agent.
07-04 13:04:45.526   545   683 E WifiDataStall: onDataConnectionStateChanged unexpected State: -1
07-04 13:04:45.527   545   683 E MboOceController: onDataConnectionStateChanged unexpected State: -1
07-04 13:04:45.681   545   696 E AppOps  : attributionTag VCN not declared in manifest of android
07-04 13:04:45.731   545   696 E AppOps  : attributionTag VCN not declared in manifest of android
07-04 13:04:46.001   809   922 E SystemServiceRegistry: No service published for: ethernet
07-04 13:04:46.001   809   922 E SystemServiceRegistry: android.os.ServiceManager$ServiceNotFoundException: No service published for: ethernet
07-04 13:04:46.001   809   922 E SystemServiceRegistry: 	at android.os.ServiceManager.getServiceOrThrow(ServiceManager.java:166)
07-04 13:04:46.001   809   922 E SystemServiceRegistry: 	at android.app.SystemServiceRegistry$139.createService(SystemServiceRegistry.java:1872)
07-04 13:04:46.001   809   922 E SystemServiceRegistry: 	at android.app.SystemServiceRegistry$CachedServiceFetcher.getService(SystemServiceRegistry.java:1971)
07-04 13:04:46.001   809   922 E SystemServiceRegistry: 	at android.app.SystemServiceRegistry.getSystemService(SystemServiceRegistry.java:1645)
07-04 13:04:46.001   809   922 E SystemServiceRegistry: 	at android.app.ContextImpl.getSystemService(ContextImpl.java:2212)
07-04 13:04:46.001   809   922 E SystemServiceRegistry: 	at android.content.ContextWrapper.getSystemService(ContextWrapper.java:934)
07-04 13:04:46.001   809   922 E SystemServiceRegistry: 	at com.android.networkstack.tethering.Tethering.isEthernetSupported(Tethering.java:1582)
07-04 13:04:46.001   809   922 E SystemServiceRegistry: 	at com.android.networkstack.tethering.Tethering.makeSupportedDownstreams(Tethering.java:2550)
07-04 13:04:46.001   809   922 E SystemServiceRegistry: 	at com.android.networkstack.tethering.Tethering.updateSupportedDownstreams(Tethering.java:2524)
07-04 13:04:46.001   809   922 E SystemServiceRegistry: 	at com.android.networkstack.tethering.Tethering.updateConfiguration(Tethering.java:546)
07-04 13:04:46.001   809   922 E SystemServiceRegistry: 	at com.android.networkstack.tethering.Tethering.-$$Nest$mupdateConfiguration(Tethering.java:0)
07-04 13:04:46.001   809   922 E SystemServiceRegistry: 	at com.android.networkstack.tethering.Tethering$StateReceiver.onReceive(Tethering.java:1184)
07-04 13:04:46.001   809   922 E SystemServiceRegistry: 	at android.app.LoadedApk$ReceiverDispatcher$Args.lambda$getRunnable$0(LoadedApk.java:1802)
07-04 13:04:46.001   809   922 E SystemServiceRegistry: 	at android.app.LoadedApk$ReceiverDispatcher$Args.$r8$lambda$gDuJqgxY6Zb-ifyeubKeivTLAwk(Unknown Source:0)
07-04 13:04:46.001   809   922 E SystemServiceRegistry: 	at android.app.LoadedApk$ReceiverDispatcher$Args$$ExternalSyntheticLambda0.run(Unknown Source:2)
07-04 13:04:46.001   809   922 E SystemServiceRegistry: 	at android.os.Handler.handleCallback(Handler.java:958)
07-04 13:04:46.001   809   922 E SystemServiceRegistry: 	at android.os.Handler.dispatchMessage(Handler.java:99)
07-04 13:04:46.001   809   922 E SystemServiceRegistry: 	at android.os.Looper.loopOnce(Looper.java:205)
07-04 13:04:46.001   809   922 E SystemServiceRegistry: 	at android.os.Looper.loop(Looper.java:294)
07-04 13:04:46.001   809   922 E SystemServiceRegistry: 	at android.os.HandlerThread.run(HandlerThread.java:67)
07-04 13:04:46.278   545   881 E InputDispatcher: Received out of order window infos update. Last update vsync id: 73747023748726837, current update vsync id: 3039
07-04 13:04:46.515   545   583 E TestHarnessModeService: Failed to start Test Harness Mode; no implementation of PersistentDataBlockManagerInternal was bound!
07-04 13:04:46.530  1298  1298 E putmethod.latin: Not starting debugger since process cannot load the jdwp agent.
07-04 13:04:46.786   761   761 E StatusBarSignalPolicy: Unexpected subscription 1
07-04 13:04:46.867  1319  1319 E .apps.wellbeing: Not starting debugger since process cannot load the jdwp agent.
07-04 13:04:46.887  1321  1321 E perfetto:     perfetto_cmd.cc:385 Could not open /data/misc/perfetto-configs/stopboottracetrigger.pbtxt (errno: 2, No such file or directory)
07-04 13:04:46.925   545   683 E WifiChipAidlImpl: getUsableChannels failed with service-specific exception: android.os.ServiceSpecificException:  (code 4)
07-04 13:04:46.941   545   683 E WifiChipAidlImpl: getUsableChannels failed with service-specific exception: android.os.ServiceSpecificException:  (code 4)
07-04 13:04:46.967   545   683 E WifiChipAidlImpl: getUsableChannels failed with service-specific exception: android.os.ServiceSpecificException:  (code 4)
07-04 13:04:46.973   545   683 E WifiChipAidlImpl: getUsableChannels failed with service-specific exception: android.os.ServiceSpecificException:  (code 4)
07-04 13:04:46.994   545   683 E WifiChipAidlImpl: getUsableChannels failed with service-specific exception: android.os.ServiceSpecificException:  (code 4)
07-04 13:04:47.037   545   683 E WifiChipAidlImpl: getUsableChannels failed with service-specific exception: android.os.ServiceSpecificException:  (code 4)
07-04 13:04:47.040   545   683 E ApConfigUtil: Malformed channel value detected: java.lang.NumberFormatException: For input string: ""
07-04 13:04:47.043   545   683 E WifiChipAidlImpl: getUsableChannels failed with service-specific exception: android.os.ServiceSpecificException:  (code 4)
07-04 13:04:47.044   545   683 E ApConfigUtil: Malformed channel value detected: java.lang.NumberFormatException: For input string: ""
07-04 13:04:47.071   545   683 E WifiChipAidlImpl: getUsableChannels failed with service-specific exception: android.os.ServiceSpecificException:  (code 4)
07-04 13:04:47.071   545   683 E ApConfigUtil: Malformed channel value detected: java.lang.NumberFormatException: For input string: ""
07-04 13:04:47.137   545   683 E WifiScoringParams: Invalid frequency(-1), using 5G as default rssi array
07-04 13:04:47.396   924   924 E MmTelFeatureConn [0]: ImsRegistrationCallbackAdapter: ImsRegistration is null
07-04 13:04:47.491   545   696 E AppOps  : attributionTag VCN not declared in manifest of android
07-04 13:04:47.543   809   922 E SystemServiceRegistry: No service published for: ethernet
07-04 13:04:47.543   809   922 E SystemServiceRegistry: android.os.ServiceManager$ServiceNotFoundException: No service published for: ethernet
07-04 13:04:47.543   809   922 E SystemServiceRegistry: 	at android.os.ServiceManager.getServiceOrThrow(ServiceManager.java:166)
07-04 13:04:47.543   809   922 E SystemServiceRegistry: 	at android.app.SystemServiceRegistry$139.createService(SystemServiceRegistry.java:1872)
07-04 13:04:47.543   809   922 E SystemServiceRegistry: 	at android.app.SystemServiceRegistry$CachedServiceFetcher.getService(SystemServiceRegistry.java:1971)
07-04 13:04:47.543   809   922 E SystemServiceRegistry: 	at android.app.SystemServiceRegistry.getSystemService(SystemServiceRegistry.java:1645)
07-04 13:04:47.543   809   922 E SystemServiceRegistry: 	at android.app.ContextImpl.getSystemService(ContextImpl.java:2212)
07-04 13:04:47.543   809   922 E SystemServiceRegistry: 	at android.content.ContextWrapper.getSystemService(ContextWrapper.java:934)
07-04 13:04:47.543   809   922 E SystemServiceRegistry: 	at com.android.networkstack.tethering.Tethering.isEthernetSupported(Tethering.java:1582)
07-04 13:04:47.543   809   922 E SystemServiceRegistry: 	at com.android.networkstack.tethering.Tethering.makeSupportedDownstreams(Tethering.java:2550)
07-04 13:04:47.543   809   922 E SystemServiceRegistry: 	at com.android.networkstack.tethering.Tethering.updateSupportedDownstreams(Tethering.java:2524)
07-04 13:04:47.543   809   922 E SystemServiceRegistry: 	at com.android.networkstack.tethering.Tethering.updateConfiguration(Tethering.java:546)
07-04 13:04:47.543   809   922 E SystemServiceRegistry: 	at com.android.networkstack.tethering.Tethering.-$$Nest$mupdateConfiguration(Tethering.java:0)
07-04 13:04:47.543   809   922 E SystemServiceRegistry: 	at com.android.networkstack.tethering.Tethering$ActiveDataSubIdListener.onActiveDataSubscriptionIdChanged(Tethering.java:522)
07-04 13:04:47.543   809   922 E SystemServiceRegistry: 	at android.telephony.PhoneStateListener$IPhoneStateListenerStub.lambda$onActiveDataSubIdChanged$56(PhoneStateListener.java:1621)
07-04 13:04:47.543   809   922 E SystemServiceRegistry: 	at android.telephony.PhoneStateListener$IPhoneStateListenerStub$$ExternalSyntheticLambda38.run(Unknown Source:4)
07-04 13:04:47.543   809   922 E SystemServiceRegistry: 	at android.os.Handler.handleCallback(Handler.java:958)
07-04 13:04:47.543   809   922 E SystemServiceRegistry: 	at android.os.Handler.dispatchMessage(Handler.java:99)
07-04 13:04:47.543   809   922 E SystemServiceRegistry: 	at android.os.Looper.loopOnce(Looper.java:205)
07-04 13:04:47.543   809   922 E SystemServiceRegistry: 	at android.os.Looper.loop(Looper.java:294)
07-04 13:04:47.543   809   922 E SystemServiceRegistry: 	at android.os.HandlerThread.run(HandlerThread.java:67)
07-04 13:04:47.564   545   592 E MusicRecognitionManagerPerUserService: Bad service name: com.google.android.googlequicksearchbox/com.google.android.apps.search.soundsearch.service.SoundSearchService
07-04 13:04:47.796  1345  1345 E rs.media.module: Not starting debugger since process cannot load the jdwp agent.
07-04 13:04:48.049   481   481 E RIL     : Error 0 transmitting APDU: 0
07-04 13:04:48.122   545   696 E AppOps  : attributionTag VCN not declared in manifest of android
07-04 13:04:48.240  1383  1383 E d.process.acore: Not starting debugger since process cannot load the jdwp agent.
07-04 13:04:48.259  1392  1392 E dmesgd  : /data/misc/dmesgd/sent_reports.txt is empty: No such file or directory
07-04 13:04:48.391   927  1069 E OpenGLRenderer: Unable to match the desired swap behavior.
07-04 13:04:48.428  1403  1403 E ogle.android.as: Not starting debugger since process cannot load the jdwp agent.
07-04 13:04:48.524  1409  1409 E hbox:interactor: Not starting debugger since process cannot load the jdwp agent.
07-04 13:04:48.765   481   481 E RIL     : Error 0 transmitting APDU: 0
07-04 13:04:48.865   545   710 E BackupPasswordManager: Unable to read backup pw version
07-04 13:04:48.869   545   710 E BackupPasswordManager: Unable to read saved backup pw hash
07-04 13:04:49.284  1455  1455 E s.messaging:rcs: Not starting debugger since process cannot load the jdwp agent.
07-04 13:04:49.484  1470  1470 E id.printspooler: Not starting debugger since process cannot load the jdwp agent.
07-04 13:04:49.577   924   924 E TelephonyProvider: internal sim-specific settings backup data file does not exist. Aborting restore
07-04 13:04:49.618  1489  1489 E or.multidisplay: Not starting debugger since process cannot load the jdwp agent.
07-04 13:04:49.956   545  1509 E TaskPersister: File error accessing recents directory (directory doesn't exist?).
07-04 13:04:50.325   545  1405 E system_server: No package ID 7f found for resource ID 0x7f080501.
07-04 13:04:50.327   545  1405 E system_server: No package ID 7f found for resource ID 0x7f140cbc.
07-04 13:04:50.426   545  1405 E system_server: No package ID 7f found for resource ID 0x7f08061b.
07-04 13:04:50.436   545  1405 E system_server: No package ID 7f found for resource ID 0x7f140cf9.
07-04 13:04:50.439   545  1405 E system_server: No package ID 7f found for resource ID 0x7f080619.
07-04 13:04:50.439   545  1405 E system_server: No package ID 7f found for resource ID 0x7f140cb0.
07-04 13:04:50.439   545  1405 E system_server: No package ID 7f found for resource ID 0x7f08061d.
07-04 13:04:50.439   545  1405 E system_server: No package ID 7f found for resource ID 0x7f140e5b.
07-04 13:04:50.482   809   922 E SystemServiceRegistry: No service published for: ethernet
07-04 13:04:50.482   809   922 E SystemServiceRegistry: android.os.ServiceManager$ServiceNotFoundException: No service published for: ethernet
07-04 13:04:50.482   809   922 E SystemServiceRegistry: 	at android.os.ServiceManager.getServiceOrThrow(ServiceManager.java:166)
07-04 13:04:50.482   809   922 E SystemServiceRegistry: 	at android.app.SystemServiceRegistry$139.createService(SystemServiceRegistry.java:1872)
07-04 13:04:50.482   809   922 E SystemServiceRegistry: 	at android.app.SystemServiceRegistry$CachedServiceFetcher.getService(SystemServiceRegistry.java:1971)
07-04 13:04:50.482   809   922 E SystemServiceRegistry: 	at android.app.SystemServiceRegistry.getSystemService(SystemServiceRegistry.java:1645)
07-04 13:04:50.482   809   922 E SystemServiceRegistry: 	at android.app.ContextImpl.getSystemService(ContextImpl.java:2212)
07-04 13:04:50.482   809   922 E SystemServiceRegistry: 	at android.content.ContextWrapper.getSystemService(ContextWrapper.java:934)
07-04 13:04:50.482   809   922 E SystemServiceRegistry: 	at com.android.networkstack.tethering.Tethering.isEthernetSupported(Tethering.java:1582)
07-04 13:04:50.482   809   922 E SystemServiceRegistry: 	at com.android.networkstack.tethering.Tethering.makeSupportedDownstreams(Tethering.java:2550)
07-04 13:04:50.482   809   922 E SystemServiceRegistry: 	at com.android.networkstack.tethering.Tethering.updateSupportedDownstreams(Tethering.java:2524)
07-04 13:04:50.482   809   922 E SystemServiceRegistry: 	at com.android.networkstack.tethering.Tethering.updateConfiguration(Tethering.java:546)
07-04 13:04:50.482   809   922 E SystemServiceRegistry: 	at com.android.networkstack.tethering.Tethering.-$$Nest$mupdateConfiguration(Tethering.java:0)
07-04 13:04:50.482   809   922 E SystemServiceRegistry: 	at com.android.networkstack.tethering.Tethering$StateReceiver.onReceive(Tethering.java:1184)
07-04 13:04:50.482   809   922 E SystemServiceRegistry: 	at android.app.LoadedApk$ReceiverDispatcher$Args.lambda$getRunnable$0(LoadedApk.java:1802)
07-04 13:04:50.482   809   922 E SystemServiceRegistry: 	at android.app.LoadedApk$ReceiverDispatcher$Args.$r8$lambda$gDuJqgxY6Zb-ifyeubKeivTLAwk(Unknown Source:0)
07-04 13:04:50.482   809   922 E SystemServiceRegistry: 	at android.app.LoadedApk$ReceiverDispatcher$Args$$ExternalSyntheticLambda0.run(Unknown Source:2)
07-04 13:04:50.482   809   922 E SystemServiceRegistry: 	at android.os.Handler.handleCallback(Handler.java:958)
07-04 13:04:50.482   809   922 E SystemServiceRegistry: 	at android.os.Handler.dispatchMessage(Handler.java:99)
07-04 13:04:50.482   809   922 E SystemServiceRegistry: 	at android.os.Looper.loopOnce(Looper.java:205)
07-04 13:04:50.482   809   922 E SystemServiceRegistry: 	at android.os.Looper.loop(Looper.java:294)
07-04 13:04:50.482   809   922 E SystemServiceRegistry: 	at android.os.HandlerThread.run(HandlerThread.java:67)
07-04 13:04:50.496  1557  1557 E gle.android.gms: Not starting debugger since process cannot load the jdwp agent.
07-04 13:04:50.860   761   823 E SingleInstanceRemoteListener: Failed remote call on null listener
07-04 13:04:50.860   761   823 E SingleInstanceRemoteListener: Failed remote call on null listener
07-04 13:04:51.076  1603  1603 E earchbox:search: Not starting debugger since process cannot load the jdwp agent.
07-04 13:04:51.219  1617  1617 E android.youtube: Not starting debugger since process cannot load the jdwp agent.
07-04 13:04:51.404   380   392 E IPCThreadState: binder thread pool (1 threads) starved for 112 ms
07-04 13:04:51.809   380   392 E IPCThreadState: binder thread pool (1 threads) starved for 239 ms
07-04 13:04:52.045  1044  1609 E FrameEvents: updateAcquireFence: Did not find frame.
07-04 13:04:52.070  1044  1609 E FrameEvents: updateAcquireFence: Did not find frame.
07-04 13:04:52.209  1708  1708 E elockcontroller: Not starting debugger since process cannot load the jdwp agent.
07-04 13:04:52.931  1767  1767 E ndroid.keychain: Not starting debugger since process cannot load the jdwp agent.
07-04 13:04:53.233  1790  1790 E .localtransport: Not starting debugger since process cannot load the jdwp agent.
07-04 13:04:53.307  1708  1708 E AggregateFuture: Got more than one input Future failure. Logging failures after the first
07-04 13:04:53.307  1708  1708 E AggregateFuture: java.lang.IllegalStateException: Setup parameters does not exist!
07-04 13:04:53.307  1708  1708 E AggregateFuture: 	at com.android.devicelockcontroller.policy.UserRestrictionsPolicyHandler.lambda$retrieveLockModeRestrictions$3(UserRestrictionsPolicyHandler.java:138)
07-04 13:04:53.307  1708  1708 E AggregateFuture: 	at com.android.devicelockcontroller.policy.UserRestrictionsPolicyHandler.$r8$lambda$K4dazaAj4roA8BauvRaHZASMq6E(UserRestrictionsPolicyHandler.java:0)
07-04 13:04:53.307  1708  1708 E AggregateFuture: 	at com.android.devicelockcontroller.policy.UserRestrictionsPolicyHandler$$ExternalSyntheticLambda4.call(R8$$SyntheticClass:0)
07-04 13:04:53.307  1708  1708 E AggregateFuture: 	at com.google.common.util.concurrent.CombinedFuture$CallableInterruptibleTask.runInterruptibly(CombinedFuture.java:196)
07-04 13:04:53.307  1708  1708 E AggregateFuture: 	at com.google.common.util.concurrent.InterruptibleTask.run(InterruptibleTask.java:74)
07-04 13:04:53.307  1708  1708 E AggregateFuture: 	at android.os.Handler.handleCallback(Handler.java:958)
07-04 13:04:53.307  1708  1708 E AggregateFuture: 	at android.os.Handler.dispatchMessage(Handler.java:99)
07-04 13:04:53.307  1708  1708 E AggregateFuture: 	at android.os.Looper.loopOnce(Looper.java:205)
07-04 13:04:53.307  1708  1708 E AggregateFuture: 	at android.os.Looper.loop(Looper.java:294)
07-04 13:04:53.307  1708  1708 E AggregateFuture: 	at android.app.ActivityThread.main(ActivityThread.java:8177)
07-04 13:04:53.307  1708  1708 E AggregateFuture: 	at java.lang.reflect.Method.invoke(Native Method)
07-04 13:04:53.307  1708  1708 E AggregateFuture: 	at com.android.internal.os.RuntimeInit$MethodAndArgsCaller.run(RuntimeInit.java:552)
07-04 13:04:53.307  1708  1708 E AggregateFuture: 	at com.android.internal.os.ZygoteInit.main(ZygoteInit.java:971)
07-04 13:04:53.578   545   696 E AppOps  : attributionTag VCN not declared in manifest of android
07-04 13:04:53.615   545   696 E AppOps  : attributionTag VCN not declared in manifest of android
07-04 13:04:53.681   761   761 E KeyguardClockSwitch: No clock being shown
07-04 13:04:53.701  1489  1844 E MultiDisplayService: invalid parameters for add/modify display
07-04 13:04:53.895   809   922 E SystemServiceRegistry: No service published for: ethernet
07-04 13:04:53.895   809   922 E SystemServiceRegistry: android.os.ServiceManager$ServiceNotFoundException: No service published for: ethernet
07-04 13:04:53.895   809   922 E SystemServiceRegistry: 	at android.os.ServiceManager.getServiceOrThrow(ServiceManager.java:166)
07-04 13:04:53.895   809   922 E SystemServiceRegistry: 	at android.app.SystemServiceRegistry$139.createService(SystemServiceRegistry.java:1872)
07-04 13:04:53.895   809   922 E SystemServiceRegistry: 	at android.app.SystemServiceRegistry$CachedServiceFetcher.getService(SystemServiceRegistry.java:1971)
07-04 13:04:53.895   809   922 E SystemServiceRegistry: 	at android.app.SystemServiceRegistry.getSystemService(SystemServiceRegistry.java:1645)
07-04 13:04:53.895   809   922 E SystemServiceRegistry: 	at android.app.ContextImpl.getSystemService(ContextImpl.java:2212)
07-04 13:04:53.895   809   922 E SystemServiceRegistry: 	at android.content.ContextWrapper.getSystemService(ContextWrapper.java:934)
07-04 13:04:53.895   809   922 E SystemServiceRegistry: 	at com.android.networkstack.tethering.Tethering.isEthernetSupported(Tethering.java:1582)
07-04 13:04:53.895   809   922 E SystemServiceRegistry: 	at com.android.networkstack.tethering.Tethering.makeSupportedDownstreams(Tethering.java:2550)
07-04 13:04:53.895   809   922 E SystemServiceRegistry: 	at com.android.networkstack.tethering.Tethering.updateSupportedDownstreams(Tethering.java:2524)
07-04 13:04:53.895   809   922 E SystemServiceRegistry: 	at com.android.networkstack.tethering.Tethering.updateConfiguration(Tethering.java:546)
07-04 13:04:53.895   809   922 E SystemServiceRegistry: 	at com.android.networkstack.tethering.Tethering.-$$Nest$mupdateConfiguration(Tethering.java:0)
07-04 13:04:53.895   809   922 E SystemServiceRegistry: 	at com.android.networkstack.tethering.Tethering$StateReceiver.onReceive(Tethering.java:1184)
07-04 13:04:53.895   809   922 E SystemServiceRegistry: 	at android.app.LoadedApk$ReceiverDispatcher$Args.lambda$getRunnable$0(LoadedApk.java:1802)
07-04 13:04:53.895   809   922 E SystemServiceRegistry: 	at android.app.LoadedApk$ReceiverDispatcher$Args.$r8$lambda$gDuJqgxY6Zb-ifyeubKeivTLAwk(Unknown Source:0)
07-04 13:04:53.895   809   922 E SystemServiceRegistry: 	at android.app.LoadedApk$ReceiverDispatcher$Args$$ExternalSyntheticLambda0.run(Unknown Source:2)
07-04 13:04:53.895   809   922 E SystemServiceRegistry: 	at android.os.Handler.handleCallback(Handler.java:958)
07-04 13:04:53.895   809   922 E SystemServiceRegistry: 	at android.os.Handler.dispatchMessage(Handler.java:99)
07-04 13:04:53.895   809   922 E SystemServiceRegistry: 	at android.os.Looper.loopOnce(Looper.java:205)
07-04 13:04:53.895   809   922 E SystemServiceRegistry: 	at android.os.Looper.loop(Looper.java:294)
07-04 13:04:53.895   809   922 E SystemServiceRegistry: 	at android.os.HandlerThread.run(HandlerThread.java:67)
07-04 13:04:54.064   545   683 E WifiStaIfaceAidlImpl: installApfPacketFilter failed with service-specific exception: android.os.ServiceSpecificException:  (code 4)
07-04 13:04:54.068   545   683 E WifiStaIfaceAidlImpl: installApfPacketFilter failed with service-specific exception: android.os.ServiceSpecificException:  (code 4)
07-04 13:04:54.104   545   683 E WifiStaIfaceAidlImpl: setDtimMultiplier failed with service-specific exception: android.os.ServiceSpecificException:  (code 4)
07-04 13:04:54.139   358   414 E Netd    : no such netId 100
07-04 13:04:54.141   358   414 E Netd    : no such netId 100
07-04 13:04:54.495   761   761 E KeyguardClockSwitch: No clock being shown
07-04 13:04:54.506   358   414 E Netd    : no such netId 100
07-04 13:04:54.506   545   690 E ConnectivityService: Exception in networkAddRouteParcel for non-gateway: android.os.ServiceSpecificException: Machine is not on the network (code 64)
07-04 13:04:54.506   358   414 E Netd    : no such netId 100
07-04 13:04:54.507   545   683 E WifiStaIfaceAidlImpl: installApfPacketFilter failed with service-specific exception: android.os.ServiceSpecificException:  (code 4)
07-04 13:04:54.507   545   690 E ConnectivityService: Exception in networkAddRouteParcel for gateway: android.os.ServiceSpecificException: Machine is not on the network (code 64)
07-04 13:04:54.675  1927  1927 E ocess.gservices: Not starting debugger since process cannot load the jdwp agent.
07-04 13:04:54.710   358   398 E NetlinkEvent: NetlinkEvent::FindParam(): Parameter 'INTERFACE' not found
07-04 13:04:54.710   358   398 E NetlinkEvent: NetlinkEvent::FindParam(): Parameter 'STATE' not found
07-04 13:04:54.710   358   398 E NetlinkEvent: NetlinkEvent::FindParam(): Parameter 'TIME_NS' not found
07-04 13:04:54.710   358   398 E NetlinkEvent: NetlinkEvent::FindParam(): Parameter 'UID' not found
07-04 13:04:54.740   844   844 E MediaBrowser: onConnectFailed for ComponentInfo{com.google.android.googlequicksearchbox/com.google.android.apps.gsa.staticplugins.mediabrowser.PodcastsMediaBrowserService}
07-04 13:04:54.773   545   683 E WifiStaIfaceAidlImpl: stopRssiMonitoring failed with service-specific exception: android.os.ServiceSpecificException:  (code 5)
07-04 13:04:54.862  1976  1976 E .android.as.oss: Not starting debugger since process cannot load the jdwp agent.
07-04 13:04:54.952   545   683 E WifiStaIfaceAidlImpl: installApfPacketFilter failed with service-specific exception: android.os.ServiceSpecificException:  (code 4)
07-04 13:04:54.970   358   414 E netd    : Error adding route ::/0 -> fe80::2 wlan0 to table 1016: File exists
07-04 13:04:54.978   545   683 E WifiStaIfaceAidlImpl: setDtimMultiplier failed with service-specific exception: android.os.ServiceSpecificException:  (code 4)
07-04 13:04:55.063  1403  2033 E AiAiTextClassifier: [TextClassifierLibProviderImpl]: Failed to load webref in TcLib, keeping the existing instance
07-04 13:04:55.063  1403  2033 E AiAiTextClassifier: knw: No downloadable or bundled packs are available.
07-04 13:04:55.063  1403  2033 E AiAiTextClassifier: 	at kns.a(PG:19)
07-04 13:04:55.063  1403  2033 E AiAiTextClassifier: 	at ims.b(PG:1)
07-04 13:04:55.063  1403  2033 E AiAiTextClassifier: 	at iob.h(PG:3)
07-04 13:04:55.063  1403  2033 E AiAiTextClassifier: 	at iob.a(PG:6)
07-04 13:04:55.063  1403  2033 E AiAiTextClassifier: 	at ilp.g(PG:1)
07-04 13:04:55.063  1403  2033 E AiAiTextClassifier: 	at ilo.run(PG:57)
07-04 13:04:55.063  1403  2033 E AiAiTextClassifier: 	at java.util.concurrent.Executors$RunnableAdapter.call(Executors.java:487)
07-04 13:04:55.063  1403  2033 E AiAiTextClassifier: 	at java.util.concurrent.FutureTask.run(FutureTask.java:264)
07-04 13:04:55.063  1403  2033 E AiAiTextClassifier: 	at java.util.concurrent.ScheduledThreadPoolExecutor$ScheduledFutureTask.run(ScheduledThreadPoolExecutor.java:307)
07-04 13:04:55.063  1403  2033 E AiAiTextClassifier: 	at java.util.concurrent.ThreadPoolExecutor.runWorker(ThreadPoolExecutor.java:1145)
07-04 13:04:55.063  1403  2033 E AiAiTextClassifier: 	at java.util.concurrent.ThreadPoolExecutor$Worker.run(ThreadPoolExecutor.java:644)
07-04 13:04:55.063  1403  2033 E AiAiTextClassifier: 	at dgq.run(PG:67)
07-04 13:04:55.063  1403  2033 E AiAiTextClassifier: 	at java.lang.Thread.run(Thread.java:1012)
07-04 13:04:55.106  1044  1609 E OpenGLRenderer: Unable to match the desired swap behavior.
07-04 13:04:55.162  1044  1840 E OneSearchSuggestProvider: Failed to fetch suggestions from AppSearch, fallback to AGA
07-04 13:04:55.162  1044  1840 E OneSearchSuggestProvider: java.util.concurrent.CompletionException: java.util.NoSuchElementException: No value present
07-04 13:04:55.162  1044  1840 E OneSearchSuggestProvider: 	at java.util.concurrent.CompletableFuture.encodeThrowable(CompletableFuture.java:308)
07-04 13:04:55.162  1044  1840 E OneSearchSuggestProvider: 	at java.util.concurrent.CompletableFuture.completeThrowable(CompletableFuture.java:323)
07-04 13:04:55.162  1044  1840 E OneSearchSuggestProvider: 	at java.util.concurrent.CompletableFuture$UniAccept.tryFire(CompletableFuture.java:684)
07-04 13:04:55.162  1044  1840 E OneSearchSuggestProvider: 	at java.util.concurrent.CompletableFuture.postComplete(CompletableFuture.java:486)
07-04 13:04:55.162  1044  1840 E OneSearchSuggestProvider: 	at java.util.concurrent.CompletableFuture.completeExceptionally(CompletableFuture.java:2138)
07-04 13:04:55.162  1044  1840 E OneSearchSuggestProvider: 	at com.google.android.apps.nexuslauncher.allapps.H0.onResult(Unknown Source:59)
07-04 13:04:55.162  1044  1840 E OneSearchSuggestProvider: 	at android.app.appsearch.SearchSessionUtil$1.lambda$onResult$0(SearchSessionUtil.java:129)
07-04 13:04:55.162  1044  1840 E OneSearchSuggestProvider: 	at android.app.appsearch.SearchSessionUtil$1.$r8$lambda$_nlk9WiPjSfaAsqKYmp0aPvSRC0(SearchSessionUtil.java:1)
07-04 13:04:55.162  1044  1840 E OneSearchSuggestProvider: 	at android.app.appsearch.SearchSessionUtil$1$$ExternalSyntheticLambda0.run(R8$$SyntheticClass:13)
07-04 13:04:55.162  1044  1840 E OneSearchSuggestProvider: 	at android.os.Handler.handleCallback(Handler.java:958)
07-04 13:04:55.162  1044  1840 E OneSearchSuggestProvider: 	at android.os.Handler.dispatchMessage(Handler.java:99)
07-04 13:04:55.162  1044  1840 E OneSearchSuggestProvider: 	at android.os.Looper.loopOnce(Looper.java:205)
07-04 13:04:55.162  1044  1840 E OneSearchSuggestProvider: 	at android.os.Looper.loop(Looper.java:294)
07-04 13:04:55.162  1044  1840 E OneSearchSuggestProvider: 	at android.os.HandlerThread.run(HandlerThread.java:67)
07-04 13:04:55.162  1044  1840 E OneSearchSuggestProvider: Caused by: java.util.NoSuchElementException: No value present
07-04 13:04:55.162  1044  1840 E OneSearchSuggestProvider: 	at java.util.Optional.get(Optional.java:144)
07-04 13:04:55.162  1044  1840 E OneSearchSuggestProvider: 	at com.google.android.apps.nexuslauncher.allapps.H0.onResult(Unknown Source:16)
07-04 13:04:55.162  1044  1840 E OneSearchSuggestProvider: 	... 8 more
07-04 13:04:55.209  1927  2034 E GmsClient: unable to connect to service: com.google.android.gms.gservices.START on com.google.android.gms
07-04 13:04:55.331  1409  1824 E BrdcstRcvrMsgr: SvcConn: binder null, could not send broadcast of action
07-04 13:04:55.402  2080  2080 E android.vending: Not starting debugger since process cannot load the jdwp agent.
07-04 13:04:55.421  2087  2087 E e.process.gapps: Not starting debugger since process cannot load the jdwp agent.
07-04 13:04:55.731  1403  1403 E AiAiWallpaperEffectsGen: Failed to load models from assets
07-04 13:04:55.731  1403  1403 E AiAiWallpaperEffectsGen: java.io.FileNotFoundException: midasnet_mobilenetv2_dptmqn_dec128_full_082421_384_384_fp16_opt.tflite
07-04 13:04:55.731  1403  1403 E AiAiWallpaperEffectsGen: 	at android.content.res.AssetManager.nativeOpenAsset(Native Method)
07-04 13:04:55.731  1403  1403 E AiAiWallpaperEffectsGen: 	at android.content.res.AssetManager.open(AssetManager.java:904)
07-04 13:04:55.731  1403  1403 E AiAiWallpaperEffectsGen: 	at android.content.res.AssetManager.open(AssetManager.java:881)
07-04 13:04:55.731  1403  1403 E AiAiWallpaperEffectsGen: 	at jfj.f(PG:1)
07-04 13:04:55.731  1403  1403 E AiAiWallpaperEffectsGen: 	at jfj.e(PG:3)
07-04 13:04:55.731  1403  1403 E AiAiWallpaperEffectsGen: 	at jfj.<init>(PG:4)
07-04 13:04:55.731  1403  1403 E AiAiWallpaperEffectsGen: 	at bty.l(PG:90)
07-04 13:04:55.731  1403  1403 E AiAiWallpaperEffectsGen: 	at bty.a(PG:213)
07-04 13:04:55.731  1403  1403 E AiAiWallpaperEffectsGen: 	at qbx.a(PG:1)
07-04 13:04:55.731  1403  1403 E AiAiWallpaperEffectsGen: 	at bty.l(PG:91)
07-04 13:04:55.731  1403  1403 E AiAiWallpaperEffectsGen: 	at bty.a(PG:213)
07-04 13:04:55.731  1403  1403 E AiAiWallpaperEffectsGen: 	at qbx.a(PG:1)
07-04 13:04:55.731  1403  1403 E AiAiWallpaperEffectsGen: 	at fxy.onCreate(PG:5)
07-04 13:04:55.731  1403  1403 E AiAiWallpaperEffectsGen: 	at android.app.ActivityThread.handleCreateService(ActivityThread.java:4651)
07-04 13:04:55.731  1403  1403 E AiAiWallpaperEffectsGen: 	at android.app.ActivityThread.-$$Nest$mhandleCreateService(Unknown Source:0)
07-04 13:04:55.731  1403  1403 E AiAiWallpaperEffectsGen: 	at android.app.ActivityThread$H.handleMessage(ActivityThread.java:2264)
07-04 13:04:55.731  1403  1403 E AiAiWallpaperEffectsGen: 	at android.os.Handler.dispatchMessage(Handler.java:106)
07-04 13:04:55.731  1403  1403 E AiAiWallpaperEffectsGen: 	at android.os.Looper.loopOnce(Looper.java:205)
07-04 13:04:55.731  1403  1403 E AiAiWallpaperEffectsGen: 	at android.os.Looper.loop(Looper.java:294)
07-04 13:04:55.731  1403  1403 E AiAiWallpaperEffectsGen: 	at android.app.ActivityThread.main(ActivityThread.java:8177)
07-04 13:04:55.731  1403  1403 E AiAiWallpaperEffectsGen: 	at java.lang.reflect.Method.invoke(Native Method)
07-04 13:04:55.731  1403  1403 E AiAiWallpaperEffectsGen: 	at com.android.internal.os.RuntimeInit$MethodAndArgsCaller.run(RuntimeInit.java:552)
07-04 13:04:55.731  1403  1403 E AiAiWallpaperEffectsGen: 	at com.android.internal.os.ZygoteInit.main(ZygoteInit.java:971)
07-04 13:04:56.066  1044  1609 E FrameEvents: updateAcquireFence: Did not find frame.
07-04 13:04:56.084   809   922 E SystemServiceRegistry: No service published for: ethernet
07-04 13:04:56.084   809   922 E SystemServiceRegistry: android.os.ServiceManager$ServiceNotFoundException: No service published for: ethernet
07-04 13:04:56.084   809   922 E SystemServiceRegistry: 	at android.os.ServiceManager.getServiceOrThrow(ServiceManager.java:166)
07-04 13:04:56.084   809   922 E SystemServiceRegistry: 	at android.app.SystemServiceRegistry$139.createService(SystemServiceRegistry.java:1872)
07-04 13:04:56.084   809   922 E SystemServiceRegistry: 	at android.app.SystemServiceRegistry$CachedServiceFetcher.getService(SystemServiceRegistry.java:1971)
07-04 13:04:56.084   809   922 E SystemServiceRegistry: 	at android.app.SystemServiceRegistry.getSystemService(SystemServiceRegistry.java:1645)
07-04 13:04:56.084   809   922 E SystemServiceRegistry: 	at android.app.ContextImpl.getSystemService(ContextImpl.java:2212)
07-04 13:04:56.084   809   922 E SystemServiceRegistry: 	at android.content.ContextWrapper.getSystemService(ContextWrapper.java:934)
07-04 13:04:56.084   809   922 E SystemServiceRegistry: 	at com.android.networkstack.tethering.Tethering.isEthernetSupported(Tethering.java:1582)
07-04 13:04:56.084   809   922 E SystemServiceRegistry: 	at com.android.networkstack.tethering.Tethering.makeSupportedDownstreams(Tethering.java:2550)
07-04 13:04:56.084   809   922 E SystemServiceRegistry: 	at com.android.networkstack.tethering.Tethering.updateSupportedDownstreams(Tethering.java:2524)
07-04 13:04:56.084   809   922 E SystemServiceRegistry: 	at com.android.networkstack.tethering.Tethering.updateConfiguration(Tethering.java:546)
07-04 13:04:56.084   809   922 E SystemServiceRegistry: 	at com.android.networkstack.tethering.Tethering.lambda$new$3(Tethering.java:345)
07-04 13:04:56.084   809   922 E SystemServiceRegistry: 	at com.android.networkstack.tethering.Tethering.$r8$lambda$bts3FsOwVdwDhrwMjvAr9kV3Jgs(Tethering.java:0)
07-04 13:04:56.084   809   922 E SystemServiceRegistry: 	at com.android.networkstack.tethering.Tethering$$ExternalSyntheticLambda7.accept(R8$$SyntheticClass:0)
07-04 13:04:56.084   809   922 E SystemServiceRegistry: 	at com.android.networkstack.tethering.util.VersionedBroadcastListener$Receiver.onReceive(VersionedBroadcastListener.java:103)
07-04 13:04:56.084   809   922 E SystemServiceRegistry: 	at android.app.LoadedApk$ReceiverDispatcher$Args.lambda$getRunnable$0(LoadedApk.java:1802)
07-04 13:04:56.084   809   922 E SystemServiceRegistry: 	at android.app.LoadedApk$ReceiverDispatcher$Args.$r8$lambda$gDuJqgxY6Zb-ifyeubKeivTLAwk(Unknown Source:0)
07-04 13:04:56.084   809   922 E SystemServiceRegistry: 	at android.app.LoadedApk$ReceiverDispatcher$Args$$ExternalSyntheticLambda0.run(Unknown Source:2)
07-04 13:04:56.084   809   922 E SystemServiceRegistry: 	at android.os.Handler.handleCallback(Handler.java:958)
07-04 13:04:56.084   809   922 E SystemServiceRegistry: 	at android.os.Handler.dispatchMessage(Handler.java:99)
07-04 13:04:56.084   809   922 E SystemServiceRegistry: 	at android.os.Looper.loopOnce(Looper.java:205)
07-04 13:04:56.084   809   922 E SystemServiceRegistry: 	at android.os.Looper.loop(Looper.java:294)
07-04 13:04:56.084   809   922 E SystemServiceRegistry: 	at android.os.HandlerThread.run(HandlerThread.java:67)
07-04 13:04:56.232   844   844 E BrowsedPlayerWrapper: BrowserSubscriptionCallback: Could not get folder items
07-04 13:04:56.256  2189  2189 E .apps.wallpaper: Not starting debugger since process cannot load the jdwp agent.
07-04 13:04:56.320  1403  2027 E AiAiEcho: Reading elements from Geller failed with cause
07-04 13:04:56.320  1403  2027 E AiAiEcho: esy: Code: UNKNOWN, Message: Geller data fetch is not enabled
07-04 13:04:56.320  1403  2027 E AiAiEcho: 	at etd.a(PG:1)
07-04 13:04:56.320  1403  2027 E AiAiEcho: 	at glo.b(PG:4)
07-04 13:04:56.320  1403  2027 E AiAiEcho: 	at qyc.e(PG:4)
07-04 13:04:56.320  1403  2027 E AiAiEcho: 	at reo.run(PG:8)
07-04 13:04:56.320  1403  2027 E AiAiEcho: 	at java.util.concurrent.Executors$RunnableAdapter.call(Executors.java:487)
07-04 13:04:56.320  1403  2027 E AiAiEcho: 	at java.util.concurrent.FutureTask.run(FutureTask.java:264)
07-04 13:04:56.320  1403  2027 E AiAiEcho: 	at java.util.concurrent.ScheduledThreadPoolExecutor$ScheduledFutureTask.run(ScheduledThreadPoolExecutor.java:307)
07-04 13:04:56.320  1403  2027 E AiAiEcho: 	at java.util.concurrent.ThreadPoolExecutor.runWorker(ThreadPoolExecutor.java:1145)
07-04 13:04:56.320  1403  2027 E AiAiEcho: 	at java.util.concurrent.ThreadPoolExecutor$Worker.run(ThreadPoolExecutor.java:644)
07-04 13:04:56.320  1403  2027 E AiAiEcho: 	at dgq.run(PG:67)
07-04 13:04:56.320  1403  2027 E AiAiEcho: 	at java.lang.Thread.run(Thread.java:1012)
07-04 13:04:56.474  2262  2262 E viceentitlement: Not starting debugger since process cannot load the jdwp agent.
07-04 13:04:56.586  2325  2325 E .apps.messaging: Not starting debugger since process cannot load the jdwp agent.
07-04 13:04:56.936   761   761 E KeyguardUpdateMonitorLog: Object tried to add another callback
07-04 13:04:56.936   761   761 E KeyguardUpdateMonitorLog: java.lang.Exception: Called by
07-04 13:04:56.936   761   761 E KeyguardUpdateMonitorLog: 	at com.android.keyguard.KeyguardUpdateMonitor.registerCallback(go/retraceme a73edba7e9fb2bbd2747c8d4c475588455b7e81b0cea45cc71c2bac0e3d9e61c:38)
07-04 13:04:56.936   761   761 E KeyguardUpdateMonitorLog: 	at com.android.keyguard.CarrierTextManager$$ExternalSyntheticLambda0.run(go/retraceme a73edba7e9fb2bbd2747c8d4c475588455b7e81b0cea45cc71c2bac0e3d9e61c:35)
07-04 13:04:56.936   761   761 E KeyguardUpdateMonitorLog: 	at android.os.Handler.handleCallback(Handler.java:958)
07-04 13:04:56.936   761   761 E KeyguardUpdateMonitorLog: 	at android.os.Handler.dispatchMessage(Handler.java:99)
07-04 13:04:56.936   761   761 E KeyguardUpdateMonitorLog: 	at android.os.Looper.loopOnce(Looper.java:205)
07-04 13:04:56.936   761   761 E KeyguardUpdateMonitorLog: 	at android.os.Looper.loop(Looper.java:294)
07-04 13:04:56.936   761   761 E KeyguardUpdateMonitorLog: 	at android.app.ActivityThread.main(ActivityThread.java:8177)
07-04 13:04:56.936   761   761 E KeyguardUpdateMonitorLog: 	at java.lang.reflect.Method.invoke(Native Method)
07-04 13:04:56.936   761   761 E KeyguardUpdateMonitorLog: 	at com.android.internal.os.RuntimeInit$MethodAndArgsCaller.run(RuntimeInit.java:552)
07-04 13:04:56.936   761   761 E KeyguardUpdateMonitorLog: 	at com.android.internal.os.ZygoteInit.main(ZygoteInit.java:971)
07-04 13:04:56.936   761   761 E KeyguardUpdateMonitorLog: Object tried to add another callback
07-04 13:04:56.936   761   761 E KeyguardUpdateMonitorLog: java.lang.Exception: Called by
07-04 13:04:56.936   761   761 E KeyguardUpdateMonitorLog: 	at com.android.keyguard.KeyguardUpdateMonitor.registerCallback(go/retraceme a73edba7e9fb2bbd2747c8d4c475588455b7e81b0cea45cc71c2bac0e3d9e61c:38)
07-04 13:04:56.936   761   761 E KeyguardUpdateMonitorLog: 	at com.android.keyguard.CarrierTextManager$$ExternalSyntheticLambda0.run(go/retraceme a73edba7e9fb2bbd2747c8d4c475588455b7e81b0cea45cc71c2bac0e3d9e61c:35)
07-04 13:04:56.936   761   761 E KeyguardUpdateMonitorLog: 	at android.os.Handler.handleCallback(Handler.java:958)
07-04 13:04:56.936   761   761 E KeyguardUpdateMonitorLog: 	at android.os.Handler.dispatchMessage(Handler.java:99)
07-04 13:04:56.936   761   761 E KeyguardUpdateMonitorLog: 	at android.os.Looper.loopOnce(Looper.java:205)
07-04 13:04:56.936   761   761 E KeyguardUpdateMonitorLog: 	at android.os.Looper.loop(Looper.java:294)
07-04 13:04:56.936   761   761 E KeyguardUpdateMonitorLog: 	at android.app.ActivityThread.main(ActivityThread.java:8177)
07-04 13:04:56.936   761   761 E KeyguardUpdateMonitorLog: 	at java.lang.reflect.Method.invoke(Native Method)
07-04 13:04:56.936   761   761 E KeyguardUpdateMonitorLog: 	at com.android.internal.os.RuntimeInit$MethodAndArgsCaller.run(RuntimeInit.java:552)
07-04 13:04:56.936   761   761 E KeyguardUpdateMonitorLog: 	at com.android.internal.os.ZygoteInit.main(ZygoteInit.java:971)
07-04 13:04:57.094   545   683 E WifiDataStall: onDataConnectionStateChanged unexpected State: 1
07-04 13:04:57.096   545   683 E MboOceController: onDataConnectionStateChanged unexpected State: 1
07-04 13:04:57.276  1580  1580 E YT.mlplayer: setDefaultLoudnessTargetPreferenceState
07-04 13:04:57.281  1580  1580 E MediaViewAttachmentCont: Trying to detachMediaView when it wasn't the most recent MediaView Setter
07-04 13:04:57.405   545  2490 E GnssPsdsDownloader: No Long-Term PSDS servers were specified in the GnssConfiguration
07-04 13:04:57.493  1617  1617 E YT.mlplayer: setDefaultLoudnessTargetPreferenceState
